Archive member included to satisfy reference by file (symbol)

D:/msys64/mingw64/bin/../lib/gcc/arm-none-eabi/13.3.0/../../../../arm-none-eabi/lib/thumb/v7e-m+fp/hard\libc_nano.a(libc_a-atexit.o)
                              D:/msys64/mingw64/bin/../lib/gcc/arm-none-eabi/13.3.0/../../../../arm-none-eabi/lib/thumb/v7e-m+fp/hard/crt0.o (atexit)
D:/msys64/mingw64/bin/../lib/gcc/arm-none-eabi/13.3.0/../../../../arm-none-eabi/lib/thumb/v7e-m+fp/hard\libc_nano.a(libc_a-exit.o)
                              D:/msys64/mingw64/bin/../lib/gcc/arm-none-eabi/13.3.0/../../../../arm-none-eabi/lib/thumb/v7e-m+fp/hard/crt0.o (exit)
D:/msys64/mingw64/bin/../lib/gcc/arm-none-eabi/13.3.0/../../../../arm-none-eabi/lib/thumb/v7e-m+fp/hard\libc_nano.a(libc_a-findfp.o)
                              D:/msys64/mingw64/bin/../lib/gcc/arm-none-eabi/13.3.0/../../../../arm-none-eabi/lib/thumb/v7e-m+fp/hard\libc_nano.a(libc_a-exit.o) (__stdio_exit_handler)
D:/msys64/mingw64/bin/../lib/gcc/arm-none-eabi/13.3.0/../../../../arm-none-eabi/lib/thumb/v7e-m+fp/hard\libc_nano.a(libc_a-fwalk.o)
                              D:/msys64/mingw64/bin/../lib/gcc/arm-none-eabi/13.3.0/../../../../arm-none-eabi/lib/thumb/v7e-m+fp/hard\libc_nano.a(libc_a-findfp.o) (_fwalk_sglue)
D:/msys64/mingw64/bin/../lib/gcc/arm-none-eabi/13.3.0/../../../../arm-none-eabi/lib/thumb/v7e-m+fp/hard\libc_nano.a(libc_a-stdio.o)
                              D:/msys64/mingw64/bin/../lib/gcc/arm-none-eabi/13.3.0/../../../../arm-none-eabi/lib/thumb/v7e-m+fp/hard\libc_nano.a(libc_a-findfp.o) (__sread)
D:/msys64/mingw64/bin/../lib/gcc/arm-none-eabi/13.3.0/../../../../arm-none-eabi/lib/thumb/v7e-m+fp/hard\libc_nano.a(libc_a-memset.o)
                              D:/msys64/mingw64/bin/../lib/gcc/arm-none-eabi/13.3.0/../../../../arm-none-eabi/lib/thumb/v7e-m+fp/hard/crt0.o (memset)
D:/msys64/mingw64/bin/../lib/gcc/arm-none-eabi/13.3.0/../../../../arm-none-eabi/lib/thumb/v7e-m+fp/hard\libc_nano.a(libc_a-closer.o)
                              D:/msys64/mingw64/bin/../lib/gcc/arm-none-eabi/13.3.0/../../../../arm-none-eabi/lib/thumb/v7e-m+fp/hard\libc_nano.a(libc_a-stdio.o) (_close_r)
D:/msys64/mingw64/bin/../lib/gcc/arm-none-eabi/13.3.0/../../../../arm-none-eabi/lib/thumb/v7e-m+fp/hard\libc_nano.a(libc_a-reent.o)
                              D:/msys64/mingw64/bin/../lib/gcc/arm-none-eabi/13.3.0/../../../../arm-none-eabi/lib/thumb/v7e-m+fp/hard\libc_nano.a(libc_a-closer.o) (errno)
D:/msys64/mingw64/bin/../lib/gcc/arm-none-eabi/13.3.0/../../../../arm-none-eabi/lib/thumb/v7e-m+fp/hard\libc_nano.a(libc_a-impure.o)
                              D:/msys64/mingw64/bin/../lib/gcc/arm-none-eabi/13.3.0/../../../../arm-none-eabi/lib/thumb/v7e-m+fp/hard\libc_nano.a(libc_a-reent.o) (_impure_ptr)
D:/msys64/mingw64/bin/../lib/gcc/arm-none-eabi/13.3.0/../../../../arm-none-eabi/lib/thumb/v7e-m+fp/hard\libc_nano.a(libc_a-lseekr.o)
                              D:/msys64/mingw64/bin/../lib/gcc/arm-none-eabi/13.3.0/../../../../arm-none-eabi/lib/thumb/v7e-m+fp/hard\libc_nano.a(libc_a-stdio.o) (_lseek_r)
D:/msys64/mingw64/bin/../lib/gcc/arm-none-eabi/13.3.0/../../../../arm-none-eabi/lib/thumb/v7e-m+fp/hard\libc_nano.a(libc_a-readr.o)
                              D:/msys64/mingw64/bin/../lib/gcc/arm-none-eabi/13.3.0/../../../../arm-none-eabi/lib/thumb/v7e-m+fp/hard\libc_nano.a(libc_a-stdio.o) (_read_r)
D:/msys64/mingw64/bin/../lib/gcc/arm-none-eabi/13.3.0/../../../../arm-none-eabi/lib/thumb/v7e-m+fp/hard\libc_nano.a(libc_a-writer.o)
                              D:/msys64/mingw64/bin/../lib/gcc/arm-none-eabi/13.3.0/../../../../arm-none-eabi/lib/thumb/v7e-m+fp/hard\libc_nano.a(libc_a-stdio.o) (_write_r)
D:/msys64/mingw64/bin/../lib/gcc/arm-none-eabi/13.3.0/../../../../arm-none-eabi/lib/thumb/v7e-m+fp/hard\libc_nano.a(libc_a-errno.o)
                              build/sysmem.o (__errno)
D:/msys64/mingw64/bin/../lib/gcc/arm-none-eabi/13.3.0/../../../../arm-none-eabi/lib/thumb/v7e-m+fp/hard\libc_nano.a(libc_a-init.o)
                              D:/msys64/mingw64/bin/../lib/gcc/arm-none-eabi/13.3.0/../../../../arm-none-eabi/lib/thumb/v7e-m+fp/hard/crt0.o (__libc_init_array)
D:/msys64/mingw64/bin/../lib/gcc/arm-none-eabi/13.3.0/../../../../arm-none-eabi/lib/thumb/v7e-m+fp/hard\libc_nano.a(libc_a-fini.o)
                              D:/msys64/mingw64/bin/../lib/gcc/arm-none-eabi/13.3.0/../../../../arm-none-eabi/lib/thumb/v7e-m+fp/hard/crt0.o (__libc_fini_array)
D:/msys64/mingw64/bin/../lib/gcc/arm-none-eabi/13.3.0/../../../../arm-none-eabi/lib/thumb/v7e-m+fp/hard\libc_nano.a(libc_a-lock.o)
                              D:/msys64/mingw64/bin/../lib/gcc/arm-none-eabi/13.3.0/../../../../arm-none-eabi/lib/thumb/v7e-m+fp/hard\libc_nano.a(libc_a-findfp.o) (__retarget_lock_init_recursive)
D:/msys64/mingw64/bin/../lib/gcc/arm-none-eabi/13.3.0/../../../../arm-none-eabi/lib/thumb/v7e-m+fp/hard\libc_nano.a(libc_a-memcpy.o)
                              build/queue.o (memcpy)
[...]
Memory Configuration

Name             Origin             Length             Attributes
RAM              0x20000000         0x00020000         xrw
CCMRAM           0x10000000         0x00010000         xrw
FLASH            0x08000000         0x00100000         xr
*default*        0x00000000         0xffffffff

Linker script and memory map

LOAD D:/msys64/mingw64/bin/../lib/gcc/arm-none-eabi/13.3.0/thumb/v7e-m+fp/hard/crti.o
LOAD D:/msys64/mingw64/bin/../lib/gcc/arm-none-eabi/13.3.0/thumb/v7e-m+fp/hard/crtbegin.o
LOAD D:/msys64/mingw64/bin/../lib/gcc/arm-none-eabi/13.3.0/../../../../arm-none-eabi/lib/thumb/v7e-m+fp/hard/crt0.o
LOAD build/main.o
LOAD build/gpio.o
LOAD build/spi.o
LOAD build/stm32f4xx_it.o
LOAD build/stm32f4xx_hal_msp.o
LOAD build/stm32f4xx_hal_spi.o
LOAD build/stm32f4xx_hal_rcc.o
LOAD build/stm32f4xx_hal_rcc_ex.o
LOAD build/stm32f4xx_hal_flash.o
LOAD build/stm32f4xx_hal_flash_ex.o
LOAD build/stm32f4xx_hal_flash_ramfunc.o
LOAD build/stm32f4xx_hal_gpio.o
LOAD build/stm32f4xx_hal_dma_ex.o
LOAD build/stm32f4xx_hal_dma.o
LOAD build/stm32f4xx_hal_pwr.o
LOAD build/stm32f4xx_hal_pwr_ex.o
LOAD build/stm32f4xx_hal_cortex.o
LOAD build/stm32f4xx_hal.o
LOAD build/stm32f4xx_hal_exti.o
LOAD build/stm32f4xx_hal_tim.o
LOAD build/stm32f4xx_hal_tim_ex.o
LOAD build/system_stm32f4xx.o
LOAD build/sysmem.o
LOAD build/syscalls.o
LOAD build/bmi088.o
LOAD build/dma.o
LOAD build/freertos.o
LOAD build/stm32f4xx_hal_timebase_tim.o
LOAD build/croutine.o
LOAD build/event_groups.o
LOAD build/list.o
LOAD build/queue.o
LOAD build/stream_buffer.o
LOAD build/tasks.o
LOAD build/timers.o
LOAD build/cmsis_os2.o
LOAD build/heap_4.o
LOAD build/port.o
LOAD build/startup_stm32f407xx.o
LOAD D:/msys64/mingw64/bin/../lib/gcc/arm-none-eabi/13.3.0/../../../../arm-none-eabi/lib/thumb/v7e-m+fp/hard\libc_nano.a
LOAD D:/msys64/mingw64/bin/../lib/gcc/arm-none-eabi/13.3.0/../../../../arm-none-eabi/lib/thumb/v7e-m+fp/hard\libm.a
LOAD D:/msys64/mingw64/bin/../lib/gcc/arm-none-eabi/13.3.0/../../../../arm-none-eabi/lib/thumb/v7e-m+fp/hard\libnosys.a
START GROUP
LOAD D:/msys64/mingw64/bin/../lib/gcc/arm-none-eabi/13.3.0/thumb/v7e-m+fp/hard\libgcc.a
LOAD D:/msys64/mingw64/bin/../lib/gcc/arm-none-eabi/13.3.0/../../../../arm-none-eabi/lib/thumb/v7e-m+fp/hard\libc_nano.a
END GROUP
START GROUP
LOAD D:/msys64/mingw64/bin/../lib/gcc/arm-none-eabi/13.3.0/thumb/v7e-m+fp/hard\libgcc.a
LOAD D:/msys64/mingw64/bin/../lib/gcc/arm-none-eabi/13.3.0/../../../../arm-none-eabi/lib/thumb/v7e-m+fp/hard\libc_nano.a
END GROUP
LOAD D:/msys64/mingw64/bin/../lib/gcc/arm-none-eabi/13.3.0/thumb/v7e-m+fp/hard/crtend.o
LOAD D:/msys64/mingw64/bin/../lib/gcc/arm-none-eabi/13.3.0/thumb/v7e-m+fp/hard/crtn.o
                0x20020000                        _estack = (ORIGIN (RAM) + LENGTH (RAM))
                0x00000200                        _Min_Heap_Size = 0x200
                0x00000400                        _Min_Stack_Size = 0x400

.isr_vector     0x08000000      0x188
                0x08000000                        . = ALIGN (0x4)
 *(.isr_vector)
 .isr_vector    0x08000000      0x188 build/startup_stm32f407xx.o
                0x08000000                g_pfnVectors
                0x08000188                        . = ALIGN (0x4)

.text           0x08000190     0x44a8
                0x08000190                        . = ALIGN (0x4)
 *(.text)
 .text          0x08000190       0xa4 D:/msys64/mingw64/bin/../lib/gcc/arm-none-eabi/13.3.0/../../../../arm-none-eabi/lib/thumb/v7e-m+fp/hard\libc_nano.a(libc_a-memset.o)
                0x08000190                memset
 .text          0x08000234       0x50 D:/msys64/mingw64/bin/../lib/gcc/arm-none-eabi/13.3.0/../../../../arm-none-eabi/lib/thumb/v7e-m+fp/hard\libc_nano.a(libc_a-init.o)
                0x08000234                __libc_init_array
 .text          0x08000284      0x134 D:/msys64/mingw64/bin/../lib/gcc/arm-none-eabi/13.3.0/../../../../arm-none-eabi/lib/thumb/v7e-m+fp/hard\libc_nano.a(libc_a-memcpy.o)
                0x08000284                memcpy
 .text          0x080003b8       0x30 D:/msys64/mingw64/bin/../lib/gcc/arm-none-eabi/13.3.0/thumb/v7e-m+fp/hard\libgcc.a(_aeabi_uldivmod.o)
                0x080003b8                __aeabi_uldivmod
 .text          0x080003e8        0x4 D:/msys64/mingw64/bin/../lib/gcc/arm-none-eabi/13.3.0/thumb/v7e-m+fp/hard\libgcc.a(_dvmd_tls.o)
                0x080003e8                __aeabi_idiv0
                0x080003e8                __aeabi_ldiv0
 *(.text*)
 .text.__do_global_dtors_aux
                0x080003ec       0x24 D:/msys64/mingw64/bin/../lib/gcc/arm-none-eabi/13.3.0/thumb/v7e-m+fp/hard/crtbegin.o
 .text.frame_dummy
                0x08000410       0x1c D:/msys64/mingw64/bin/../lib/gcc/arm-none-eabi/13.3.0/thumb/v7e-m+fp/hard/crtbegin.o
 .text.HAL_TIM_PeriodElapsedCallback
                0x0800042c       0x18 build/main.o
                0x0800042c                HAL_TIM_PeriodElapsedCallback
 .text.Error_Handler
                0x08000444        0x4 build/main.o
                0x08000444                Error_Handler
 .text.SystemClock_Config
                0x08000448       0xa8 build/main.o
                0x08000448                SystemClock_Config
 .text.main     0x080004f0       0x3a build/main.o
                0x080004f0                main
 *fill*         0x0800052a        0x2 
 .text.MX_GPIO_Init
                0x0800052c       0x9c build/gpio.o
                0x0800052c                MX_GPIO_Init
 .text.MX_SPI1_Init
                0x080005c8       0x48 build/spi.o
                0x080005c8                MX_SPI1_Init
 .text.HAL_SPI_MspInit
                0x08000610      0x12c build/spi.o
                0x08000610                HAL_SPI_MspInit
 .text.NMI_Handler
                0x0800073c        0x2 build/stm32f4xx_it.o
                0x0800073c                NMI_Handler
 .text.HardFault_Handler
                0x0800073e        0x2 build/stm32f4xx_it.o
                0x0800073e                HardFault_Handler
 .text.MemManage_Handler
                0x08000740        0x2 build/stm32f4xx_it.o
                0x08000740                MemManage_Handler
 .text.BusFault_Handler
                0x08000742        0x2 build/stm32f4xx_it.o
                0x08000742                BusFault_Handler
 .text.UsageFault_Handler
                0x08000744        0x2 build/stm32f4xx_it.o
                0x08000744                UsageFault_Handler
 .text.DebugMon_Handler
                0x08000746        0x2 build/stm32f4xx_it.o
                0x08000746                DebugMon_Handler
 .text.SPI1_IRQHandler
                0x08000748       0x10 build/stm32f4xx_it.o
                0x08000748                SPI1_IRQHandler
 .text.TIM7_IRQHandler
                0x08000758       0x10 build/stm32f4xx_it.o
                0x08000758                TIM7_IRQHandler
 .text.DMA2_Stream0_IRQHandler
                0x08000768       0x10 build/stm32f4xx_it.o
                0x08000768                DMA2_Stream0_IRQHandler
 .text.DMA2_Stream3_IRQHandler
                0x08000778       0x10 build/stm32f4xx_it.o
                0x08000778                DMA2_Stream3_IRQHandler
 .text.HAL_MspInit
                0x08000788       0x44 build/stm32f4xx_hal_msp.o
                0x08000788                HAL_MspInit
 .text.SPI_WaitFlagStateUntilTimeout
                0x080007cc       0xc8 build/stm32f4xx_hal_spi.o
 .text.SPI_EndRxTxTransaction
                0x08000894       0x80 build/stm32f4xx_hal_spi.o
 .text.SPI_EndRxTransaction
                0x08000914       0x8c build/stm32f4xx_hal_spi.o
 .text.HAL_SPI_Init
                0x080009a0       0xbe build/stm32f4xx_hal_spi.o
                0x080009a0                HAL_SPI_Init
 .text.HAL_SPI_Transmit
                0x08000a5e      0x1c4 build/stm32f4xx_hal_spi.o
                0x08000a5e                HAL_SPI_Transmit
 .text.HAL_SPI_TransmitReceive
                0x08000c22      0x254 build/stm32f4xx_hal_spi.o
                0x08000c22                HAL_SPI_TransmitReceive
 .text.HAL_SPI_Receive
                0x08000e76      0x188 build/stm32f4xx_hal_spi.o
                0x08000e76                HAL_SPI_Receive
 .text.HAL_SPI_ErrorCallback
                0x08000ffe        0x2 build/stm32f4xx_hal_spi.o
                0x08000ffe                HAL_SPI_ErrorCallback
 .text.HAL_SPI_IRQHandler
                0x08001000      0x124 build/stm32f4xx_hal_spi.o
                0x08001000                HAL_SPI_IRQHandler
 .text.SPI_DMAAbortOnError
                0x08001124       0x10 build/stm32f4xx_hal_spi.o
 .text.HAL_SPI_GetState
                0x08001134        0x6 build/stm32f4xx_hal_spi.o
                0x08001134                HAL_SPI_GetState
 *fill*         0x0800113a        0x2 
 .text.HAL_RCC_OscConfig
                0x0800113c      0x3f8 build/stm32f4xx_hal_rcc.o
                0x0800113c                HAL_RCC_OscConfig
 .text.HAL_RCC_GetSysClockFreq
                0x08001534       0xa8 build/stm32f4xx_hal_rcc.o
                0x08001534                HAL_RCC_GetSysClockFreq
 .text.HAL_RCC_ClockConfig
                0x080015dc      0x160 build/stm32f4xx_hal_rcc.o
                0x080015dc                HAL_RCC_ClockConfig
 .text.HAL_RCC_GetHCLKFreq
                0x0800173c        0xc build/stm32f4xx_hal_rcc.o
                0x0800173c                HAL_RCC_GetHCLKFreq
 .text.HAL_RCC_GetPCLK1Freq
                0x08001748       0x20 build/stm32f4xx_hal_rcc.o
                0x08001748                HAL_RCC_GetPCLK1Freq
 .text.HAL_RCC_GetClockConfig
                0x08001768       0x3c build/stm32f4xx_hal_rcc.o
                0x08001768                HAL_RCC_GetClockConfig
 .text.HAL_GPIO_Init
                0x080017a4      0x1ec build/stm32f4xx_hal_gpio.o
                0x080017a4                HAL_GPIO_Init
 .text.HAL_GPIO_WritePin
                0x08001990        0xc build/stm32f4xx_hal_gpio.o
                0x08001990                HAL_GPIO_WritePin
 .text.DMA_CalcBaseAndBitshift
                0x0800199c       0x3c build/stm32f4xx_hal_dma.o
 .text.DMA_CheckFifoParam
                0x080019d8       0x8e build/stm32f4xx_hal_dma.o
 *fill*         0x08001a66        0x2 
 .text.HAL_DMA_Init
                0x08001a68       0xcc build/stm32f4xx_hal_dma.o
                0x08001a68                HAL_DMA_Init
 .text.HAL_DMA_Abort_IT
                0x08001b34       0x26 build/stm32f4xx_hal_dma.o
                0x08001b34                HAL_DMA_Abort_IT
 *fill*         0x08001b5a        0x2 
 .text.HAL_DMA_IRQHandler
                0x08001b5c      0x1dc build/stm32f4xx_hal_dma.o
                0x08001b5c                HAL_DMA_IRQHandler
 .text.__NVIC_EnableIRQ
                0x08001d38       0x1c build/stm32f4xx_hal_cortex.o
 .text.__NVIC_SetPriority
                0x08001d54       0x28 build/stm32f4xx_hal_cortex.o
 .text.NVIC_EncodePriority
                0x08001d7c       0x3e build/stm32f4xx_hal_cortex.o
 *fill*         0x08001dba        0x2 
 .text.HAL_NVIC_SetPriorityGrouping
                0x08001dbc       0x24 build/stm32f4xx_hal_cortex.o
                0x08001dbc                HAL_NVIC_SetPriorityGrouping
 .text.HAL_NVIC_SetPriority
                0x08001de0       0x20 build/stm32f4xx_hal_cortex.o
                0x08001de0                HAL_NVIC_SetPriority
 .text.HAL_NVIC_EnableIRQ
                0x08001e00        0x8 build/stm32f4xx_hal_cortex.o
                0x08001e00                HAL_NVIC_EnableIRQ
 .text.HAL_Init
                0x08001e08       0x34 build/stm32f4xx_hal.o
                0x08001e08                HAL_Init
 .text.HAL_IncTick
                0x08001e3c       0x18 build/stm32f4xx_hal.o
                0x08001e3c                HAL_IncTick
 .text.HAL_GetTick
                0x08001e54        0xc build/stm32f4xx_hal.o
                0x08001e54                HAL_GetTick
 .text.HAL_Delay
                0x08001e60       0x28 build/stm32f4xx_hal.o
                0x08001e60                HAL_Delay
 .text.HAL_TIM_Base_MspInit
                0x08001e88        0x2 build/stm32f4xx_hal_tim.o
                0x08001e88                HAL_TIM_Base_MspInit
 *fill*         0x08001e8a        0x2 
 .text.HAL_TIM_Base_Start_IT
                0x08001e8c       0x88 build/stm32f4xx_hal_tim.o
                0x08001e8c                HAL_TIM_Base_Start_IT
 .text.HAL_TIM_OC_DelayElapsedCallback
                0x08001f14        0x2 build/stm32f4xx_hal_tim.o
                0x08001f14                HAL_TIM_OC_DelayElapsedCallback
 .text.HAL_TIM_IC_CaptureCallback
                0x08001f16        0x2 build/stm32f4xx_hal_tim.o
                0x08001f16                HAL_TIM_IC_CaptureCallback
 .text.HAL_TIM_PWM_PulseFinishedCallback
                0x08001f18        0x2 build/stm32f4xx_hal_tim.o
                0x08001f18                HAL_TIM_PWM_PulseFinishedCallback
 .text.HAL_TIM_TriggerCallback
                0x08001f1a        0x2 build/stm32f4xx_hal_tim.o
                0x08001f1a                HAL_TIM_TriggerCallback
 .text.HAL_TIM_IRQHandler
                0x08001f1c      0x15e build/stm32f4xx_hal_tim.o
                0x08001f1c                HAL_TIM_IRQHandler
 *fill*         0x0800207a        0x2 
 .text.TIM_Base_SetConfig
                0x0800207c       0xd8 build/stm32f4xx_hal_tim.o
                0x0800207c                TIM_Base_SetConfig
 .text.HAL_TIM_Base_Init
                0x08002154       0x58 build/stm32f4xx_hal_tim.o
                0x08002154                HAL_TIM_Base_Init
 .text.HAL_TIMEx_CommutCallback
                0x080021ac        0x2 build/stm32f4xx_hal_tim_ex.o
                0x080021ac                HAL_TIMEx_CommutCallback
 .text.HAL_TIMEx_BreakCallback
                0x080021ae        0x2 build/stm32f4xx_hal_tim_ex.o
                0x080021ae                HAL_TIMEx_BreakCallback
 .text.SystemInit
                0x080021b0       0x14 build/system_stm32f4xx.o
                0x080021b0                SystemInit
 .text.BMI088_Accel_Init
                0x080021c4       0xa0 build/bmi088.o
                0x080021c4                BMI088_Accel_Init
 .text.BMI088_Gyro_Init
                0x08002264       0x64 build/bmi088.o
                0x08002264                BMI088_Gyro_Init
 .text.BMI088_Gyro_Read
                0x080022c8       0xd4 build/bmi088.o
                0x080022c8                BMI088_Gyro_Read
 .text.BMI088_Temper_read
                0x0800239c       0xc8 build/bmi088.o
                0x0800239c                BMI088_Temper_read
 .text.BMI088_Accel_Read
                0x08002464       0xf0 build/bmi088.o
                0x08002464                BMI088_Accel_Read
 .text.MX_DMA_Init
                0x08002554       0x44 build/dma.o
                0x08002554                MX_DMA_Init
 .text.StartDefaultTask
                0x08002598        0x2 build/freertos.o
                0x08002598                StartDefaultTask
 .text.StartBMI088Task
                0x0800259a       0x12 build/freertos.o
                0x0800259a                StartBMI088Task
 .text.MX_FREERTOS_Init
                0x080025ac       0x38 build/freertos.o
                0x080025ac                MX_FREERTOS_Init
 .text.HAL_InitTick
                0x080025e4       0xa4 build/stm32f4xx_hal_timebase_tim.o
                0x080025e4                HAL_InitTick
 .text.vListInitialise
                0x08002688       0x16 build/list.o
                0x08002688                vListInitialise
 .text.vListInitialiseItem
                0x0800269e        0x6 build/list.o
                0x0800269e                vListInitialiseItem
 .text.vListInsertEnd
                0x080026a4       0x16 build/list.o
                0x080026a4                vListInsertEnd
 .text.vListInsert
                0x080026ba       0x32 build/list.o
                0x080026ba                vListInsert
 .text.uxListRemove
                0x080026ec       0x26 build/list.o
                0x080026ec                uxListRemove
 .text.prvIsQueueFull
                0x08002712       0x1e build/queue.o
 .text.prvIsQueueEmpty
                0x08002730       0x1a build/queue.o
 .text.prvCopyDataToQueue
                0x0800274a       0x76 build/queue.o
 .text.prvCopyDataFromQueue
                0x080027c0       0x24 build/queue.o
 .text.prvUnlockQueue
                0x080027e4       0x6e build/queue.o
 .text.xQueueGenericReset
                0x08002852       0x84 build/queue.o
                0x08002852                xQueueGenericReset
 .text.prvInitialiseNewQueue
                0x080028d6       0x22 build/queue.o
 .text.xQueueGenericCreateStatic
                0x080028f8       0x94 build/queue.o
                0x080028f8                xQueueGenericCreateStatic
 .text.xQueueGenericSend
                0x0800298c      0x188 build/queue.o
                0x0800298c                xQueueGenericSend
 .text.xQueueGenericSendFromISR
                0x08002b14       0xce build/queue.o
                0x08002b14                xQueueGenericSendFromISR
 .text.xQueueReceive
                0x08002be2      0x15e build/queue.o
                0x08002be2                xQueueReceive
 .text.vQueueAddToRegistry
                0x08002d40       0x28 build/queue.o
                0x08002d40                vQueueAddToRegistry
 .text.vQueueWaitForMessageRestricted
                0x08002d68       0x52 build/queue.o
                0x08002d68                vQueueWaitForMessageRestricted
 *fill*         0x08002dba        0x2 
 .text.prvResetNextTaskUnblockTime
                0x08002dbc       0x2c build/tasks.o
 .text.prvInitialiseNewTask
                0x08002de8       0xa2 build/tasks.o
 *fill*         0x08002e8a        0x2 
 .text.prvInitialiseTaskLists
                0x08002e8c       0x68 build/tasks.o
 .text.prvAddNewTaskToReadyList
                0x08002ef4       0xac build/tasks.o
 .text.prvDeleteTCB
                0x08002fa0       0x38 build/tasks.o
 .text.prvCheckTasksWaitingTermination
                0x08002fd8       0x4c build/tasks.o
 .text.prvIdleTask
                0x08003024       0x28 build/tasks.o
 .text.prvAddCurrentTaskToDelayedList
                0x0800304c       0x7c build/tasks.o
 .text.xTaskCreateStatic
                0x080030c8       0x76 build/tasks.o
                0x080030c8                xTaskCreateStatic
 .text.xTaskCreate
                0x0800313e       0x64 build/tasks.o
                0x0800313e                xTaskCreate
 *fill*         0x080031a2        0x2 
 .text.vTaskStartScheduler
                0x080031a4       0x98 build/tasks.o
                0x080031a4                vTaskStartScheduler
 .text.vTaskSuspendAll
                0x0800323c       0x10 build/tasks.o
                0x0800323c                vTaskSuspendAll
 .text.xTaskGetTickCount
                0x0800324c        0xc build/tasks.o
                0x0800324c                xTaskGetTickCount
 .text.xTaskIncrementTick
                0x08003258      0x118 build/tasks.o
                0x08003258                xTaskIncrementTick
 .text.xTaskResumeAll
                0x08003370       0xf8 build/tasks.o
                0x08003370                xTaskResumeAll
 .text.vTaskDelay
                0x08003468       0x4c build/tasks.o
                0x08003468                vTaskDelay
 .text.vTaskSwitchContext
                0x080034b4       0x98 build/tasks.o
                0x080034b4                vTaskSwitchContext
 .text.vTaskPlaceOnEventList
                0x0800354c       0x30 build/tasks.o
                0x0800354c                vTaskPlaceOnEventList
 .text.vTaskPlaceOnEventListRestricted
                0x0800357c       0x38 build/tasks.o
                0x0800357c                vTaskPlaceOnEventListRestricted
 .text.xTaskRemoveFromEventList
                0x080035b4       0x8c build/tasks.o
                0x080035b4                xTaskRemoveFromEventList
 .text.vTaskInternalSetTimeOutState
                0x08003640       0x18 build/tasks.o
                0x08003640                vTaskInternalSetTimeOutState
 .text.xTaskCheckForTimeOut
                0x08003658       0x84 build/tasks.o
                0x08003658                xTaskCheckForTimeOut
 .text.vTaskMissedYield
                0x080036dc        0xc build/tasks.o
                0x080036dc                vTaskMissedYield
 .text.xTaskGetSchedulerState
                0x080036e8       0x20 build/tasks.o
                0x080036e8                xTaskGetSchedulerState
 .text.xTaskPriorityDisinherit
                0x08003708       0x90 build/tasks.o
                0x08003708                xTaskPriorityDisinherit
 .text.prvGetNextExpireTime
                0x08003798       0x20 build/timers.o
 .text.prvInsertTimerInActiveList
                0x080037b8       0x48 build/timers.o
 .text.prvCheckForValidListAndQueue
                0x08003800       0x70 build/timers.o
 .text.xTimerCreateTimerTask
                0x08003870       0x64 build/timers.o
                0x08003870                xTimerCreateTimerTask
 .text.xTimerGenericCommand
                0x080038d4       0x6c build/timers.o
                0x080038d4                xTimerGenericCommand
 .text.prvSwitchTimerLists
                0x08003940       0x7c build/timers.o
 .text.prvSampleTimeNow
                0x080039bc       0x2c build/timers.o
 .text.prvProcessExpiredTimer
                0x080039e8       0x6c build/timers.o
 .text.prvProcessTimerOrBlockTask
                0x08003a54       0x74 build/timers.o
 .text.prvProcessReceivedCommands
                0x08003ac8      0x10c build/timers.o
 .text.prvTimerTask
                0x08003bd4       0x16 build/timers.o
 .text.SysTick_Handler
                0x08003bea       0x18 build/cmsis_os2.o
                0x08003bea                SysTick_Handler
 *fill*         0x08003c02        0x2 
 .text.osKernelInitialize
                0x08003c04       0x24 build/cmsis_os2.o
                0x08003c04                osKernelInitialize
 .text.osKernelStart
                0x08003c28       0x38 build/cmsis_os2.o
                0x08003c28                osKernelStart
 .text.osThreadNew
                0x08003c60       0xbc build/cmsis_os2.o
                0x08003c60                osThreadNew
 .text.osDelay  0x08003d1c       0x1c build/cmsis_os2.o
                0x08003d1c                osDelay
 .text.vApplicationGetIdleTaskMemory
                0x08003d38       0x18 build/cmsis_os2.o
                0x08003d38                vApplicationGetIdleTaskMemory
 .text.vApplicationGetTimerTaskMemory
                0x08003d50       0x18 build/cmsis_os2.o
                0x08003d50                vApplicationGetTimerTaskMemory
 .text.prvHeapInit
                0x08003d68       0x64 build/heap_4.o
 .text.prvInsertBlockIntoFreeList
                0x08003dcc       0x64 build/heap_4.o
 .text.pvPortMalloc
                0x08003e30      0x104 build/heap_4.o
                0x08003e30                pvPortMalloc
 .text.vPortFree
                0x08003f34       0x7c build/heap_4.o
                0x08003f34                vPortFree
 .text.prvTaskExitError
                0x08003fb0       0x40 build/port.o
 .text.prvPortStartFirstTask
                0x08003ff0       0x28 build/port.o
 .text.vPortEnableVFP
                0x08004018       0x14 build/port.o
 .text.pxPortInitialiseStack
                0x0800402c       0x2c build/port.o
                0x0800402c                pxPortInitialiseStack
 *fill*         0x08004058        0x8 
 .text.SVC_Handler
                0x08004060       0x24 build/port.o
                0x08004060                SVC_Handler
 .text.vPortEnterCritical
                0x08004084       0x44 build/port.o
                0x08004084                vPortEnterCritical
 .text.vPortExitCritical
                0x080040c8       0x2c build/port.o
                0x080040c8                vPortExitCritical
 *fill*         0x080040f4        0xc 
 .text.PendSV_Handler
                0x08004100       0x64 build/port.o
                0x08004100                PendSV_Handler
 .text.xPortSysTickHandler
                0x08004164       0x2c build/port.o
                0x08004164                xPortSysTickHandler
 .text.vPortSetupTimerInterrupt
                0x08004190       0x28 build/port.o
                0x08004190                vPortSetupTimerInterrupt
 .text.xPortStartScheduler
                0x080041b8      0x118 build/port.o
                0x080041b8                xPortStartScheduler
 .text.vPortValidateInterruptPriority
                0x080042d0       0x5c build/port.o
                0x080042d0                vPortValidateInterruptPriority
 .text.Reset_Handler
                0x0800432c       0x50 build/startup_stm32f407xx.o
                0x0800432c                Reset_Handler
 .text.Default_Handler
                0x0800437c        0x2 build/startup_stm32f407xx.o
                0x0800437c                RTC_Alarm_IRQHandler
                0x0800437c                HASH_RNG_IRQHandler
                0x0800437c                EXTI2_IRQHandler
                0x0800437c                TIM8_CC_IRQHandler
                0x0800437c                TIM1_CC_IRQHandler
                0x0800437c                DMA2_Stream5_IRQHandler
                0x0800437c                DMA1_Stream5_IRQHandler
                0x0800437c                PVD_IRQHandler
                0x0800437c                SDIO_IRQHandler
                0x0800437c                TAMP_STAMP_IRQHandler
                0x0800437c                CAN2_RX1_IRQHandler
                0x0800437c                EXTI3_IRQHandler
                0x0800437c                TIM8_TRG_COM_TIM14_IRQHandler
                0x0800437c                TIM1_UP_TIM10_IRQHandler
                0x0800437c                TIM8_UP_TIM13_IRQHandler
                0x0800437c                I2C3_ER_IRQHandler
                0x0800437c                EXTI0_IRQHandler
                0x0800437c                I2C2_EV_IRQHandler
                0x0800437c                DMA1_Stream2_IRQHandler
                0x0800437c                CAN1_RX0_IRQHandler
                0x0800437c                FPU_IRQHandler
                0x0800437c                OTG_HS_WKUP_IRQHandler
                0x0800437c                CAN2_SCE_IRQHandler
                0x0800437c                DMA2_Stream2_IRQHandler
                0x0800437c                TIM6_DAC_IRQHandler
                0x0800437c                TIM1_BRK_TIM9_IRQHandler
                0x0800437c                DCMI_IRQHandler
                0x0800437c                CAN2_RX0_IRQHandler
                0x0800437c                USART6_IRQHandler
                0x0800437c                USART3_IRQHandler
                0x0800437c                CAN1_RX1_IRQHandler
                0x0800437c                UART5_IRQHandler
                0x0800437c                TIM4_IRQHandler
                0x0800437c                I2C1_EV_IRQHandler
                0x0800437c                DMA1_Stream6_IRQHandler
                0x0800437c                DMA1_Stream1_IRQHandler
                0x0800437c                UART4_IRQHandler
                0x0800437c                TIM3_IRQHandler
                0x0800437c                RCC_IRQHandler
                0x0800437c                TIM8_BRK_TIM12_IRQHandler
                0x0800437c                Default_Handler
                0x0800437c                EXTI15_10_IRQHandler
                0x0800437c                ADC_IRQHandler
                0x0800437c                DMA1_Stream7_IRQHandler
                0x0800437c                CAN2_TX_IRQHandler
                0x0800437c                TIM5_IRQHandler
                0x0800437c                DMA2_Stream7_IRQHandler
                0x0800437c                I2C3_EV_IRQHandler
                0x0800437c                EXTI9_5_IRQHandler
                0x0800437c                RTC_WKUP_IRQHandler
                0x0800437c                ETH_WKUP_IRQHandler
                0x0800437c                SPI2_IRQHandler
                0x0800437c                OTG_HS_EP1_IN_IRQHandler
                0x0800437c                DMA1_Stream0_IRQHandler
                0x0800437c                CAN1_TX_IRQHandler
                0x0800437c                EXTI4_IRQHandler
                0x0800437c                FSMC_IRQHandler
                0x0800437c                ETH_IRQHandler
                0x0800437c                OTG_HS_EP1_OUT_IRQHandler
                0x0800437c                WWDG_IRQHandler
                0x0800437c                TIM2_IRQHandler
                0x0800437c                OTG_FS_WKUP_IRQHandler
                0x0800437c                TIM1_TRG_COM_TIM11_IRQHandler
                0x0800437c                OTG_HS_IRQHandler
                0x0800437c                EXTI1_IRQHandler
                0x0800437c                USART2_IRQHandler
                0x0800437c                I2C2_ER_IRQHandler
                0x0800437c                DMA2_Stream1_IRQHandler
                0x0800437c                CAN1_SCE_IRQHandler
                0x0800437c                FLASH_IRQHandler
                0x0800437c                DMA2_Stream4_IRQHandler
                0x0800437c                USART1_IRQHandler
                0x0800437c                OTG_FS_IRQHandler
                0x0800437c                SPI3_IRQHandler
                0x0800437c                DMA1_Stream4_IRQHandler
                0x0800437c                I2C1_ER_IRQHandler
                0x0800437c                DMA2_Stream6_IRQHandler
                0x0800437c                DMA1_Stream3_IRQHandler
 .text.__udivmoddi4
                0x0800437e      0x2a0 D:/msys64/mingw64/bin/../lib/gcc/arm-none-eabi/13.3.0/thumb/v7e-m+fp/hard\libgcc.a(_udivmoddi4.o)
                0x0800437e                __udivmoddi4
 *(.glue_7)
 .glue_7        0x0800461e        0x0 linker stubs
 *(.glue_7t)
 .glue_7t       0x0800461e        0x0 linker stubs
 *(.eh_frame)
 *fill*         0x0800461e        0x2 
 .eh_frame      0x08004620        0x0 D:/msys64/mingw64/bin/../lib/gcc/arm-none-eabi/13.3.0/thumb/v7e-m+fp/hard/crtbegin.o
 *(.init)
 .init          0x08004620        0x4 D:/msys64/mingw64/bin/../lib/gcc/arm-none-eabi/13.3.0/thumb/v7e-m+fp/hard/crti.o
                0x08004620                _init
 .init          0x08004624        0x8 D:/msys64/mingw64/bin/../lib/gcc/arm-none-eabi/13.3.0/thumb/v7e-m+fp/hard/crtn.o
 *(.fini)
 .fini          0x0800462c        0x4 D:/msys64/mingw64/bin/../lib/gcc/arm-none-eabi/13.3.0/thumb/v7e-m+fp/hard/crti.o
                0x0800462c                _fini
 .fini          0x08004630        0x8 D:/msys64/mingw64/bin/../lib/gcc/arm-none-eabi/13.3.0/thumb/v7e-m+fp/hard/crtn.o
                0x08004638                        . = ALIGN (0x4)
                0x08004638                        _etext = .

.vfp11_veneer   0x08004638        0x0
 .vfp11_veneer  0x08004638        0x0 linker stubs

.v4_bx          0x08004638        0x0
 .v4_bx         0x08004638        0x0 linker stubs

.iplt           0x08004638        0x0
 .iplt          0x08004638        0x0 D:/msys64/mingw64/bin/../lib/gcc/arm-none-eabi/13.3.0/thumb/v7e-m+fp/hard/crtbegin.o

.rodata         0x08004638       0x98
                0x08004638                        . = ALIGN (0x4)
 *(.rodata)
 *(.rodata*)
 .rodata.flagBitshiftOffset.0
                0x08004638        0x8 build/stm32f4xx_hal_dma.o
 .rodata.APBPrescTable
                0x08004640        0x8 build/system_stm32f4xx.o
                0x08004640                APBPrescTable
 .rodata.AHBPrescTable
                0x08004648       0x10 build/system_stm32f4xx.o
                0x08004648                AHBPrescTable
 .rodata.str1.4
                0x08004658       0x30 build/freertos.o
                                 0x18 (size before relaxing)
 .rodata.BMI088Task_attributes
                0x08004688       0x24 build/freertos.o
                0x08004688                BMI088Task_attributes
 .rodata.defaultTask_attributes
                0x080046ac       0x24 build/freertos.o
                0x080046ac                defaultTask_attributes
 .rodata.vTaskStartScheduler.str1.4
                0x080046d0        0x5 build/tasks.o
 .rodata.prvCheckForValidListAndQueue.str1.4
                0x080046d0        0x5 build/timers.o
 .rodata.xTimerCreateTimerTask.str1.4
                0x080046d0        0x8 build/timers.o
                0x080046d8                        . = ALIGN (0x4)

.ARM.extab
 *(.ARM.extab* .gnu.linkonce.armextab.*)

.ARM            0x080046d0        0x8
                0x080046d0                        __exidx_start = .
 *(.ARM.exidx*)
 .ARM.exidx     0x080046d0        0x8 D:/msys64/mingw64/bin/../lib/gcc/arm-none-eabi/13.3.0/../../../../arm-none-eabi/lib/thumb/v7e-m+fp/hard\libc_nano.a(libc_a-memcpy.o)
 .ARM.exidx.text.__udivmoddi4
                0x080046d8        0x0 D:/msys64/mingw64/bin/../lib/gcc/arm-none-eabi/13.3.0/thumb/v7e-m+fp/hard\libgcc.a(_udivmoddi4.o)
                                  0x8 (size before relaxing)
                0x080046d8                        __exidx_end = .

.rel.dyn        0x080046d8        0x0
 .rel.iplt      0x080046d8        0x0 D:/msys64/mingw64/bin/../lib/gcc/arm-none-eabi/13.3.0/thumb/v7e-m+fp/hard/crtbegin.o

.preinit_array  0x080046d8        0x0
                0x080046d8                        PROVIDE (__preinit_array_start = .)
 *(.preinit_array*)
                0x080046d8                        PROVIDE (__preinit_array_end = .)

.init_array     0x080046d8        0x4
                0x080046d8                        PROVIDE (__init_array_start = .)
 *(SORT_BY_NAME(.init_array.*))
 *(.init_array*)
 .init_array    0x080046d8        0x4 D:/msys64/mingw64/bin/../lib/gcc/arm-none-eabi/13.3.0/thumb/v7e-m+fp/hard/crtbegin.o
                0x080046dc                        PROVIDE (__init_array_end = .)

.fini_array     0x080046dc        0x4
                0x080046dc                        PROVIDE (__fini_array_start = .)
 *(SORT_BY_NAME(.fini_array.*))
 *(.fini_array*)
 .fini_array    0x080046dc        0x4 D:/msys64/mingw64/bin/../lib/gcc/arm-none-eabi/13.3.0/thumb/v7e-m+fp/hard/crtbegin.o
                0x080046e0                        PROVIDE (__fini_array_end = .)
                0x080046e0                        _sidata = LOADADDR (.data)

.data           0x20000000       0x18 load address 0x080046e0
                0x20000000                        . = ALIGN (0x4)
                0x20000000                        _sdata = .
 *(.data)
 *(.data*)
 .data.uwTickFreq
                0x20000000        0x1 build/stm32f4xx_hal.o
                0x20000000                uwTickFreq
 *fill*         0x20000001        0x3 
 .data.uwTickPrio
                0x20000004        0x4 build/stm32f4xx_hal.o
                0x20000004                uwTickPrio
 .data.SystemCoreClock
                0x20000008        0x4 build/system_stm32f4xx.o
                0x20000008                SystemCoreClock
 .data.BMI088_GYRO_SEN
                0x2000000c        0x4 build/bmi088.o
                0x2000000c                BMI088_GYRO_SEN
 .data.BMI088_ACCEL_SEN
                0x20000010        0x4 build/bmi088.o
                0x20000010                BMI088_ACCEL_SEN
 .data.uxCriticalNesting
                0x20000014        0x4 build/port.o
                0x20000018                        . = ALIGN (0x4)
                0x20000018                        _edata = .
                0x080046f8                        _siccmram = LOADADDR (.ccmram)

.igot.plt       0x20000018        0x0 load address 0x080046f8
 .igot.plt      0x20000018        0x0 D:/msys64/mingw64/bin/../lib/gcc/arm-none-eabi/13.3.0/thumb/v7e-m+fp/hard/crtbegin.o

.ccmram         0x10000000        0x0 load address 0x080046f8
                0x10000000                        . = ALIGN (0x4)
                0x10000000                        _sccmram = .
 *(.ccmram)
 *(.ccmram*)
                0x10000000                        . = ALIGN (0x4)
                0x10000000                        _eccmram = .
                0x10000000                        . = ALIGN (0x4)

.bss            0x20000018     0x4b0c
                0x20000018                        _sbss = .
                0x20000018                        __bss_start__ = _sbss
 *(.bss)
 *(.bss*)
 .bss.completed.1
                0x20000018        0x1 D:/msys64/mingw64/bin/../lib/gcc/arm-none-eabi/13.3.0/thumb/v7e-m+fp/hard/crtbegin.o
 *fill*         0x20000019        0x3 
 .bss.object.0  0x2000001c       0x18 D:/msys64/mingw64/bin/../lib/gcc/arm-none-eabi/13.3.0/thumb/v7e-m+fp/hard/crtbegin.o
 .bss.hdma_spi1_tx
                0x20000034       0x60 build/spi.o
                0x20000034                hdma_spi1_tx
 .bss.hdma_spi1_rx
                0x20000094       0x60 build/spi.o
                0x20000094                hdma_spi1_rx
 .bss.hspi1     0x200000f4       0x58 build/spi.o
                0x200000f4                hspi1
 .bss.uwTick    0x2000014c        0x4 build/stm32f4xx_hal.o
                0x2000014c                uwTick
 .bss.pRxData_Temperature
                0x20000150        0x1 build/bmi088.o
                0x20000150                pRxData_Temperature
 .bss.pTxData_Temperature
                0x20000151        0x1 build/bmi088.o
                0x20000151                pTxData_Temperature
 .bss.pRxData_gyro
                0x20000152        0x1 build/bmi088.o
                0x20000152                pRxData_gyro
 .bss.pTxData_gyro
                0x20000153        0x1 build/bmi088.o
                0x20000153                pTxData_gyro
 .bss.pRxData   0x20000154        0x1 build/bmi088.o
                0x20000154                pRxData
 .bss.pTxData   0x20000155        0x1 build/bmi088.o
                0x20000155                pTxData
 *fill*         0x20000156        0x2 
 .bss.buffer    0x20000158        0x8 build/bmi088.o
                0x20000158                buffer
 .bss.buf       0x20000160        0x6 build/bmi088.o
                0x20000160                buf
 *fill*         0x20000166        0x2 
 .bss.Temperature
                0x20000168        0x4 build/bmi088.o
                0x20000168                Temperature
 .bss.accel     0x2000016c        0xc build/bmi088.o
                0x2000016c                accel
 .bss.gyro      0x20000178        0xc build/bmi088.o
                0x20000178                gyro
 .bss.BMI088TaskHandle
                0x20000184        0x4 build/freertos.o
                0x20000184                BMI088TaskHandle
 .bss.defaultTaskHandle
                0x20000188        0x4 build/freertos.o
                0x20000188                defaultTaskHandle
 .bss.htim7     0x2000018c       0x48 build/stm32f4xx_hal_timebase_tim.o
                0x2000018c                htim7
 .bss.xQueueRegistry
                0x200001d4       0x40 build/queue.o
                0x200001d4                xQueueRegistry
 .bss.uxSchedulerSuspended
                0x20000214        0x4 build/tasks.o
 .bss.xIdleTaskHandle
                0x20000218        0x4 build/tasks.o
 .bss.xNextTaskUnblockTime
                0x2000021c        0x4 build/tasks.o
 .bss.uxTaskNumber
                0x20000220        0x4 build/tasks.o
 .bss.xNumOfOverflows
                0x20000224        0x4 build/tasks.o
 .bss.xYieldPending
                0x20000228        0x4 build/tasks.o
 .bss.xPendedTicks
                0x2000022c        0x4 build/tasks.o
 .bss.xSchedulerRunning
                0x20000230        0x4 build/tasks.o
 .bss.uxTopReadyPriority
                0x20000234        0x4 build/tasks.o
 .bss.xTickCount
                0x20000238        0x4 build/tasks.o
 .bss.uxCurrentNumberOfTasks
                0x2000023c        0x4 build/tasks.o
 .bss.xSuspendedTaskList
                0x20000240       0x14 build/tasks.o
 .bss.uxDeletedTasksWaitingCleanUp
                0x20000254        0x4 build/tasks.o
 .bss.xTasksWaitingTermination
                0x20000258       0x14 build/tasks.o
 .bss.xPendingReadyList
                0x2000026c       0x14 build/tasks.o
 .bss.pxOverflowDelayedTaskList
                0x20000280        0x4 build/tasks.o
 .bss.pxDelayedTaskList
                0x20000284        0x4 build/tasks.o
 .bss.xDelayedTaskList2
                0x20000288       0x14 build/tasks.o
 .bss.xDelayedTaskList1
                0x2000029c       0x14 build/tasks.o
 .bss.pxReadyTasksLists
                0x200002b0      0x460 build/tasks.o
 .bss.pxCurrentTCB
                0x20000710        0x4 build/tasks.o
                0x20000710                pxCurrentTCB
 .bss.xStaticTimerQueue.0
                0x20000714       0x50 build/timers.o
 .bss.ucStaticTimerQueueStorage.1
                0x20000764       0xa0 build/timers.o
 .bss.xLastTime.2
                0x20000804        0x4 build/timers.o
 .bss.xTimerTaskHandle
                0x20000808        0x4 build/timers.o
 .bss.xTimerQueue
                0x2000080c        0x4 build/timers.o
 .bss.pxOverflowTimerList
                0x20000810        0x4 build/timers.o
 .bss.pxCurrentTimerList
                0x20000814        0x4 build/timers.o
 .bss.xActiveTimerList2
                0x20000818       0x14 build/timers.o
 .bss.xActiveTimerList1
                0x2000082c       0x14 build/timers.o
 .bss.Timer_Stack.0
                0x20000840      0x400 build/cmsis_os2.o
 .bss.Timer_TCB.1
                0x20000c40       0x5c build/cmsis_os2.o
 .bss.Idle_Stack.2
                0x20000c9c      0x200 build/cmsis_os2.o
 .bss.Idle_TCB.3
                0x20000e9c       0x5c build/cmsis_os2.o
 .bss.KernelState
                0x20000ef8        0x4 build/cmsis_os2.o
 .bss.xBlockAllocatedBit
                0x20000efc        0x4 build/heap_4.o
 .bss.xNumberOfSuccessfulFrees
                0x20000f00        0x4 build/heap_4.o
 .bss.xNumberOfSuccessfulAllocations
                0x20000f04        0x4 build/heap_4.o
 .bss.xMinimumEverFreeBytesRemaining
                0x20000f08        0x4 build/heap_4.o
 .bss.xFreeBytesRemaining
                0x20000f0c        0x4 build/heap_4.o
 .bss.pxEnd     0x20000f10        0x4 build/heap_4.o
 .bss.xStart    0x20000f14        0x8 build/heap_4.o
 .bss.ucHeap    0x20000f1c     0x3c00 build/heap_4.o
 .bss.ulMaxPRIGROUPValue
                0x20004b1c        0x4 build/port.o
 .bss.ucMaxSysCallPriority
                0x20004b20        0x1 build/port.o
 *(COMMON)
                0x20004b24                        . = ALIGN (0x4)
 *fill*         0x20004b21        0x3 
                0x20004b24                        _ebss = .
                0x20004b24                        __bss_end__ = _ebss

._user_heap_stack
                0x20004b24      0x604
                0x20004b28                        . = ALIGN (0x8)
 *fill*         0x20004b24        0x4 
                [!provide]                        PROVIDE (end = .)
                0x20004b28                        PROVIDE (_end = .)
                0x20004d28                        . = (. + _Min_Heap_Size)
 *fill*         0x20004b28      0x200 
                0x20005128                        . = (. + _Min_Stack_Size)
 *fill*         0x20004d28      0x400 
                0x20005128                        . = ALIGN (0x8)

/DISCARD/
 libc.a(*)
 libm.a(*)
 libgcc.a(*)

.ARM.attributes
                0x00000000       0x30
 *(.ARM.attributes)
 .ARM.attributes
                0x00000000       0x22 D:/msys64/mingw64/bin/../lib/gcc/arm-none-eabi/13.3.0/thumb/v7e-m+fp/hard/crti.o
 .ARM.attributes
                0x00000022       0x34 D:/msys64/mingw64/bin/../lib/gcc/arm-none-eabi/13.3.0/thumb/v7e-m+fp/hard/crtbegin.o
 .ARM.attributes
                0x00000056       0x34 build/main.o
 .ARM.attributes
                0x0000008a       0x34 build/gpio.o
 .ARM.attributes
                0x000000be       0x34 build/spi.o
 .ARM.attributes
                0x000000f2       0x34 build/stm32f4xx_it.o
 .ARM.attributes
                0x00000126       0x34 build/stm32f4xx_hal_msp.o
 .ARM.attributes
                0x0000015a       0x34 build/stm32f4xx_hal_spi.o
 .ARM.attributes
                0x0000018e       0x34 build/stm32f4xx_hal_rcc.o
 .ARM.attributes
                0x000001c2       0x34 build/stm32f4xx_hal_gpio.o
 .ARM.attributes
                0x000001f6       0x34 build/stm32f4xx_hal_dma.o
 .ARM.attributes
                0x0000022a       0x34 build/stm32f4xx_hal_cortex.o
 .ARM.attributes
                0x0000025e       0x34 build/stm32f4xx_hal.o
 .ARM.attributes
                0x00000292       0x34 build/stm32f4xx_hal_tim.o
 .ARM.attributes
                0x000002c6       0x34 build/stm32f4xx_hal_tim_ex.o
 .ARM.attributes
                0x000002fa       0x34 build/system_stm32f4xx.o
 .ARM.attributes
                0x0000032e       0x34 build/bmi088.o
 .ARM.attributes
                0x00000362       0x34 build/dma.o
 .ARM.attributes
                0x00000396       0x34 build/freertos.o
 .ARM.attributes
                0x000003ca       0x34 build/stm32f4xx_hal_timebase_tim.o
 .ARM.attributes
                0x000003fe       0x34 build/list.o
 .ARM.attributes
                0x00000432       0x34 build/queue.o
 .ARM.attributes
                0x00000466       0x34 build/tasks.o
 .ARM.attributes
                0x0000049a       0x34 build/timers.o
 .ARM.attributes
                0x000004ce       0x34 build/cmsis_os2.o
 .ARM.attributes
                0x00000502       0x34 build/heap_4.o
 .ARM.attributes
                0x00000536       0x34 build/port.o
 .ARM.attributes
                0x0000056a       0x21 build/startup_stm32f407xx.o
 .ARM.attributes
                0x0000058b       0x34 D:/msys64/mingw64/bin/../lib/gcc/arm-none-eabi/13.3.0/../../../../arm-none-eabi/lib/thumb/v7e-m+fp/hard\libc_nano.a(libc_a-memset.o)
 .ARM.attributes
                0x000005bf       0x34 D:/msys64/mingw64/bin/../lib/gcc/arm-none-eabi/13.3.0/../../../../arm-none-eabi/lib/thumb/v7e-m+fp/hard\libc_nano.a(libc_a-init.o)
 .ARM.attributes
                0x000005f3       0x20 D:/msys64/mingw64/bin/../lib/gcc/arm-none-eabi/13.3.0/../../../../arm-none-eabi/lib/thumb/v7e-m+fp/hard\libc_nano.a(libc_a-memcpy.o)
 .ARM.attributes
                0x00000613       0x22 D:/msys64/mingw64/bin/../lib/gcc/arm-none-eabi/13.3.0/thumb/v7e-m+fp/hard\libgcc.a(_aeabi_uldivmod.o)
 .ARM.attributes
                0x00000635       0x34 D:/msys64/mingw64/bin/../lib/gcc/arm-none-eabi/13.3.0/thumb/v7e-m+fp/hard\libgcc.a(_udivmoddi4.o)
 .ARM.attributes
                0x00000669       0x22 D:/msys64/mingw64/bin/../lib/gcc/arm-none-eabi/13.3.0/thumb/v7e-m+fp/hard\libgcc.a(_dvmd_tls.o)
 .ARM.attributes
                0x0000068b       0x22 D:/msys64/mingw64/bin/../lib/gcc/arm-none-eabi/13.3.0/thumb/v7e-m+fp/hard/crtn.o
OUTPUT(build/BMI.elf elf32-littlearm)
LOAD linker stubs
LOAD D:/msys64/mingw64/bin/../lib/gcc/arm-none-eabi/13.3.0/../../../../arm-none-eabi/lib/thumb/v7e-m+fp/hard\libc.a
LOAD D:/msys64/mingw64/bin/../lib/gcc/arm-none-eabi/13.3.0/../../../../arm-none-eabi/lib/thumb/v7e-m+fp/hard\libm.a
LOAD D:/msys64/mingw64/bin/../lib/gcc/arm-none-eabi/13.3.0/thumb/v7e-m+fp/hard\libgcc.a

.debug_info     0x00000000    0x202c6
 .debug_info    0x00000000      0xe0a build/main.o
 .debug_info    0x00000e0a      0x529 build/gpio.o
 .debug_info    0x00001333      0xf21 build/spi.o
 .debug_info    0x00002254      0xb8c build/stm32f4xx_it.o
 .debug_info    0x00002de0      0x55a build/stm32f4xx_hal_msp.o
 .debug_info    0x0000333a     0x1f80 build/stm32f4xx_hal_spi.o
 .debug_info    0x000052ba      0xc0a build/stm32f4xx_hal_rcc.o
 .debug_info    0x00005ec4      0x848 build/stm32f4xx_hal_gpio.o
 .debug_info    0x0000670c      0xbce build/stm32f4xx_hal_dma.o
 .debug_info    0x000072da     0x11e0 build/stm32f4xx_hal_cortex.o
 .debug_info    0x000084ba      0xafa build/stm32f4xx_hal.o
 .debug_info    0x00008fb4     0x41a0 build/stm32f4xx_hal_tim.o
 .debug_info    0x0000d154     0x1da5 build/stm32f4xx_hal_tim_ex.o
 .debug_info    0x0000eef9      0x5b3 build/system_stm32f4xx.o
 .debug_info    0x0000f4ac      0xe39 build/bmi088.o
 .debug_info    0x000102e5      0x59b build/dma.o
 .debug_info    0x00010880      0x4b3 build/freertos.o
 .debug_info    0x00010d33      0xde4 build/stm32f4xx_hal_timebase_tim.o
 .debug_info    0x00011b17      0x30f build/list.o
 .debug_info    0x00011e26     0x2a48 build/queue.o
 .debug_info    0x0001486e     0x33ae build/tasks.o
 .debug_info    0x00017c1c     0x1d2b build/timers.o
 .debug_info    0x00019947     0x53ab build/cmsis_os2.o
 .debug_info    0x0001ecf2      0x60c build/heap_4.o
 .debug_info    0x0001f2fe      0x5c2 build/port.o
 .debug_info    0x0001f8c0       0x30 build/startup_stm32f407xx.o
 .debug_info    0x0001f8f0      0x135 D:/msys64/mingw64/bin/../lib/gcc/arm-none-eabi/13.3.0/../../../../arm-none-eabi/lib/thumb/v7e-m+fp/hard\libc_nano.a(libc_a-memset.o)
 .debug_info    0x0001fa25      0x10b D:/msys64/mingw64/bin/../lib/gcc/arm-none-eabi/13.3.0/../../../../arm-none-eabi/lib/thumb/v7e-m+fp/hard\libc_nano.a(libc_a-init.o)
 .debug_info    0x0001fb30       0x33 D:/msys64/mingw64/bin/../lib/gcc/arm-none-eabi/13.3.0/../../../../arm-none-eabi/lib/thumb/v7e-m+fp/hard\libc_nano.a(libc_a-memcpy.o)
 .debug_info    0x0001fb63       0x24 D:/msys64/mingw64/bin/../lib/gcc/arm-none-eabi/13.3.0/thumb/v7e-m+fp/hard\libgcc.a(_aeabi_uldivmod.o)
 .debug_info    0x0001fb87      0x703 D:/msys64/mingw64/bin/../lib/gcc/arm-none-eabi/13.3.0/thumb/v7e-m+fp/hard\libgcc.a(_udivmoddi4.o)
 .debug_info    0x0002028a       0x3c D:/msys64/mingw64/bin/../lib/gcc/arm-none-eabi/13.3.0/thumb/v7e-m+fp/hard\libgcc.a(_dvmd_tls.o)

.debug_abbrev   0x00000000     0x42f0
 .debug_abbrev  0x00000000      0x29b build/main.o
 .debug_abbrev  0x0000029b      0x160 build/gpio.o
 .debug_abbrev  0x000003fb      0x240 build/spi.o
 .debug_abbrev  0x0000063b      0x195 build/stm32f4xx_it.o
 .debug_abbrev  0x000007d0      0x122 build/stm32f4xx_hal_msp.o
 .debug_abbrev  0x000008f2      0x2be build/stm32f4xx_hal_spi.o
 .debug_abbrev  0x00000bb0      0x2de build/stm32f4xx_hal_rcc.o
 .debug_abbrev  0x00000e8e      0x22b build/stm32f4xx_hal_gpio.o
 .debug_abbrev  0x000010b9      0x2fe build/stm32f4xx_hal_dma.o
 .debug_abbrev  0x000013b7      0x3ca build/stm32f4xx_hal_cortex.o
 .debug_abbrev  0x00001781      0x244 build/stm32f4xx_hal.o
 .debug_abbrev  0x000019c5      0x2bd build/stm32f4xx_hal_tim.o
 .debug_abbrev  0x00001c82      0x2b7 build/stm32f4xx_hal_tim_ex.o
 .debug_abbrev  0x00001f39      0x11b build/system_stm32f4xx.o
 .debug_abbrev  0x00002054      0x223 build/bmi088.o
 .debug_abbrev  0x00002277      0x12f build/dma.o
 .debug_abbrev  0x000023a6      0x187 build/freertos.o
 .debug_abbrev  0x0000252d      0x22d build/stm32f4xx_hal_timebase_tim.o
 .debug_abbrev  0x0000275a      0x124 build/list.o
 .debug_abbrev  0x0000287e      0x431 build/queue.o
 .debug_abbrev  0x00002caf      0x400 build/tasks.o
 .debug_abbrev  0x000030af      0x3d4 build/timers.o
 .debug_abbrev  0x00003483      0x5db build/cmsis_os2.o
 .debug_abbrev  0x00003a5e      0x27a build/heap_4.o
 .debug_abbrev  0x00003cd8      0x2af build/port.o
 .debug_abbrev  0x00003f87       0x1d build/startup_stm32f407xx.o
 .debug_abbrev  0x00003fa4       0xb7 D:/msys64/mingw64/bin/../lib/gcc/arm-none-eabi/13.3.0/../../../../arm-none-eabi/lib/thumb/v7e-m+fp/hard\libc_nano.a(libc_a-memset.o)
 .debug_abbrev  0x0000405b       0xc9 D:/msys64/mingw64/bin/../lib/gcc/arm-none-eabi/13.3.0/../../../../arm-none-eabi/lib/thumb/v7e-m+fp/hard\libc_nano.a(libc_a-init.o)
 .debug_abbrev  0x00004124       0x28 D:/msys64/mingw64/bin/../lib/gcc/arm-none-eabi/13.3.0/../../../../arm-none-eabi/lib/thumb/v7e-m+fp/hard\libc_nano.a(libc_a-memcpy.o)
 .debug_abbrev  0x0000414c       0x14 D:/msys64/mingw64/bin/../lib/gcc/arm-none-eabi/13.3.0/thumb/v7e-m+fp/hard\libgcc.a(_aeabi_uldivmod.o)
 .debug_abbrev  0x00004160      0x16a D:/msys64/mingw64/bin/../lib/gcc/arm-none-eabi/13.3.0/thumb/v7e-m+fp/hard\libgcc.a(_udivmoddi4.o)
 .debug_abbrev  0x000042ca       0x26 D:/msys64/mingw64/bin/../lib/gcc/arm-none-eabi/13.3.0/thumb/v7e-m+fp/hard\libgcc.a(_dvmd_tls.o)

.debug_loc      0x00000000    0x1a9da
 .debug_loc     0x00000000       0xd4 build/main.o
 .debug_loc     0x000000d4       0x38 build/gpio.o
 .debug_loc     0x0000010c      0x101 build/spi.o
 .debug_loc     0x0000020d       0x80 build/stm32f4xx_it.o
 .debug_loc     0x0000028d       0x38 build/stm32f4xx_hal_msp.o
 .debug_loc     0x000002c5     0x261f build/stm32f4xx_hal_spi.o
 .debug_loc     0x000028e4      0x720 build/stm32f4xx_hal_rcc.o
 .debug_loc     0x00003004      0x60b build/stm32f4xx_hal_gpio.o
 .debug_loc     0x0000360f      0xe9a build/stm32f4xx_hal_dma.o
 .debug_loc     0x000044a9      0x8ff build/stm32f4xx_hal_cortex.o
 .debug_loc     0x00004da8      0x1f9 build/stm32f4xx_hal.o
 .debug_loc     0x00004fa1     0x6097 build/stm32f4xx_hal_tim.o
 .debug_loc     0x0000b038     0x22d2 build/stm32f4xx_hal_tim_ex.o
 .debug_loc     0x0000d30a      0x181 build/system_stm32f4xx.o
 .debug_loc     0x0000d48b      0x10d build/bmi088.o
 .debug_loc     0x0000d598       0x38 build/dma.o
 .debug_loc     0x0000d5d0       0x80 build/freertos.o
 .debug_loc     0x0000d650      0x15d build/stm32f4xx_hal_timebase_tim.o
 .debug_loc     0x0000d7ad       0xeb build/list.o
 .debug_loc     0x0000d898     0x20d9 build/queue.o
 .debug_loc     0x0000f971     0x2bf5 build/tasks.o
 .debug_loc     0x00012566     0x16fe build/timers.o
 .debug_loc     0x00013c64     0x6694 build/cmsis_os2.o
 .debug_loc     0x0001a2f8      0x51c build/heap_4.o
 .debug_loc     0x0001a814      0x1c6 build/port.o

.debug_aranges  0x00000000     0x1548
 .debug_aranges
                0x00000000       0x38 build/main.o
 .debug_aranges
                0x00000038       0x20 build/gpio.o
 .debug_aranges
                0x00000058       0x30 build/spi.o
 .debug_aranges
                0x00000088       0x68 build/stm32f4xx_it.o
 .debug_aranges
                0x000000f0       0x20 build/stm32f4xx_hal_msp.o
 .debug_aranges
                0x00000110      0x1d0 build/stm32f4xx_hal_spi.o
 .debug_aranges
                0x000002e0       0x88 build/stm32f4xx_hal_rcc.o
 .debug_aranges
                0x00000368       0x58 build/stm32f4xx_hal_gpio.o
 .debug_aranges
                0x000003c0       0x90 build/stm32f4xx_hal_dma.o
 .debug_aranges
                0x00000450       0xf8 build/stm32f4xx_hal_cortex.o
 .debug_aranges
                0x00000548       0xf0 build/stm32f4xx_hal.o
 .debug_aranges
                0x00000638      0x3d0 build/stm32f4xx_hal_tim.o
 .debug_aranges
                0x00000a08      0x168 build/stm32f4xx_hal_tim_ex.o
 .debug_aranges
                0x00000b70       0x28 build/system_stm32f4xx.o
 .debug_aranges
                0x00000b98       0x40 build/bmi088.o
 .debug_aranges
                0x00000bd8       0x20 build/dma.o
 .debug_aranges
                0x00000bf8       0x30 build/freertos.o
 .debug_aranges
                0x00000c28       0x30 build/stm32f4xx_hal_timebase_tim.o
 .debug_aranges
                0x00000c58       0x40 build/list.o
 .debug_aranges
                0x00000c98      0x158 build/queue.o
 .debug_aranges
                0x00000df0      0x208 build/tasks.o
 .debug_aranges
                0x00000ff8       0xf0 build/timers.o
 .debug_aranges
                0x000010e8      0x2a0 build/cmsis_os2.o
 .debug_aranges
                0x00001388       0x58 build/heap_4.o
 .debug_aranges
                0x000013e0       0x80 build/port.o
 .debug_aranges
                0x00001460       0x28 build/startup_stm32f407xx.o
 .debug_aranges
                0x00001488       0x20 D:/msys64/mingw64/bin/../lib/gcc/arm-none-eabi/13.3.0/../../../../arm-none-eabi/lib/thumb/v7e-m+fp/hard\libc_nano.a(libc_a-memset.o)
 .debug_aranges
                0x000014a8       0x20 D:/msys64/mingw64/bin/../lib/gcc/arm-none-eabi/13.3.0/../../../../arm-none-eabi/lib/thumb/v7e-m+fp/hard\libc_nano.a(libc_a-init.o)
 .debug_aranges
                0x000014c8       0x20 D:/msys64/mingw64/bin/../lib/gcc/arm-none-eabi/13.3.0/../../../../arm-none-eabi/lib/thumb/v7e-m+fp/hard\libc_nano.a(libc_a-memcpy.o)
 .debug_aranges
                0x000014e8       0x20 D:/msys64/mingw64/bin/../lib/gcc/arm-none-eabi/13.3.0/thumb/v7e-m+fp/hard\libgcc.a(_aeabi_uldivmod.o)
 .debug_aranges
                0x00001508       0x20 D:/msys64/mingw64/bin/../lib/gcc/arm-none-eabi/13.3.0/thumb/v7e-m+fp/hard\libgcc.a(_udivmoddi4.o)
 .debug_aranges
                0x00001528       0x20 D:/msys64/mingw64/bin/../lib/gcc/arm-none-eabi/13.3.0/thumb/v7e-m+fp/hard\libgcc.a(_dvmd_tls.o)

.debug_ranges   0x00000000     0x1530
 .debug_ranges  0x00000000       0x28 build/main.o
 .debug_ranges  0x00000028       0x10 build/gpio.o
 .debug_ranges  0x00000038       0x20 build/spi.o
 .debug_ranges  0x00000058       0x58 build/stm32f4xx_it.o
 .debug_ranges  0x000000b0       0x10 build/stm32f4xx_hal_msp.o
 .debug_ranges  0x000000c0      0x1c0 build/stm32f4xx_hal_spi.o
 .debug_ranges  0x00000280       0x90 build/stm32f4xx_hal_rcc.o
 .debug_ranges  0x00000310       0x48 build/stm32f4xx_hal_gpio.o
 .debug_ranges  0x00000358       0x80 build/stm32f4xx_hal_dma.o
 .debug_ranges  0x000003d8       0xe8 build/stm32f4xx_hal_cortex.o
 .debug_ranges  0x000004c0       0xe0 build/stm32f4xx_hal.o
 .debug_ranges  0x000005a0      0x3c0 build/stm32f4xx_hal_tim.o
 .debug_ranges  0x00000960      0x158 build/stm32f4xx_hal_tim_ex.o
 .debug_ranges  0x00000ab8       0x18 build/system_stm32f4xx.o
 .debug_ranges  0x00000ad0       0x30 build/bmi088.o
 .debug_ranges  0x00000b00       0x10 build/dma.o
 .debug_ranges  0x00000b10       0x20 build/freertos.o
 .debug_ranges  0x00000b30       0x20 build/stm32f4xx_hal_timebase_tim.o
 .debug_ranges  0x00000b50       0x30 build/list.o
 .debug_ranges  0x00000b80      0x218 build/queue.o
 .debug_ranges  0x00000d98      0x338 build/tasks.o
 .debug_ranges  0x000010d0       0xe0 build/timers.o
 .debug_ranges  0x000011b0      0x290 build/cmsis_os2.o
 .debug_ranges  0x00001440       0x48 build/heap_4.o
 .debug_ranges  0x00001488       0x88 build/port.o
 .debug_ranges  0x00001510       0x20 build/startup_stm32f407xx.o

.debug_line     0x00000000    0x161c2
 .debug_line    0x00000000      0x384 build/main.o
 .debug_line    0x00000384      0x196 build/gpio.o
 .debug_line    0x0000051a      0x3c1 build/spi.o
 .debug_line    0x000008db      0x263 build/stm32f4xx_it.o
 .debug_line    0x00000b3e      0x154 build/stm32f4xx_hal_msp.o
 .debug_line    0x00000c92     0x2429 build/stm32f4xx_hal_spi.o
 .debug_line    0x000030bb      0xb7f build/stm32f4xx_hal_rcc.o
 .debug_line    0x00003c3a      0x6b7 build/stm32f4xx_hal_gpio.o
 .debug_line    0x000042f1      0xdf5 build/stm32f4xx_hal_dma.o
 .debug_line    0x000050e6      0x7ec build/stm32f4xx_hal_cortex.o
 .debug_line    0x000058d2      0x529 build/stm32f4xx_hal.o
 .debug_line    0x00005dfb     0x4730 build/stm32f4xx_hal_tim.o
 .debug_line    0x0000a52b     0x1a79 build/stm32f4xx_hal_tim_ex.o
 .debug_line    0x0000bfa4      0x210 build/system_stm32f4xx.o
 .debug_line    0x0000c1b4      0x476 build/bmi088.o
 .debug_line    0x0000c62a      0x143 build/dma.o
 .debug_line    0x0000c76d      0x17a build/freertos.o
 .debug_line    0x0000c8e7      0x2b2 build/stm32f4xx_hal_timebase_tim.o
 .debug_line    0x0000cb99      0x317 build/list.o
 .debug_line    0x0000ceb0     0x1c74 build/queue.o
 .debug_line    0x0000eb24     0x273c build/tasks.o
 .debug_line    0x00011260      0xd91 build/timers.o
 .debug_line    0x00011ff1     0x2b6e build/cmsis_os2.o
 .debug_line    0x00014b5f      0x6a6 build/heap_4.o
 .debug_line    0x00015205      0x5e5 build/port.o
 .debug_line    0x000157ea       0x73 build/startup_stm32f407xx.o
 .debug_line    0x0001585d      0x1cd D:/msys64/mingw64/bin/../lib/gcc/arm-none-eabi/13.3.0/../../../../arm-none-eabi/lib/thumb/v7e-m+fp/hard\libc_nano.a(libc_a-memset.o)
 .debug_line    0x00015a2a      0x144 D:/msys64/mingw64/bin/../lib/gcc/arm-none-eabi/13.3.0/../../../../arm-none-eabi/lib/thumb/v7e-m+fp/hard\libc_nano.a(libc_a-init.o)
 .debug_line    0x00015b6e       0xb9 D:/msys64/mingw64/bin/../lib/gcc/arm-none-eabi/13.3.0/../../../../arm-none-eabi/lib/thumb/v7e-m+fp/hard\libc_nano.a(libc_a-memcpy.o)
 .debug_line    0x00015c27       0x4e D:/msys64/mingw64/bin/../lib/gcc/arm-none-eabi/13.3.0/thumb/v7e-m+fp/hard\libgcc.a(_aeabi_uldivmod.o)
 .debug_line    0x00015c75      0x503 D:/msys64/mingw64/bin/../lib/gcc/arm-none-eabi/13.3.0/thumb/v7e-m+fp/hard\libgcc.a(_udivmoddi4.o)
 .debug_line    0x00016178       0x4a D:/msys64/mingw64/bin/../lib/gcc/arm-none-eabi/13.3.0/thumb/v7e-m+fp/hard\libgcc.a(_dvmd_tls.o)

.debug_str      0x00000000     0x7778
 .debug_str     0x00000000     0x7778 build/main.o
                                0xaa7 (size before relaxing)
 .debug_str     0x00007778      0x32f build/gpio.o
 .debug_str     0x00007778      0xd26 build/spi.o
 .debug_str     0x00007778      0x993 build/stm32f4xx_it.o
 .debug_str     0x00007778      0x77d build/stm32f4xx_hal_msp.o
 .debug_str     0x00007778      0xba9 build/stm32f4xx_hal_spi.o
 .debug_str     0x00007778      0x6bb build/stm32f4xx_hal_rcc.o
 .debug_str     0x00007778      0x495 build/stm32f4xx_hal_gpio.o
 .debug_str     0x00007778      0x72b build/stm32f4xx_hal_dma.o
 .debug_str     0x00007778      0xc2a build/stm32f4xx_hal_cortex.o
 .debug_str     0x00007778      0xb19 build/stm32f4xx_hal.o
 .debug_str     0x00007778     0x16b4 build/stm32f4xx_hal_tim.o
 .debug_str     0x00007778      0xec0 build/stm32f4xx_hal_tim_ex.o
 .debug_str     0x00007778      0x32a build/system_stm32f4xx.o
 .debug_str     0x00007778      0x791 build/bmi088.o
 .debug_str     0x00007778      0x782 build/dma.o
 .debug_str     0x00007778      0x711 build/freertos.o
 .debug_str     0x00007778      0xe21 build/stm32f4xx_hal_timebase_tim.o
 .debug_str     0x00007778      0x2b7 build/list.o
 .debug_str     0x00007778      0xccd build/queue.o
 .debug_str     0x00007778     0x129c build/tasks.o
 .debug_str     0x00007778      0xbfd build/timers.o
 .debug_str     0x00007778     0x2178 build/cmsis_os2.o
 .debug_str     0x00007778      0x4d0 build/heap_4.o
 .debug_str     0x00007778      0x437 build/port.o
 .debug_str     0x00007778       0x40 build/startup_stm32f407xx.o
 .debug_str     0x00007778      0x19b D:/msys64/mingw64/bin/../lib/gcc/arm-none-eabi/13.3.0/../../../../arm-none-eabi/lib/thumb/v7e-m+fp/hard\libc_nano.a(libc_a-memset.o)
 .debug_str     0x00007778      0x1e8 D:/msys64/mingw64/bin/../lib/gcc/arm-none-eabi/13.3.0/../../../../arm-none-eabi/lib/thumb/v7e-m+fp/hard\libc_nano.a(libc_a-init.o)
 .debug_str     0x00007778       0xa3 D:/msys64/mingw64/bin/../lib/gcc/arm-none-eabi/13.3.0/../../../../arm-none-eabi/lib/thumb/v7e-m+fp/hard\libc_nano.a(libc_a-memcpy.o)
 .debug_str     0x00007778       0x7e D:/msys64/mingw64/bin/../lib/gcc/arm-none-eabi/13.3.0/thumb/v7e-m+fp/hard\libgcc.a(_aeabi_uldivmod.o)
 .debug_str     0x00007778      0x696 D:/msys64/mingw64/bin/../lib/gcc/arm-none-eabi/13.3.0/thumb/v7e-m+fp/hard\libgcc.a(_udivmoddi4.o)
 .debug_str     0x00007778       0x9e D:/msys64/mingw64/bin/../lib/gcc/arm-none-eabi/13.3.0/thumb/v7e-m+fp/hard\libgcc.a(_dvmd_tls.o)

.comment        0x00000000       0x24
 .comment       0x00000000       0x24 build/main.o
                                 0x13 (size before relaxing)
 .comment       0x00000024       0x13 build/gpio.o
 .comment       0x00000024       0x13 build/spi.o
 .comment       0x00000024       0x13 build/stm32f4xx_it.o
 .comment       0x00000024       0x13 build/stm32f4xx_hal_msp.o
 .comment       0x00000024       0x13 build/stm32f4xx_hal_spi.o
 .comment       0x00000024       0x13 build/stm32f4xx_hal_rcc.o
 .comment       0x00000024       0x13 build/stm32f4xx_hal_gpio.o
 .comment       0x00000024       0x13 build/stm32f4xx_hal_dma.o
 .comment       0x00000024       0x13 build/stm32f4xx_hal_cortex.o
 .comment       0x00000024       0x13 build/stm32f4xx_hal.o
 .comment       0x00000024       0x13 build/stm32f4xx_hal_tim.o
 .comment       0x00000024       0x13 build/stm32f4xx_hal_tim_ex.o
 .comment       0x00000024       0x13 build/system_stm32f4xx.o
 .comment       0x00000024       0x13 build/bmi088.o
 .comment       0x00000024       0x13 build/dma.o
 .comment       0x00000024       0x13 build/freertos.o
 .comment       0x00000024       0x13 build/stm32f4xx_hal_timebase_tim.o
 .comment       0x00000024       0x13 build/list.o
 .comment       0x00000024       0x13 build/queue.o
 .comment       0x00000024       0x13 build/tasks.o
 .comment       0x00000024       0x13 build/timers.o
 .comment       0x00000024       0x13 build/cmsis_os2.o
 .comment       0x00000024       0x13 build/heap_4.o
 .comment       0x00000024       0x13 build/port.o
 .comment       0x00000024       0x13 D:/msys64/mingw64/bin/../lib/gcc/arm-none-eabi/13.3.0/../../../../arm-none-eabi/lib/thumb/v7e-m+fp/hard\libc_nano.a(libc_a-memset.o)
 .comment       0x00000024       0x13 D:/msys64/mingw64/bin/../lib/gcc/arm-none-eabi/13.3.0/../../../../arm-none-eabi/lib/thumb/v7e-m+fp/hard\libc_nano.a(libc_a-init.o)
 .comment       0x00000024       0x13 D:/msys64/mingw64/bin/../lib/gcc/arm-none-eabi/13.3.0/thumb/v7e-m+fp/hard\libgcc.a(_udivmoddi4.o)

.debug_frame    0x00000000     0x3a54
 .debug_frame   0x00000000       0x70 build/main.o
 .debug_frame   0x00000070       0x34 build/gpio.o
 .debug_frame   0x000000a4       0x68 build/spi.o
 .debug_frame   0x0000010c       0xd0 build/stm32f4xx_it.o
 .debug_frame   0x000001dc       0x2c build/stm32f4xx_hal_msp.o
 .debug_frame   0x00000208      0x5c8 build/stm32f4xx_hal_spi.o
 .debug_frame   0x000007d0      0x16c build/stm32f4xx_hal_rcc.o
 .debug_frame   0x0000093c       0xd8 build/stm32f4xx_hal_gpio.o
 .debug_frame   0x00000a14      0x188 build/stm32f4xx_hal_dma.o
 .debug_frame   0x00000b9c      0x214 build/stm32f4xx_hal_cortex.o
 .debug_frame   0x00000db0      0x1ec build/stm32f4xx_hal.o
 .debug_frame   0x00000f9c      0xb10 build/stm32f4xx_hal_tim.o
 .debug_frame   0x00001aac      0x418 build/stm32f4xx_hal_tim_ex.o
 .debug_frame   0x00001ec4       0x30 build/system_stm32f4xx.o
 .debug_frame   0x00001ef4       0x90 build/bmi088.o
 .debug_frame   0x00001f84       0x30 build/dma.o
 .debug_frame   0x00001fb4       0x50 build/freertos.o
 .debug_frame   0x00002004       0x54 build/stm32f4xx_hal_timebase_tim.o
 .debug_frame   0x00002058       0x70 build/list.o
 .debug_frame   0x000020c8      0x458 build/queue.o
 .debug_frame   0x00002520      0x684 build/tasks.o
 .debug_frame   0x00002ba4      0x30c build/timers.o
 .debug_frame   0x00002eb0      0x90c build/cmsis_os2.o
 .debug_frame   0x000037bc       0xd0 build/heap_4.o
 .debug_frame   0x0000388c      0x110 build/port.o
 .debug_frame   0x0000399c       0x2c D:/msys64/mingw64/bin/../lib/gcc/arm-none-eabi/13.3.0/../../../../arm-none-eabi/lib/thumb/v7e-m+fp/hard\libc_nano.a(libc_a-memset.o)
 .debug_frame   0x000039c8       0x2c D:/msys64/mingw64/bin/../lib/gcc/arm-none-eabi/13.3.0/../../../../arm-none-eabi/lib/thumb/v7e-m+fp/hard\libc_nano.a(libc_a-init.o)
 .debug_frame   0x000039f4       0x2c D:/msys64/mingw64/bin/../lib/gcc/arm-none-eabi/13.3.0/thumb/v7e-m+fp/hard\libgcc.a(_aeabi_uldivmod.o)
 .debug_frame   0x00003a20       0x34 D:/msys64/mingw64/bin/../lib/gcc/arm-none-eabi/13.3.0/thumb/v7e-m+fp/hard\libgcc.a(_udivmoddi4.o)

.debug_loclists
                0x00000000      0x983
 .debug_loclists
                0x00000000      0x1b6 D:/msys64/mingw64/bin/../lib/gcc/arm-none-eabi/13.3.0/../../../../arm-none-eabi/lib/thumb/v7e-m+fp/hard\libc_nano.a(libc_a-memset.o)
 .debug_loclists
                0x000001b6       0x65 D:/msys64/mingw64/bin/../lib/gcc/arm-none-eabi/13.3.0/../../../../arm-none-eabi/lib/thumb/v7e-m+fp/hard\libc_nano.a(libc_a-init.o)
 .debug_loclists
                0x0000021b      0x768 D:/msys64/mingw64/bin/../lib/gcc/arm-none-eabi/13.3.0/thumb/v7e-m+fp/hard\libgcc.a(_udivmoddi4.o)

.debug_line_str
                0x00000000      0x10e
 .debug_line_str
                0x00000000      0x10e D:/msys64/mingw64/bin/../lib/gcc/arm-none-eabi/13.3.0/../../../../arm-none-eabi/lib/thumb/v7e-m+fp/hard\libc_nano.a(libc_a-memcpy.o)
                                 0x90 (size before relaxing)
 .debug_line_str
                0x0000010e       0x72 D:/msys64/mingw64/bin/../lib/gcc/arm-none-eabi/13.3.0/thumb/v7e-m+fp/hard\libgcc.a(_aeabi_uldivmod.o)
 .debug_line_str
                0x0000010e       0x76 D:/msys64/mingw64/bin/../lib/gcc/arm-none-eabi/13.3.0/thumb/v7e-m+fp/hard\libgcc.a(_dvmd_tls.o)

.debug_rnglists
                0x00000000       0x6d
 .debug_rnglists
                0x00000000       0x6d D:/msys64/mingw64/bin/../lib/gcc/arm-none-eabi/13.3.0/thumb/v7e-m+fp/hard\libgcc.a(_udivmoddi4.o)

Cross Reference Table

Symbol                                            File
ADC_IRQHandler                                    build/startup_stm32f407xx.o
AHBPrescTable                                     build/system_stm32f4xx.o
                                                  build/stm32f4xx_hal_rcc.o
APBPrescTable                                     build/system_stm32f4xx.o
                                                  build/stm32f4xx_hal_rcc.o
BMI088TaskHandle                                  build/freertos.o
BMI088Task_attributes                             build/freertos.o
BMI088_ACCEL_SEN                                  build/bmi088.o
BMI088_Accel_Init                                 build/bmi088.o
                                                  build/main.o
BMI088_Accel_Read                                 build/bmi088.o
                                                  build/freertos.o
                                                  build/main.o
BMI088_GYRO_SEN                                   build/bmi088.o
BMI088_Gyro_Init                                  build/bmi088.o
                                                  build/main.o
BMI088_Gyro_Read                                  build/bmi088.o
                                                  build/freertos.o
                                                  build/main.o
BMI088_Temper_read                                build/bmi088.o
BusFault_Handler                                  build/stm32f4xx_it.o
CAN1_RX0_IRQHandler                               build/startup_stm32f407xx.o
CAN1_RX1_IRQHandler                               build/startup_stm32f407xx.o
CAN1_SCE_IRQHandler                               build/startup_stm32f407xx.o
CAN1_TX_IRQHandler                                build/startup_stm32f407xx.o
CAN2_RX0_IRQHandler                               build/startup_stm32f407xx.o
CAN2_RX1_IRQHandler                               build/startup_stm32f407xx.o
CAN2_SCE_IRQHandler                               build/startup_stm32f407xx.o
CAN2_TX_IRQHandler                                build/startup_stm32f407xx.o
DCMI_IRQHandler                                   build/startup_stm32f407xx.o
DMA1_Stream0_IRQHandler                           build/startup_stm32f407xx.o
DMA1_Stream1_IRQHandler                           build/startup_stm32f407xx.o
DMA1_Stream2_IRQHandler                           build/startup_stm32f407xx.o
DMA1_Stream3_IRQHandler                           build/startup_stm32f407xx.o
DMA1_Stream4_IRQHandler                           build/startup_stm32f407xx.o
DMA1_Stream5_IRQHandler                           build/startup_stm32f407xx.o
DMA1_Stream6_IRQHandler                           build/startup_stm32f407xx.o
DMA1_Stream7_IRQHandler                           build/startup_stm32f407xx.o
DMA2_Stream0_IRQHandler                           build/stm32f4xx_it.o
DMA2_Stream1_IRQHandler                           build/startup_stm32f407xx.o
DMA2_Stream2_IRQHandler                           build/startup_stm32f407xx.o
DMA2_Stream3_IRQHandler                           build/stm32f4xx_it.o
DMA2_Stream4_IRQHandler                           build/startup_stm32f407xx.o
DMA2_Stream5_IRQHandler                           build/startup_stm32f407xx.o
DMA2_Stream6_IRQHandler                           build/startup_stm32f407xx.o
DMA2_Stream7_IRQHandler                           build/startup_stm32f407xx.o
DebugMon_Handler                                  build/stm32f4xx_it.o
Default_Handler                                   build/startup_stm32f407xx.o
ETH_IRQHandler                                    build/startup_stm32f407xx.o
ETH_WKUP_IRQHandler                               build/startup_stm32f407xx.o
EXTI0_IRQHandler                                  build/startup_stm32f407xx.o
EXTI15_10_IRQHandler                              build/startup_stm32f407xx.o
EXTI1_IRQHandler                                  build/startup_stm32f407xx.o
EXTI2_IRQHandler                                  build/startup_stm32f407xx.o
EXTI3_IRQHandler                                  build/startup_stm32f407xx.o
EXTI4_IRQHandler                                  build/startup_stm32f407xx.o
EXTI9_5_IRQHandler                                build/startup_stm32f407xx.o
Error_Handler                                     build/main.o
                                                  build/spi.o
FLASH_Erase_Sector                                build/stm32f4xx_hal_flash_ex.o
                                                  build/stm32f4xx_hal_flash.o
FLASH_FlushCaches                                 build/stm32f4xx_hal_flash_ex.o
                                                  build/stm32f4xx_hal_flash.o
FLASH_IRQHandler                                  build/startup_stm32f407xx.o
FLASH_WaitForLastOperation                        build/stm32f4xx_hal_flash.o
                                                  build/stm32f4xx_hal_flash_ex.o
FPU_IRQHandler                                    build/startup_stm32f407xx.o
FSMC_IRQHandler                                   build/startup_stm32f407xx.o
HAL_CORTEX_ClearEvent                             build/stm32f4xx_hal_cortex.o
HAL_DBGMCU_DisableDBGSleepMode                    build/stm32f4xx_hal.o
HAL_DBGMCU_DisableDBGStandbyMode                  build/stm32f4xx_hal.o
HAL_DBGMCU_DisableDBGStopMode                     build/stm32f4xx_hal.o
HAL_DBGMCU_EnableDBGSleepMode                     build/stm32f4xx_hal.o
HAL_DBGMCU_EnableDBGStandbyMode                   build/stm32f4xx_hal.o
HAL_DBGMCU_EnableDBGStopMode                      build/stm32f4xx_hal.o
HAL_DMAEx_ChangeMemory                            build/stm32f4xx_hal_dma_ex.o
HAL_DMAEx_MultiBufferStart                        build/stm32f4xx_hal_dma_ex.o
HAL_DMAEx_MultiBufferStart_IT                     build/stm32f4xx_hal_dma_ex.o
HAL_DMA_Abort                                     build/stm32f4xx_hal_dma.o
                                                  build/stm32f4xx_hal_spi.o
HAL_DMA_Abort_IT                                  build/stm32f4xx_hal_dma.o
                                                  build/stm32f4xx_hal_tim_ex.o
                                                  build/stm32f4xx_hal_tim.o
                                                  build/stm32f4xx_hal_spi.o
HAL_DMA_DeInit                                    build/stm32f4xx_hal_dma.o
                                                  build/spi.o
HAL_DMA_GetError                                  build/stm32f4xx_hal_dma.o
HAL_DMA_GetState                                  build/stm32f4xx_hal_dma.o
HAL_DMA_IRQHandler                                build/stm32f4xx_hal_dma.o
                                                  build/stm32f4xx_it.o
HAL_DMA_Init                                      build/stm32f4xx_hal_dma.o
                                                  build/spi.o
HAL_DMA_PollForTransfer                           build/stm32f4xx_hal_dma.o
HAL_DMA_RegisterCallback                          build/stm32f4xx_hal_dma.o
HAL_DMA_Start                                     build/stm32f4xx_hal_dma.o
HAL_DMA_Start_IT                                  build/stm32f4xx_hal_dma.o
                                                  build/stm32f4xx_hal_tim_ex.o
                                                  build/stm32f4xx_hal_tim.o
                                                  build/stm32f4xx_hal_spi.o
HAL_DMA_UnRegisterCallback                        build/stm32f4xx_hal_dma.o
HAL_DeInit                                        build/stm32f4xx_hal.o
HAL_Delay                                         build/stm32f4xx_hal.o
                                                  build/bmi088.o
                                                  build/main.o
HAL_DisableCompensationCell                       build/stm32f4xx_hal.o
HAL_EXTI_ClearConfigLine                          build/stm32f4xx_hal_exti.o
HAL_EXTI_ClearPending                             build/stm32f4xx_hal_exti.o
HAL_EXTI_GenerateSWI                              build/stm32f4xx_hal_exti.o
HAL_EXTI_GetConfigLine                            build/stm32f4xx_hal_exti.o
HAL_EXTI_GetHandle                                build/stm32f4xx_hal_exti.o
HAL_EXTI_GetPending                               build/stm32f4xx_hal_exti.o
HAL_EXTI_IRQHandler                               build/stm32f4xx_hal_exti.o
HAL_EXTI_RegisterCallback                         build/stm32f4xx_hal_exti.o
HAL_EXTI_SetConfigLine                            build/stm32f4xx_hal_exti.o
HAL_EnableCompensationCell                        build/stm32f4xx_hal.o
HAL_FLASHEx_Erase                                 build/stm32f4xx_hal_flash_ex.o
HAL_FLASHEx_Erase_IT                              build/stm32f4xx_hal_flash_ex.o
HAL_FLASHEx_OBGetConfig                           build/stm32f4xx_hal_flash_ex.o
HAL_FLASHEx_OBProgram                             build/stm32f4xx_hal_flash_ex.o
HAL_FLASH_EndOfOperationCallback                  build/stm32f4xx_hal_flash.o
HAL_FLASH_GetError                                build/stm32f4xx_hal_flash.o
HAL_FLASH_IRQHandler                              build/stm32f4xx_hal_flash.o
HAL_FLASH_Lock                                    build/stm32f4xx_hal_flash.o
HAL_FLASH_OB_Launch                               build/stm32f4xx_hal_flash.o
HAL_FLASH_OB_Lock                                 build/stm32f4xx_hal_flash.o
HAL_FLASH_OB_Unlock                               build/stm32f4xx_hal_flash.o
HAL_FLASH_OperationErrorCallback                  build/stm32f4xx_hal_flash.o
HAL_FLASH_Program                                 build/stm32f4xx_hal_flash.o
HAL_FLASH_Program_IT                              build/stm32f4xx_hal_flash.o
HAL_FLASH_Unlock                                  build/stm32f4xx_hal_flash.o
HAL_GPIO_DeInit                                   build/stm32f4xx_hal_gpio.o
                                                  build/spi.o
HAL_GPIO_EXTI_Callback                            build/stm32f4xx_hal_gpio.o
HAL_GPIO_EXTI_IRQHandler                          build/stm32f4xx_hal_gpio.o
HAL_GPIO_Init                                     build/stm32f4xx_hal_gpio.o
                                                  build/stm32f4xx_hal_rcc.o
                                                  build/spi.o
                                                  build/gpio.o
HAL_GPIO_LockPin                                  build/stm32f4xx_hal_gpio.o
HAL_GPIO_ReadPin                                  build/stm32f4xx_hal_gpio.o
HAL_GPIO_TogglePin                                build/stm32f4xx_hal_gpio.o
HAL_GPIO_WritePin                                 build/stm32f4xx_hal_gpio.o
                                                  build/bmi088.o
                                                  build/gpio.o
HAL_GetDEVID                                      build/stm32f4xx_hal.o
HAL_GetHalVersion                                 build/stm32f4xx_hal.o
HAL_GetREVID                                      build/stm32f4xx_hal.o
HAL_GetTick                                       build/stm32f4xx_hal.o
                                                  build/stm32f4xx_hal_pwr_ex.o
                                                  build/stm32f4xx_hal_dma.o
                                                  build/stm32f4xx_hal_flash.o
                                                  build/stm32f4xx_hal_rcc_ex.o
                                                  build/stm32f4xx_hal_rcc.o
                                                  build/stm32f4xx_hal_spi.o
HAL_GetTickFreq                                   build/stm32f4xx_hal.o
HAL_GetTickPrio                                   build/stm32f4xx_hal.o
HAL_GetUIDw0                                      build/stm32f4xx_hal.o
HAL_GetUIDw1                                      build/stm32f4xx_hal.o
HAL_GetUIDw2                                      build/stm32f4xx_hal.o
HAL_IncTick                                       build/stm32f4xx_hal.o
                                                  build/main.o
HAL_Init                                          build/stm32f4xx_hal.o
                                                  build/main.o
HAL_InitTick                                      build/stm32f4xx_hal_timebase_tim.o
                                                  build/stm32f4xx_hal.o
                                                  build/stm32f4xx_hal_rcc_ex.o
                                                  build/stm32f4xx_hal_rcc.o
HAL_MPU_ConfigRegion                              build/stm32f4xx_hal_cortex.o
HAL_MPU_Disable                                   build/stm32f4xx_hal_cortex.o
HAL_MPU_DisableRegion                             build/stm32f4xx_hal_cortex.o
HAL_MPU_Enable                                    build/stm32f4xx_hal_cortex.o
HAL_MPU_EnableRegion                              build/stm32f4xx_hal_cortex.o
HAL_MspDeInit                                     build/stm32f4xx_hal.o
HAL_MspInit                                       build/stm32f4xx_hal_msp.o
HAL_NVIC_ClearPendingIRQ                          build/stm32f4xx_hal_cortex.o
HAL_NVIC_DisableIRQ                               build/stm32f4xx_hal_cortex.o
                                                  build/spi.o
HAL_NVIC_EnableIRQ                                build/stm32f4xx_hal_cortex.o
                                                  build/stm32f4xx_hal_timebase_tim.o
                                                  build/dma.o
                                                  build/spi.o
HAL_NVIC_GetActive                                build/stm32f4xx_hal_cortex.o
HAL_NVIC_GetPendingIRQ                            build/stm32f4xx_hal_cortex.o
HAL_NVIC_GetPriority                              build/stm32f4xx_hal_cortex.o
HAL_NVIC_GetPriorityGrouping                      build/stm32f4xx_hal_cortex.o
HAL_NVIC_SetPendingIRQ                            build/stm32f4xx_hal_cortex.o
HAL_NVIC_SetPriority                              build/stm32f4xx_hal_cortex.o
                                                  build/stm32f4xx_hal_timebase_tim.o
                                                  build/dma.o
                                                  build/stm32f4xx_hal.o
                                                  build/stm32f4xx_hal_msp.o
                                                  build/spi.o
HAL_NVIC_SetPriorityGrouping                      build/stm32f4xx_hal_cortex.o
                                                  build/stm32f4xx_hal.o
HAL_NVIC_SystemReset                              build/stm32f4xx_hal_cortex.o
HAL_PWREx_ControlVoltageScaling                   build/stm32f4xx_hal_pwr_ex.o
HAL_PWREx_DisableBkUpReg                          build/stm32f4xx_hal_pwr_ex.o
HAL_PWREx_DisableFlashPowerDown                   build/stm32f4xx_hal_pwr_ex.o
HAL_PWREx_EnableBkUpReg                           build/stm32f4xx_hal_pwr_ex.o
HAL_PWREx_EnableFlashPowerDown                    build/stm32f4xx_hal_pwr_ex.o
HAL_PWREx_GetVoltageRange                         build/stm32f4xx_hal_pwr_ex.o
HAL_PWR_ConfigPVD                                 build/stm32f4xx_hal_pwr.o
HAL_PWR_DeInit                                    build/stm32f4xx_hal_pwr.o
HAL_PWR_DisableBkUpAccess                         build/stm32f4xx_hal_pwr.o
HAL_PWR_DisablePVD                                build/stm32f4xx_hal_pwr.o
HAL_PWR_DisableSEVOnPend                          build/stm32f4xx_hal_pwr.o
HAL_PWR_DisableSleepOnExit                        build/stm32f4xx_hal_pwr.o
HAL_PWR_DisableWakeUpPin                          build/stm32f4xx_hal_pwr.o
HAL_PWR_EnableBkUpAccess                          build/stm32f4xx_hal_pwr.o
HAL_PWR_EnablePVD                                 build/stm32f4xx_hal_pwr.o
HAL_PWR_EnableSEVOnPend                           build/stm32f4xx_hal_pwr.o
HAL_PWR_EnableSleepOnExit                         build/stm32f4xx_hal_pwr.o
HAL_PWR_EnableWakeUpPin                           build/stm32f4xx_hal_pwr.o
HAL_PWR_EnterSLEEPMode                            build/stm32f4xx_hal_pwr.o
HAL_PWR_EnterSTANDBYMode                          build/stm32f4xx_hal_pwr.o
HAL_PWR_EnterSTOPMode                             build/stm32f4xx_hal_pwr.o
HAL_PWR_PVDCallback                               build/stm32f4xx_hal_pwr.o
HAL_PWR_PVD_IRQHandler                            build/stm32f4xx_hal_pwr.o
HAL_RCCEx_DisablePLLI2S                           build/stm32f4xx_hal_rcc_ex.o
HAL_RCCEx_EnablePLLI2S                            build/stm32f4xx_hal_rcc_ex.o
HAL_RCCEx_GetPeriphCLKConfig                      build/stm32f4xx_hal_rcc_ex.o
HAL_RCCEx_GetPeriphCLKFreq                        build/stm32f4xx_hal_rcc_ex.o
HAL_RCCEx_PeriphCLKConfig                         build/stm32f4xx_hal_rcc_ex.o
HAL_RCC_CSSCallback                               build/stm32f4xx_hal_rcc.o
HAL_RCC_ClockConfig                               build/stm32f4xx_hal_rcc.o
                                                  build/main.o
HAL_RCC_DeInit                                    build/stm32f4xx_hal_rcc_ex.o
                                                  build/stm32f4xx_hal_rcc.o
HAL_RCC_DisableCSS                                build/stm32f4xx_hal_rcc.o
HAL_RCC_EnableCSS                                 build/stm32f4xx_hal_rcc.o
HAL_RCC_GetClockConfig                            build/stm32f4xx_hal_rcc.o
                                                  build/stm32f4xx_hal_timebase_tim.o
HAL_RCC_GetHCLKFreq                               build/stm32f4xx_hal_rcc.o
HAL_RCC_GetOscConfig                              build/stm32f4xx_hal_rcc.o
HAL_RCC_GetPCLK1Freq                              build/stm32f4xx_hal_rcc.o
                                                  build/stm32f4xx_hal_timebase_tim.o
HAL_RCC_GetPCLK2Freq                              build/stm32f4xx_hal_rcc.o
HAL_RCC_GetSysClockFreq                           build/stm32f4xx_hal_rcc.o
HAL_RCC_MCOConfig                                 build/stm32f4xx_hal_rcc.o
HAL_RCC_NMI_IRQHandler                            build/stm32f4xx_hal_rcc.o
HAL_RCC_OscConfig                                 build/stm32f4xx_hal_rcc.o
                                                  build/main.o
HAL_ResumeTick                                    build/stm32f4xx_hal_timebase_tim.o
                                                  build/stm32f4xx_hal.o
HAL_SPI_Abort                                     build/stm32f4xx_hal_spi.o
HAL_SPI_AbortCpltCallback                         build/stm32f4xx_hal_spi.o
HAL_SPI_Abort_IT                                  build/stm32f4xx_hal_spi.o
HAL_SPI_DMAPause                                  build/stm32f4xx_hal_spi.o
HAL_SPI_DMAResume                                 build/stm32f4xx_hal_spi.o
HAL_SPI_DMAStop                                   build/stm32f4xx_hal_spi.o
HAL_SPI_DeInit                                    build/stm32f4xx_hal_spi.o
HAL_SPI_ErrorCallback                             build/stm32f4xx_hal_spi.o
HAL_SPI_GetError                                  build/stm32f4xx_hal_spi.o
HAL_SPI_GetState                                  build/stm32f4xx_hal_spi.o
                                                  build/bmi088.o
HAL_SPI_IRQHandler                                build/stm32f4xx_hal_spi.o
                                                  build/stm32f4xx_it.o
HAL_SPI_Init                                      build/stm32f4xx_hal_spi.o
                                                  build/spi.o
HAL_SPI_MspDeInit                                 build/spi.o
HAL_SPI_MspInit                                   build/spi.o
HAL_SPI_Receive                                   build/stm32f4xx_hal_spi.o
                                                  build/bmi088.o
HAL_SPI_Receive_DMA                               build/stm32f4xx_hal_spi.o
HAL_SPI_Receive_IT                                build/stm32f4xx_hal_spi.o
HAL_SPI_RxCpltCallback                            build/stm32f4xx_hal_spi.o
HAL_SPI_RxHalfCpltCallback                        build/stm32f4xx_hal_spi.o
HAL_SPI_Transmit                                  build/stm32f4xx_hal_spi.o
                                                  build/bmi088.o
HAL_SPI_TransmitReceive                           build/stm32f4xx_hal_spi.o
HAL_SPI_TransmitReceive_DMA                       build/stm32f4xx_hal_spi.o
HAL_SPI_TransmitReceive_IT                        build/stm32f4xx_hal_spi.o
HAL_SPI_Transmit_DMA                              build/stm32f4xx_hal_spi.o
HAL_SPI_Transmit_IT                               build/stm32f4xx_hal_spi.o
HAL_SPI_TxCpltCallback                            build/stm32f4xx_hal_spi.o
HAL_SPI_TxHalfCpltCallback                        build/stm32f4xx_hal_spi.o
HAL_SPI_TxRxCpltCallback                          build/stm32f4xx_hal_spi.o
HAL_SPI_TxRxHalfCpltCallback                      build/stm32f4xx_hal_spi.o
HAL_SYSTICK_CLKSourceConfig                       build/stm32f4xx_hal_cortex.o
HAL_SYSTICK_Callback                              build/stm32f4xx_hal_cortex.o
HAL_SYSTICK_Config                                build/stm32f4xx_hal_cortex.o
                                                  build/stm32f4xx_hal.o
HAL_SYSTICK_IRQHandler                            build/stm32f4xx_hal_cortex.o
HAL_SetTickFreq                                   build/stm32f4xx_hal.o
HAL_SuspendTick                                   build/stm32f4xx_hal_timebase_tim.o
                                                  build/stm32f4xx_hal.o
HAL_TIMEx_BreakCallback                           build/stm32f4xx_hal_tim_ex.o
                                                  build/stm32f4xx_hal_tim.o
HAL_TIMEx_CommutCallback                          build/stm32f4xx_hal_tim_ex.o
                                                  build/stm32f4xx_hal_tim.o
HAL_TIMEx_CommutHalfCpltCallback                  build/stm32f4xx_hal_tim_ex.o
HAL_TIMEx_ConfigBreakDeadTime                     build/stm32f4xx_hal_tim_ex.o
HAL_TIMEx_ConfigCommutEvent                       build/stm32f4xx_hal_tim_ex.o
HAL_TIMEx_ConfigCommutEvent_DMA                   build/stm32f4xx_hal_tim_ex.o
HAL_TIMEx_ConfigCommutEvent_IT                    build/stm32f4xx_hal_tim_ex.o
HAL_TIMEx_GetChannelNState                        build/stm32f4xx_hal_tim_ex.o
HAL_TIMEx_HallSensor_DeInit                       build/stm32f4xx_hal_tim_ex.o
HAL_TIMEx_HallSensor_GetState                     build/stm32f4xx_hal_tim_ex.o
HAL_TIMEx_HallSensor_Init                         build/stm32f4xx_hal_tim_ex.o
HAL_TIMEx_HallSensor_MspDeInit                    build/stm32f4xx_hal_tim_ex.o
HAL_TIMEx_HallSensor_MspInit                      build/stm32f4xx_hal_tim_ex.o
HAL_TIMEx_HallSensor_Start                        build/stm32f4xx_hal_tim_ex.o
HAL_TIMEx_HallSensor_Start_DMA                    build/stm32f4xx_hal_tim_ex.o
HAL_TIMEx_HallSensor_Start_IT                     build/stm32f4xx_hal_tim_ex.o
HAL_TIMEx_HallSensor_Stop                         build/stm32f4xx_hal_tim_ex.o
HAL_TIMEx_HallSensor_Stop_DMA                     build/stm32f4xx_hal_tim_ex.o
HAL_TIMEx_HallSensor_Stop_IT                      build/stm32f4xx_hal_tim_ex.o
HAL_TIMEx_MasterConfigSynchronization             build/stm32f4xx_hal_tim_ex.o
HAL_TIMEx_OCN_Start                               build/stm32f4xx_hal_tim_ex.o
HAL_TIMEx_OCN_Start_DMA                           build/stm32f4xx_hal_tim_ex.o
HAL_TIMEx_OCN_Start_IT                            build/stm32f4xx_hal_tim_ex.o
HAL_TIMEx_OCN_Stop                                build/stm32f4xx_hal_tim_ex.o
HAL_TIMEx_OCN_Stop_DMA                            build/stm32f4xx_hal_tim_ex.o
HAL_TIMEx_OCN_Stop_IT                             build/stm32f4xx_hal_tim_ex.o
HAL_TIMEx_OnePulseN_Start                         build/stm32f4xx_hal_tim_ex.o
HAL_TIMEx_OnePulseN_Start_IT                      build/stm32f4xx_hal_tim_ex.o
HAL_TIMEx_OnePulseN_Stop                          build/stm32f4xx_hal_tim_ex.o
HAL_TIMEx_OnePulseN_Stop_IT                       build/stm32f4xx_hal_tim_ex.o
HAL_TIMEx_PWMN_Start                              build/stm32f4xx_hal_tim_ex.o
HAL_TIMEx_PWMN_Start_DMA                          build/stm32f4xx_hal_tim_ex.o
HAL_TIMEx_PWMN_Start_IT                           build/stm32f4xx_hal_tim_ex.o
HAL_TIMEx_PWMN_Stop                               build/stm32f4xx_hal_tim_ex.o
HAL_TIMEx_PWMN_Stop_DMA                           build/stm32f4xx_hal_tim_ex.o
HAL_TIMEx_PWMN_Stop_IT                            build/stm32f4xx_hal_tim_ex.o
HAL_TIMEx_RemapConfig                             build/stm32f4xx_hal_tim_ex.o
HAL_TIM_Base_DeInit                               build/stm32f4xx_hal_tim.o
HAL_TIM_Base_GetState                             build/stm32f4xx_hal_tim.o
HAL_TIM_Base_Init                                 build/stm32f4xx_hal_tim.o
                                                  build/stm32f4xx_hal_timebase_tim.o
HAL_TIM_Base_MspDeInit                            build/stm32f4xx_hal_tim.o
HAL_TIM_Base_MspInit                              build/stm32f4xx_hal_tim.o
HAL_TIM_Base_Start                                build/stm32f4xx_hal_tim.o
HAL_TIM_Base_Start_DMA                            build/stm32f4xx_hal_tim.o
HAL_TIM_Base_Start_IT                             build/stm32f4xx_hal_tim.o
                                                  build/stm32f4xx_hal_timebase_tim.o
HAL_TIM_Base_Stop                                 build/stm32f4xx_hal_tim.o
HAL_TIM_Base_Stop_DMA                             build/stm32f4xx_hal_tim.o
HAL_TIM_Base_Stop_IT                              build/stm32f4xx_hal_tim.o
HAL_TIM_ConfigClockSource                         build/stm32f4xx_hal_tim.o
HAL_TIM_ConfigOCrefClear                          build/stm32f4xx_hal_tim.o
HAL_TIM_ConfigTI1Input                            build/stm32f4xx_hal_tim.o
HAL_TIM_DMABurstState                             build/stm32f4xx_hal_tim.o
HAL_TIM_DMABurst_MultiReadStart                   build/stm32f4xx_hal_tim.o
HAL_TIM_DMABurst_MultiWriteStart                  build/stm32f4xx_hal_tim.o
HAL_TIM_DMABurst_ReadStart                        build/stm32f4xx_hal_tim.o