Archive member included to satisfy reference by file (symbol)

/home/rmer/arm-none-eabi/bin/../lib/gcc/arm-none-eabi/13.3.1/../../../../arm-none-eabi/lib/thumb/v7e-m+fp/hard/libc_nano.a(libc_a-exit.o)
                              /home/rmer/arm-none-eabi/bin/../lib/gcc/arm-none-eabi/13.3.1/../../../../arm-none-eabi/lib/thumb/v7e-m+fp/hard/crt0.o (exit)
/home/rmer/arm-none-eabi/bin/../lib/gcc/arm-none-eabi/13.3.1/../../../../arm-none-eabi/lib/thumb/v7e-m+fp/hard/libc_nano.a(libc_a-init.o)
                              /home/rmer/arm-none-eabi/bin/../lib/gcc/arm-none-eabi/13.3.1/../../../../arm-none-eabi/lib/thumb/v7e-m+fp/hard/crt0.o (__libc_init_array)
/home/rmer/arm-none-eabi/bin/../lib/gcc/arm-none-eabi/13.3.1/../../../../arm-none-eabi/lib/thumb/v7e-m+fp/hard/libc_nano.a(libc_a-memset.o)
                              /home/rmer/arm-none-eabi/bin/../lib/gcc/arm-none-eabi/13.3.1/../../../../arm-none-eabi/lib/thumb/v7e-m+fp/hard/crt0.o (memset)
/home/rmer/arm-none-eabi/bin/../lib/gcc/arm-none-eabi/13.3.1/../../../../arm-none-eabi/lib/thumb/v7e-m+fp/hard/libc_nano.a(libc_a-findfp.o)
                              /home/rmer/arm-none-eabi/bin/../lib/gcc/arm-none-eabi/13.3.1/../../../../arm-none-eabi/lib/thumb/v7e-m+fp/hard/libc_nano.a(libc_a-exit.o) (__stdio_exit_handler)
/home/rmer/arm-none-eabi/bin/../lib/gcc/arm-none-eabi/13.3.1/../../../../arm-none-eabi/lib/thumb/v7e-m+fp/hard/libc_nano.a(libc_a-stdio.o)
                              /home/rmer/arm-none-eabi/bin/../lib/gcc/arm-none-eabi/13.3.1/../../../../arm-none-eabi/lib/thumb/v7e-m+fp/hard/libc_nano.a(libc_a-findfp.o) (__sread)
/home/rmer/arm-none-eabi/bin/../lib/gcc/arm-none-eabi/13.3.1/../../../../arm-none-eabi/lib/thumb/v7e-m+fp/hard/libc_nano.a(libc_a-lseekr.o)
                              /home/rmer/arm-none-eabi/bin/../lib/gcc/arm-none-eabi/13.3.1/../../../../arm-none-eabi/lib/thumb/v7e-m+fp/hard/libc_nano.a(libc_a-stdio.o) (_lseek_r)
/home/rmer/arm-none-eabi/bin/../lib/gcc/arm-none-eabi/13.3.1/../../../../arm-none-eabi/lib/thumb/v7e-m+fp/hard/libc_nano.a(libc_a-readr.o)
                              /home/rmer/arm-none-eabi/bin/../lib/gcc/arm-none-eabi/13.3.1/../../../../arm-none-eabi/lib/thumb/v7e-m+fp/hard/libc_nano.a(libc_a-stdio.o) (_read_r)
/home/rmer/arm-none-eabi/bin/../lib/gcc/arm-none-eabi/13.3.1/../../../../arm-none-eabi/lib/thumb/v7e-m+fp/hard/libc_nano.a(libc_a-fwalk.o)
                              /home/rmer/arm-none-eabi/bin/../lib/gcc/arm-none-eabi/13.3.1/../../../../arm-none-eabi/lib/thumb/v7e-m+fp/hard/libc_nano.a(libc_a-findfp.o) (_fwalk_sglue)
/home/rmer/arm-none-eabi/bin/../lib/gcc/arm-none-eabi/13.3.1/../../../../arm-none-eabi/lib/thumb/v7e-m+fp/hard/libc_nano.a(libc_a-writer.o)
                              /home/rmer/arm-none-eabi/bin/../lib/gcc/arm-none-eabi/13.3.1/../../../../arm-none-eabi/lib/thumb/v7e-m+fp/hard/libc_nano.a(libc_a-stdio.o) (_write_r)
/home/rmer/arm-none-eabi/bin/../lib/gcc/arm-none-eabi/13.3.1/../../../../arm-none-eabi/lib/thumb/v7e-m+fp/hard/libc_nano.a(libc_a-lock.o)
                              /home/rmer/arm-none-eabi/bin/../lib/gcc/arm-none-eabi/13.3.1/../../../../arm-none-eabi/lib/thumb/v7e-m+fp/hard/libc_nano.a(libc_a-findfp.o) (__retarget_lock_init_recursive)
/home/rmer/arm-none-eabi/bin/../lib/gcc/arm-none-eabi/13.3.1/../../../../arm-none-eabi/lib/thumb/v7e-m+fp/hard/libc_nano.a(libc_a-fflush.o)
                              /home/rmer/arm-none-eabi/bin/../lib/gcc/arm-none-eabi/13.3.1/../../../../arm-none-eabi/lib/thumb/v7e-m+fp/hard/libc_nano.a(libc_a-findfp.o) (_fflush_r)
/home/rmer/arm-none-eabi/bin/../lib/gcc/arm-none-eabi/13.3.1/../../../../arm-none-eabi/lib/thumb/v7e-m+fp/hard/libc_nano.a(libc_a-mallocr.o)
                              /home/rmer/arm-none-eabi/bin/../lib/gcc/arm-none-eabi/13.3.1/../../../../arm-none-eabi/lib/thumb/v7e-m+fp/hard/libc_nano.a(libc_a-findfp.o) (_malloc_r)
/home/rmer/arm-none-eabi/bin/../lib/gcc/arm-none-eabi/13.3.1/../../../../arm-none-eabi/lib/thumb/v7e-m+fp/hard/libc_nano.a(libc_a-closer.o)
                              /home/rmer/arm-none-eabi/bin/../lib/gcc/arm-none-eabi/13.3.1/../../../../arm-none-eabi/lib/thumb/v7e-m+fp/hard/libc_nano.a(libc_a-stdio.o) (_close_r)
/home/rmer/arm-none-eabi/bin/../lib/gcc/arm-none-eabi/13.3.1/../../../../arm-none-eabi/lib/thumb/v7e-m+fp/hard/libc_nano.a(libc_a-reent.o)
                              /home/rmer/arm-none-eabi/bin/../lib/gcc/arm-none-eabi/13.3.1/../../../../arm-none-eabi/lib/thumb/v7e-m+fp/hard/libc_nano.a(libc_a-lseekr.o) (errno)
/home/rmer/arm-none-eabi/bin/../lib/gcc/arm-none-eabi/13.3.1/../../../../arm-none-eabi/lib/thumb/v7e-m+fp/hard/libc_nano.a(libc_a-impure.o)
                              /home/rmer/arm-none-eabi/bin/../lib/gcc/arm-none-eabi/13.3.1/../../../../arm-none-eabi/lib/thumb/v7e-m+fp/hard/libc_nano.a(libc_a-fflush.o) (_impure_ptr)
/home/rmer/arm-none-eabi/bin/../lib/gcc/arm-none-eabi/13.3.1/../../../../arm-none-eabi/lib/thumb/v7e-m+fp/hard/libc_nano.a(libc_a-mlock.o)
[...]
Memory Configuration

Name             Origin             Length             Attributes
RAM              0x20000000         0x00020000         xrw
CCMRAM           0x10000000         0x00010000         xrw
FLASH            0x08000000         0x00100000         xr
*default*        0x00000000         0xffffffff

Linker script and memory map

LOAD /home/rmer/arm-none-eabi/bin/../lib/gcc/arm-none-eabi/13.3.1/thumb/v7e-m+fp/hard/crti.o
LOAD /home/rmer/arm-none-eabi/bin/../lib/gcc/arm-none-eabi/13.3.1/thumb/v7e-m+fp/hard/crtbegin.o
LOAD /home/rmer/arm-none-eabi/bin/../lib/gcc/arm-none-eabi/13.3.1/../../../../arm-none-eabi/lib/thumb/v7e-m+fp/hard/crt0.o
START GROUP
LOAD /home/rmer/arm-none-eabi/bin/../lib/gcc/arm-none-eabi/13.3.1/../../../../arm-none-eabi/lib/thumb/v7e-m+fp/hard/libc_nano.a
LOAD /home/rmer/arm-none-eabi/bin/../lib/gcc/arm-none-eabi/13.3.1/../../../../arm-none-eabi/lib/thumb/v7e-m+fp/hard/libm.a
END GROUP
LOAD CMakeFiles/sentry.dir/Bsp/can/bsp_can.c.obj
LOAD CMakeFiles/sentry.dir/Application/chassis/chassis_control.c.obj
LOAD CMakeFiles/sentry.dir/Application/cmd/robot_cmd.c.obj
LOAD CMakeFiles/sentry.dir/Application/pid/pid.c.obj
LOAD CMakeFiles/sentry.dir/Modules/motor/DJImotor/djimotor.c.obj
LOAD CMakeFiles/sentry.dir/Modules/remote/remote_control.c.obj
LOAD CMakeFiles/sentry.dir/Core/Src/main.c.obj
LOAD CMakeFiles/sentry.dir/Core/Src/gpio.c.obj
LOAD CMakeFiles/sentry.dir/Core/Src/can.c.obj
LOAD CMakeFiles/sentry.dir/Core/Src/stm32f4xx_it.c.obj
LOAD CMakeFiles/sentry.dir/Core/Src/stm32f4xx_hal_msp.c.obj
LOAD CMakeFiles/sentry.dir/Drivers/STM32F4xx_HAL_Driver/Src/stm32f4xx_hal_can.c.obj
LOAD CMakeFiles/sentry.dir/Drivers/STM32F4xx_HAL_Driver/Src/stm32f4xx_hal_rcc.c.obj
LOAD CMakeFiles/sentry.dir/Drivers/STM32F4xx_HAL_Driver/Src/stm32f4xx_hal_rcc_ex.c.obj
LOAD CMakeFiles/sentry.dir/Drivers/STM32F4xx_HAL_Driver/Src/stm32f4xx_hal_flash.c.obj
LOAD CMakeFiles/sentry.dir/Drivers/STM32F4xx_HAL_Driver/Src/stm32f4xx_hal_flash_ex.c.obj
LOAD CMakeFiles/sentry.dir/Drivers/STM32F4xx_HAL_Driver/Src/stm32f4xx_hal_flash_ramfunc.c.obj
LOAD CMakeFiles/sentry.dir/Drivers/STM32F4xx_HAL_Driver/Src/stm32f4xx_hal_gpio.c.obj
LOAD CMakeFiles/sentry.dir/Drivers/STM32F4xx_HAL_Driver/Src/stm32f4xx_hal_dma_ex.c.obj
LOAD CMakeFiles/sentry.dir/Drivers/STM32F4xx_HAL_Driver/Src/stm32f4xx_hal_dma.c.obj
LOAD CMakeFiles/sentry.dir/Drivers/STM32F4xx_HAL_Driver/Src/stm32f4xx_hal_pwr.c.obj
LOAD CMakeFiles/sentry.dir/Drivers/STM32F4xx_HAL_Driver/Src/stm32f4xx_hal_pwr_ex.c.obj
LOAD CMakeFiles/sentry.dir/Drivers/STM32F4xx_HAL_Driver/Src/stm32f4xx_hal_cortex.c.obj
LOAD CMakeFiles/sentry.dir/Drivers/STM32F4xx_HAL_Driver/Src/stm32f4xx_hal.c.obj
LOAD CMakeFiles/sentry.dir/Drivers/STM32F4xx_HAL_Driver/Src/stm32f4xx_hal_exti.c.obj
LOAD CMakeFiles/sentry.dir/Drivers/STM32F4xx_HAL_Driver/Src/stm32f4xx_hal_tim.c.obj
LOAD CMakeFiles/sentry.dir/Drivers/STM32F4xx_HAL_Driver/Src/stm32f4xx_hal_tim_ex.c.obj
LOAD CMakeFiles/sentry.dir/Core/Src/system_stm32f4xx.c.obj
LOAD CMakeFiles/sentry.dir/Core/Src/sysmem.c.obj
LOAD CMakeFiles/sentry.dir/Core/Src/syscalls.c.obj
LOAD CMakeFiles/sentry.dir/startup_stm32f407xx.s.obj
START GROUP
LOAD /home/rmer/arm-none-eabi/bin/../lib/gcc/arm-none-eabi/13.3.1/thumb/v7e-m+fp/hard/libgcc.a
LOAD /home/rmer/arm-none-eabi/bin/../lib/gcc/arm-none-eabi/13.3.1/../../../../arm-none-eabi/lib/thumb/v7e-m+fp/hard/libg_nano.a
LOAD /home/rmer/arm-none-eabi/bin/../lib/gcc/arm-none-eabi/13.3.1/../../../../arm-none-eabi/lib/thumb/v7e-m+fp/hard/libc_nano.a
END GROUP
START GROUP
LOAD /home/rmer/arm-none-eabi/bin/../lib/gcc/arm-none-eabi/13.3.1/thumb/v7e-m+fp/hard/libgcc.a
LOAD /home/rmer/arm-none-eabi/bin/../lib/gcc/arm-none-eabi/13.3.1/../../../../arm-none-eabi/lib/thumb/v7e-m+fp/hard/libc_nano.a
END GROUP
LOAD /home/rmer/arm-none-eabi/bin/../lib/gcc/arm-none-eabi/13.3.1/thumb/v7e-m+fp/hard/crtend.o
LOAD /home/rmer/arm-none-eabi/bin/../lib/gcc/arm-none-eabi/13.3.1/thumb/v7e-m+fp/hard/crtn.o
                0x20020000                        _estack = (ORIGIN (RAM) + LENGTH (RAM))
                0x00000200                        _Min_Heap_Size = 0x200
                0x00000400                        _Min_Stack_Size = 0x400

.isr_vector     0x08000000      0x188
                0x08000000                        . = ALIGN (0x4)
 *(.isr_vector)
 .isr_vector    0x08000000      0x188 CMakeFiles/sentry.dir/startup_stm32f407xx.s.obj
                0x08000000                g_pfnVectors
                0x08000188                        . = ALIGN (0x4)

.text           0x08000188     0x2294
                0x08000188                        . = ALIGN (0x4)
 *(.text)
 .text          0x08000188       0x30 /home/rmer/arm-none-eabi/bin/../lib/gcc/arm-none-eabi/13.3.1/thumb/v7e-m+fp/hard/libgcc.a(_aeabi_uldivmod.o)
                0x08000188                __aeabi_uldivmod
 .text          0x080001b8        0x4 /home/rmer/arm-none-eabi/bin/../lib/gcc/arm-none-eabi/13.3.1/thumb/v7e-m+fp/hard/libgcc.a(_dvmd_tls.o)
                0x080001b8                __aeabi_ldiv0
                0x080001b8                __aeabi_idiv0
 *(.text*)
 .text.deregister_tm_clones
                0x080001bc       0x1c /home/rmer/arm-none-eabi/bin/../lib/gcc/arm-none-eabi/13.3.1/thumb/v7e-m+fp/hard/crtbegin.o
 .text.register_tm_clones
                0x080001d8       0x24 /home/rmer/arm-none-eabi/bin/../lib/gcc/arm-none-eabi/13.3.1/thumb/v7e-m+fp/hard/crtbegin.o
 .text.__do_global_dtors_aux
                0x080001fc       0x28 /home/rmer/arm-none-eabi/bin/../lib/gcc/arm-none-eabi/13.3.1/thumb/v7e-m+fp/hard/crtbegin.o
 .text.frame_dummy
                0x08000224       0x24 /home/rmer/arm-none-eabi/bin/../lib/gcc/arm-none-eabi/13.3.1/thumb/v7e-m+fp/hard/crtbegin.o
 .text.__libc_init_array
                0x08000248       0x48 /home/rmer/arm-none-eabi/bin/../lib/gcc/arm-none-eabi/13.3.1/../../../../arm-none-eabi/lib/thumb/v7e-m+fp/hard/libc_nano.a(libc_a-init.o)
                0x08000248                __libc_init_array
 .text.memset   0x08000290       0x10 /home/rmer/arm-none-eabi/bin/../lib/gcc/arm-none-eabi/13.3.1/../../../../arm-none-eabi/lib/thumb/v7e-m+fp/hard/libc_nano.a(libc_a-memset.o)
                0x08000290                memset
 .text.can_user_init
                0x080002a0       0x5c CMakeFiles/sentry.dir/Bsp/can/bsp_can.c.obj
                0x080002a0                can_user_init
 .text.HAL_CAN_RxFifo0MsgPendingCallback
                0x080002fc       0xdc CMakeFiles/sentry.dir/Bsp/can/bsp_can.c.obj
                0x080002fc                HAL_CAN_RxFifo0MsgPendingCallback
 .text.main     0x080003d8       0x24 CMakeFiles/sentry.dir/Core/Src/main.c.obj
                0x080003d8                main
 .text.SystemClock_Config
                0x080003fc       0xd4 CMakeFiles/sentry.dir/Core/Src/main.c.obj
                0x080003fc                SystemClock_Config
 .text.Error_Handler
                0x080004d0        0xc CMakeFiles/sentry.dir/Core/Src/main.c.obj
                0x080004d0                Error_Handler
 .text.MX_GPIO_Init
                0x080004dc       0x6c CMakeFiles/sentry.dir/Core/Src/gpio.c.obj
                0x080004dc                MX_GPIO_Init
 .text.MX_CAN1_Init
                0x08000548       0x6c CMakeFiles/sentry.dir/Core/Src/can.c.obj
                0x08000548                MX_CAN1_Init
 .text.HAL_CAN_MspInit
                0x080005b4       0xa0 CMakeFiles/sentry.dir/Core/Src/can.c.obj
                0x080005b4                HAL_CAN_MspInit
 .text.NMI_Handler
                0x08000654        0x8 CMakeFiles/sentry.dir/Core/Src/stm32f4xx_it.c.obj
                0x08000654                NMI_Handler
 .text.HardFault_Handler
                0x0800065c        0x8 CMakeFiles/sentry.dir/Core/Src/stm32f4xx_it.c.obj
                0x0800065c                HardFault_Handler
 .text.MemManage_Handler
                0x08000664        0x8 CMakeFiles/sentry.dir/Core/Src/stm32f4xx_it.c.obj
                0x08000664                MemManage_Handler
 .text.BusFault_Handler
                0x0800066c        0x8 CMakeFiles/sentry.dir/Core/Src/stm32f4xx_it.c.obj
                0x0800066c                BusFault_Handler
 .text.UsageFault_Handler
                0x08000674        0x8 CMakeFiles/sentry.dir/Core/Src/stm32f4xx_it.c.obj
                0x08000674                UsageFault_Handler
 .text.SVC_Handler
                0x0800067c        0xe CMakeFiles/sentry.dir/Core/Src/stm32f4xx_it.c.obj
                0x0800067c                SVC_Handler
 .text.DebugMon_Handler
                0x0800068a        0xe CMakeFiles/sentry.dir/Core/Src/stm32f4xx_it.c.obj
                0x0800068a                DebugMon_Handler
 .text.PendSV_Handler
                0x08000698        0xe CMakeFiles/sentry.dir/Core/Src/stm32f4xx_it.c.obj
                0x08000698                PendSV_Handler
 .text.SysTick_Handler
                0x080006a6        0xc CMakeFiles/sentry.dir/Core/Src/stm32f4xx_it.c.obj
                0x080006a6                SysTick_Handler
 *fill*         0x080006b2        0x2 
 .text.CAN1_RX0_IRQHandler
                0x080006b4       0x14 CMakeFiles/sentry.dir/Core/Src/stm32f4xx_it.c.obj
                0x080006b4                CAN1_RX0_IRQHandler
 .text.HAL_MspInit
                0x080006c8       0x50 CMakeFiles/sentry.dir/Core/Src/stm32f4xx_hal_msp.c.obj
                0x080006c8                HAL_MspInit
 .text.HAL_CAN_Init
                0x08000718      0x1f6 CMakeFiles/sentry.dir/Drivers/STM32F4xx_HAL_Driver/Src/stm32f4xx_hal_can.c.obj
                0x08000718                HAL_CAN_Init
 *fill*         0x0800090e        0x2 
 .text.HAL_CAN_ConfigFilter
                0x08000910      0x1c0 CMakeFiles/sentry.dir/Drivers/STM32F4xx_HAL_Driver/Src/stm32f4xx_hal_can.c.obj
                0x08000910                HAL_CAN_ConfigFilter
 .text.HAL_CAN_Start
                0x08000ad0       0x88 CMakeFiles/sentry.dir/Drivers/STM32F4xx_HAL_Driver/Src/stm32f4xx_hal_can.c.obj
                0x08000ad0                HAL_CAN_Start
 .text.HAL_CAN_GetRxMessage
                0x08000b58      0x244 CMakeFiles/sentry.dir/Drivers/STM32F4xx_HAL_Driver/Src/stm32f4xx_hal_can.c.obj
                0x08000b58                HAL_CAN_GetRxMessage
 .text.HAL_CAN_ActivateNotification
                0x08000d9c       0x4c CMakeFiles/sentry.dir/Drivers/STM32F4xx_HAL_Driver/Src/stm32f4xx_hal_can.c.obj
                0x08000d9c                HAL_CAN_ActivateNotification
 .text.HAL_CAN_IRQHandler
                0x08000de8      0x36e CMakeFiles/sentry.dir/Drivers/STM32F4xx_HAL_Driver/Src/stm32f4xx_hal_can.c.obj
                0x08000de8                HAL_CAN_IRQHandler
 .text.HAL_CAN_TxMailbox0CompleteCallback
                0x08001156       0x14 CMakeFiles/sentry.dir/Drivers/STM32F4xx_HAL_Driver/Src/stm32f4xx_hal_can.c.obj
                0x08001156                HAL_CAN_TxMailbox0CompleteCallback
 .text.HAL_CAN_TxMailbox1CompleteCallback
                0x0800116a       0x14 CMakeFiles/sentry.dir/Drivers/STM32F4xx_HAL_Driver/Src/stm32f4xx_hal_can.c.obj
                0x0800116a                HAL_CAN_TxMailbox1CompleteCallback
 .text.HAL_CAN_TxMailbox2CompleteCallback
                0x0800117e       0x14 CMakeFiles/sentry.dir/Drivers/STM32F4xx_HAL_Driver/Src/stm32f4xx_hal_can.c.obj
                0x0800117e                HAL_CAN_TxMailbox2CompleteCallback
 .text.HAL_CAN_TxMailbox0AbortCallback
                0x08001192       0x14 CMakeFiles/sentry.dir/Drivers/STM32F4xx_HAL_Driver/Src/stm32f4xx_hal_can.c.obj
                0x08001192                HAL_CAN_TxMailbox0AbortCallback
 .text.HAL_CAN_TxMailbox1AbortCallback
                0x080011a6       0x14 CMakeFiles/sentry.dir/Drivers/STM32F4xx_HAL_Driver/Src/stm32f4xx_hal_can.c.obj
                0x080011a6                HAL_CAN_TxMailbox1AbortCallback
 .text.HAL_CAN_TxMailbox2AbortCallback
                0x080011ba       0x14 CMakeFiles/sentry.dir/Drivers/STM32F4xx_HAL_Driver/Src/stm32f4xx_hal_can.c.obj
                0x080011ba                HAL_CAN_TxMailbox2AbortCallback
 .text.HAL_CAN_RxFifo0FullCallback
                0x080011ce       0x14 CMakeFiles/sentry.dir/Drivers/STM32F4xx_HAL_Driver/Src/stm32f4xx_hal_can.c.obj
                0x080011ce                HAL_CAN_RxFifo0FullCallback
 .text.HAL_CAN_RxFifo1MsgPendingCallback
                0x080011e2       0x14 CMakeFiles/sentry.dir/Drivers/STM32F4xx_HAL_Driver/Src/stm32f4xx_hal_can.c.obj
                0x080011e2                HAL_CAN_RxFifo1MsgPendingCallback
 .text.HAL_CAN_RxFifo1FullCallback
                0x080011f6       0x14 CMakeFiles/sentry.dir/Drivers/STM32F4xx_HAL_Driver/Src/stm32f4xx_hal_can.c.obj
                0x080011f6                HAL_CAN_RxFifo1FullCallback
 .text.HAL_CAN_SleepCallback
                0x0800120a       0x14 CMakeFiles/sentry.dir/Drivers/STM32F4xx_HAL_Driver/Src/stm32f4xx_hal_can.c.obj
                0x0800120a                HAL_CAN_SleepCallback
 .text.HAL_CAN_WakeUpFromRxMsgCallback
                0x0800121e       0x14 CMakeFiles/sentry.dir/Drivers/STM32F4xx_HAL_Driver/Src/stm32f4xx_hal_can.c.obj
                0x0800121e                HAL_CAN_WakeUpFromRxMsgCallback
 .text.HAL_CAN_ErrorCallback
                0x08001232       0x14 CMakeFiles/sentry.dir/Drivers/STM32F4xx_HAL_Driver/Src/stm32f4xx_hal_can.c.obj
                0x08001232                HAL_CAN_ErrorCallback
 *fill*         0x08001246        0x2 
 .text.HAL_RCC_OscConfig
                0x08001248      0x4f0 CMakeFiles/sentry.dir/Drivers/STM32F4xx_HAL_Driver/Src/stm32f4xx_hal_rcc.c.obj
                0x08001248                HAL_RCC_OscConfig
 .text.HAL_RCC_ClockConfig
                0x08001738      0x1cc CMakeFiles/sentry.dir/Drivers/STM32F4xx_HAL_Driver/Src/stm32f4xx_hal_rcc.c.obj
                0x08001738                HAL_RCC_ClockConfig
 .text.HAL_RCC_GetSysClockFreq
                0x08001904      0x18c CMakeFiles/sentry.dir/Drivers/STM32F4xx_HAL_Driver/Src/stm32f4xx_hal_rcc.c.obj
                0x08001904                HAL_RCC_GetSysClockFreq
 .text.HAL_GPIO_Init
                0x08001a90      0x338 CMakeFiles/sentry.dir/Drivers/STM32F4xx_HAL_Driver/Src/stm32f4xx_hal_gpio.c.obj
                0x08001a90                HAL_GPIO_Init
 .text.__NVIC_SetPriorityGrouping
                0x08001dc8       0x48 CMakeFiles/sentry.dir/Drivers/STM32F4xx_HAL_Driver/Src/stm32f4xx_hal_cortex.c.obj
 .text.__NVIC_GetPriorityGrouping
                0x08001e10       0x1c CMakeFiles/sentry.dir/Drivers/STM32F4xx_HAL_Driver/Src/stm32f4xx_hal_cortex.c.obj
 .text.__NVIC_EnableIRQ
                0x08001e2c       0x3c CMakeFiles/sentry.dir/Drivers/STM32F4xx_HAL_Driver/Src/stm32f4xx_hal_cortex.c.obj
 .text.__NVIC_SetPriority
                0x08001e68       0x54 CMakeFiles/sentry.dir/Drivers/STM32F4xx_HAL_Driver/Src/stm32f4xx_hal_cortex.c.obj
 .text.NVIC_EncodePriority
                0x08001ebc       0x66 CMakeFiles/sentry.dir/Drivers/STM32F4xx_HAL_Driver/Src/stm32f4xx_hal_cortex.c.obj
 *fill*         0x08001f22        0x2 
 .text.SysTick_Config
                0x08001f24       0x44 CMakeFiles/sentry.dir/Drivers/STM32F4xx_HAL_Driver/Src/stm32f4xx_hal_cortex.c.obj
 .text.HAL_NVIC_SetPriorityGrouping
                0x08001f68       0x16 CMakeFiles/sentry.dir/Drivers/STM32F4xx_HAL_Driver/Src/stm32f4xx_hal_cortex.c.obj
                0x08001f68                HAL_NVIC_SetPriorityGrouping
 .text.HAL_NVIC_SetPriority
                0x08001f7e       0x38 CMakeFiles/sentry.dir/Drivers/STM32F4xx_HAL_Driver/Src/stm32f4xx_hal_cortex.c.obj
                0x08001f7e                HAL_NVIC_SetPriority
 .text.HAL_NVIC_EnableIRQ
                0x08001fb6       0x1c CMakeFiles/sentry.dir/Drivers/STM32F4xx_HAL_Driver/Src/stm32f4xx_hal_cortex.c.obj
                0x08001fb6                HAL_NVIC_EnableIRQ
 .text.HAL_SYSTICK_Config
                0x08001fd2       0x18 CMakeFiles/sentry.dir/Drivers/STM32F4xx_HAL_Driver/Src/stm32f4xx_hal_cortex.c.obj
                0x08001fd2                HAL_SYSTICK_Config
 *fill*         0x08001fea        0x2 
 .text.HAL_Init
                0x08001fec       0x44 CMakeFiles/sentry.dir/Drivers/STM32F4xx_HAL_Driver/Src/stm32f4xx_hal.c.obj
                0x08001fec                HAL_Init
 .text.HAL_InitTick
                0x08002030       0x60 CMakeFiles/sentry.dir/Drivers/STM32F4xx_HAL_Driver/Src/stm32f4xx_hal.c.obj
                0x08002030                HAL_InitTick
 .text.HAL_IncTick
                0x08002090       0x28 CMakeFiles/sentry.dir/Drivers/STM32F4xx_HAL_Driver/Src/stm32f4xx_hal.c.obj
                0x08002090                HAL_IncTick
 .text.HAL_GetTick
                0x080020b8       0x18 CMakeFiles/sentry.dir/Drivers/STM32F4xx_HAL_Driver/Src/stm32f4xx_hal.c.obj
                0x080020b8                HAL_GetTick
 .text.SystemInit
                0x080020d0       0x24 CMakeFiles/sentry.dir/Core/Src/system_stm32f4xx.c.obj
                0x080020d0                SystemInit
 .text.Reset_Handler
                0x080020f4       0x50 CMakeFiles/sentry.dir/startup_stm32f407xx.s.obj
                0x080020f4                Reset_Handler
 .text.Default_Handler
                0x08002144        0x2 CMakeFiles/sentry.dir/startup_stm32f407xx.s.obj
                0x08002144                RTC_Alarm_IRQHandler
                0x08002144                HASH_RNG_IRQHandler
                0x08002144                EXTI2_IRQHandler
                0x08002144                TIM8_CC_IRQHandler
                0x08002144                TIM1_CC_IRQHandler
                0x08002144                DMA2_Stream5_IRQHandler
                0x08002144                DMA1_Stream5_IRQHandler
                0x08002144                PVD_IRQHandler
                0x08002144                SDIO_IRQHandler
                0x08002144                TAMP_STAMP_IRQHandler
                0x08002144                CAN2_RX1_IRQHandler
                0x08002144                EXTI3_IRQHandler
                0x08002144                TIM8_TRG_COM_TIM14_IRQHandler
                0x08002144                TIM1_UP_TIM10_IRQHandler
                0x08002144                TIM8_UP_TIM13_IRQHandler
                0x08002144                I2C3_ER_IRQHandler
                0x08002144                EXTI0_IRQHandler
                0x08002144                I2C2_EV_IRQHandler
                0x08002144                DMA1_Stream2_IRQHandler
                0x08002144                FPU_IRQHandler
                0x08002144                OTG_HS_WKUP_IRQHandler
                0x08002144                CAN2_SCE_IRQHandler
                0x08002144                DMA2_Stream2_IRQHandler
                0x08002144                SPI1_IRQHandler
                0x08002144                TIM6_DAC_IRQHandler
                0x08002144                TIM1_BRK_TIM9_IRQHandler
                0x08002144                DCMI_IRQHandler
                0x08002144                CAN2_RX0_IRQHandler
                0x08002144                DMA2_Stream3_IRQHandler
                0x08002144                USART6_IRQHandler
                0x08002144                USART3_IRQHandler
                0x08002144                CAN1_RX1_IRQHandler
                0x08002144                UART5_IRQHandler
                0x08002144                DMA2_Stream0_IRQHandler
                0x08002144                TIM4_IRQHandler
                0x08002144                I2C1_EV_IRQHandler
                0x08002144                DMA1_Stream6_IRQHandler
                0x08002144                DMA1_Stream1_IRQHandler
                0x08002144                UART4_IRQHandler
                0x08002144                TIM3_IRQHandler
                0x08002144                RCC_IRQHandler
                0x08002144                TIM8_BRK_TIM12_IRQHandler
                0x08002144                Default_Handler
                0x08002144                EXTI15_10_IRQHandler
                0x08002144                ADC_IRQHandler
                0x08002144                DMA1_Stream7_IRQHandler
                0x08002144                TIM7_IRQHandler
                0x08002144                CAN2_TX_IRQHandler
                0x08002144                TIM5_IRQHandler
                0x08002144                DMA2_Stream7_IRQHandler
                0x08002144                I2C3_EV_IRQHandler
                0x08002144                EXTI9_5_IRQHandler
                0x08002144                RTC_WKUP_IRQHandler
                0x08002144                ETH_WKUP_IRQHandler
                0x08002144                SPI2_IRQHandler
                0x08002144                OTG_HS_EP1_IN_IRQHandler
                0x08002144                DMA1_Stream0_IRQHandler
                0x08002144                CAN1_TX_IRQHandler
                0x08002144                EXTI4_IRQHandler
                0x08002144                FSMC_IRQHandler
                0x08002144                ETH_IRQHandler
                0x08002144                OTG_HS_EP1_OUT_IRQHandler
                0x08002144                WWDG_IRQHandler
                0x08002144                TIM2_IRQHandler
                0x08002144                OTG_FS_WKUP_IRQHandler
                0x08002144                TIM1_TRG_COM_TIM11_IRQHandler
                0x08002144                OTG_HS_IRQHandler
                0x08002144                EXTI1_IRQHandler
                0x08002144                USART2_IRQHandler
                0x08002144                I2C2_ER_IRQHandler
                0x08002144                DMA2_Stream1_IRQHandler
                0x08002144                CAN1_SCE_IRQHandler
                0x08002144                FLASH_IRQHandler
                0x08002144                DMA2_Stream4_IRQHandler
                0x08002144                USART1_IRQHandler
                0x08002144                OTG_FS_IRQHandler
                0x08002144                SPI3_IRQHandler
                0x08002144                DMA1_Stream4_IRQHandler
                0x08002144                I2C1_ER_IRQHandler
                0x08002144                DMA2_Stream6_IRQHandler
                0x08002144                DMA1_Stream3_IRQHandler
 *fill*         0x08002146        0x2 
 .text.__udivmoddi4
                0x08002148      0x2bc /home/rmer/arm-none-eabi/bin/../lib/gcc/arm-none-eabi/13.3.1/thumb/v7e-m+fp/hard/libgcc.a(_udivmoddi4.o)
                0x08002148                __udivmoddi4
 *(.glue_7)
 .glue_7        0x08002404        0x0 linker stubs
 *(.glue_7t)
 .glue_7t       0x08002404        0x0 linker stubs
 *(.eh_frame)
 .eh_frame      0x08002404        0x0 /home/rmer/arm-none-eabi/bin/../lib/gcc/arm-none-eabi/13.3.1/thumb/v7e-m+fp/hard/crtbegin.o
 *(.init)
 .init          0x08002404        0x4 /home/rmer/arm-none-eabi/bin/../lib/gcc/arm-none-eabi/13.3.1/thumb/v7e-m+fp/hard/crti.o
                0x08002404                _init
 .init          0x08002408        0x8 /home/rmer/arm-none-eabi/bin/../lib/gcc/arm-none-eabi/13.3.1/thumb/v7e-m+fp/hard/crtn.o
 *(.fini)
 .fini          0x08002410        0x4 /home/rmer/arm-none-eabi/bin/../lib/gcc/arm-none-eabi/13.3.1/thumb/v7e-m+fp/hard/crti.o
                0x08002410                _fini
 .fini          0x08002414        0x8 /home/rmer/arm-none-eabi/bin/../lib/gcc/arm-none-eabi/13.3.1/thumb/v7e-m+fp/hard/crtn.o
                0x0800241c                        . = ALIGN (0x4)
                0x0800241c                        _etext = .

.vfp11_veneer   0x0800241c        0x0
 .vfp11_veneer  0x0800241c        0x0 linker stubs

.v4_bx          0x0800241c        0x0
 .v4_bx         0x0800241c        0x0 linker stubs

.iplt           0x0800241c        0x0
 .iplt          0x0800241c        0x0 /home/rmer/arm-none-eabi/bin/../lib/gcc/arm-none-eabi/13.3.1/thumb/v7e-m+fp/hard/crtbegin.o

.rodata         0x0800241c       0x10
                0x0800241c                        . = ALIGN (0x4)
 *(.rodata)
 *(.rodata*)
 .rodata.AHBPrescTable
                0x0800241c       0x10 CMakeFiles/sentry.dir/Core/Src/system_stm32f4xx.c.obj
                0x0800241c                AHBPrescTable
                0x0800242c                        . = ALIGN (0x4)

.ARM.extab
 *(.ARM.extab* .gnu.linkonce.armextab.*)

.ARM            0x0800242c        0x8
                0x0800242c                        __exidx_start = .
 *(.ARM.exidx*)
 .ARM.exidx.text.__udivmoddi4
                0x0800242c        0x8 /home/rmer/arm-none-eabi/bin/../lib/gcc/arm-none-eabi/13.3.1/thumb/v7e-m+fp/hard/libgcc.a(_udivmoddi4.o)
                0x08002434                        __exidx_end = .

.rel.dyn        0x08002434        0x0
 .rel.iplt      0x08002434        0x0 /home/rmer/arm-none-eabi/bin/../lib/gcc/arm-none-eabi/13.3.1/thumb/v7e-m+fp/hard/crtbegin.o

.preinit_array  0x08002434        0x0
                0x08002434                        PROVIDE (__preinit_array_start = .)
 *(.preinit_array*)
                0x08002434                        PROVIDE (__preinit_array_end = .)

.init_array     0x08002434        0x4
                0x08002434                        PROVIDE (__init_array_start = .)
 *(SORT_BY_NAME(.init_array.*))
 *(.init_array*)
 .init_array    0x08002434        0x4 /home/rmer/arm-none-eabi/bin/../lib/gcc/arm-none-eabi/13.3.1/thumb/v7e-m+fp/hard/crtbegin.o
                0x08002438                        PROVIDE (__init_array_end = .)

.fini_array     0x08002438        0x4
                [!provide]                        PROVIDE (__fini_array_start = .)
 *(SORT_BY_NAME(.fini_array.*))
 *(.fini_array*)
 .fini_array    0x08002438        0x4 /home/rmer/arm-none-eabi/bin/../lib/gcc/arm-none-eabi/13.3.1/thumb/v7e-m+fp/hard/crtbegin.o
                [!provide]                        PROVIDE (__fini_array_end = .)
                0x0800243c                        _sidata = LOADADDR (.data)

.data           0x20000000        0xc load address 0x0800243c
                0x20000000                        . = ALIGN (0x4)
                0x20000000                        _sdata = .
 *(.data)
 *(.data*)
 .data.uwTickPrio
                0x20000000        0x4 CMakeFiles/sentry.dir/Drivers/STM32F4xx_HAL_Driver/Src/stm32f4xx_hal.c.obj
                0x20000000                uwTickPrio
 .data.uwTickFreq
                0x20000004        0x1 CMakeFiles/sentry.dir/Drivers/STM32F4xx_HAL_Driver/Src/stm32f4xx_hal.c.obj
                0x20000004                uwTickFreq
 *fill*         0x20000005        0x3 
 .data.SystemCoreClock
                0x20000008        0x4 CMakeFiles/sentry.dir/Core/Src/system_stm32f4xx.c.obj
                0x20000008                SystemCoreClock
                0x2000000c                        . = ALIGN (0x4)
                0x2000000c                        _edata = .
                0x08002448                        _siccmram = LOADADDR (.ccmram)

.tm_clone_table
                0x2000000c        0x0 load address 0x08002448
 .tm_clone_table
                0x2000000c        0x0 /home/rmer/arm-none-eabi/bin/../lib/gcc/arm-none-eabi/13.3.1/thumb/v7e-m+fp/hard/crtbegin.o
 .tm_clone_table
                0x2000000c        0x0 /home/rmer/arm-none-eabi/bin/../lib/gcc/arm-none-eabi/13.3.1/thumb/v7e-m+fp/hard/crtend.o

.igot.plt       0x2000000c        0x0 load address 0x08002448
 .igot.plt      0x2000000c        0x0 /home/rmer/arm-none-eabi/bin/../lib/gcc/arm-none-eabi/13.3.1/thumb/v7e-m+fp/hard/crtbegin.o

.ccmram         0x10000000        0x0 load address 0x08002448
                0x10000000                        . = ALIGN (0x4)
                0x10000000                        _sccmram = .
 *(.ccmram)
 *(.ccmram*)
                0x10000000                        . = ALIGN (0x4)
                0x10000000                        _eccmram = .
                0x10000000                        . = ALIGN (0x4)

.bss            0x2000000c       0x98
                0x2000000c                        _sbss = .
                0x2000000c                        __bss_start__ = _sbss
 *(.bss)
 *(.bss*)
 .bss.completed.1
                0x2000000c        0x1 /home/rmer/arm-none-eabi/bin/../lib/gcc/arm-none-eabi/13.3.1/thumb/v7e-m+fp/hard/crtbegin.o
 *fill*         0x2000000d        0x3 
 .bss.object.0  0x20000010       0x18 /home/rmer/arm-none-eabi/bin/../lib/gcc/arm-none-eabi/13.3.1/thumb/v7e-m+fp/hard/crtbegin.o
 .bss.motor_info
                0x20000028       0x4d CMakeFiles/sentry.dir/Bsp/can/bsp_can.c.obj
                0x20000028                motor_info
 *fill*         0x20000075        0x3 
 .bss.hcan1     0x20000078       0x28 CMakeFiles/sentry.dir/Core/Src/can.c.obj
                0x20000078                hcan1
 .bss.uwTick    0x200000a0        0x4 CMakeFiles/sentry.dir/Drivers/STM32F4xx_HAL_Driver/Src/stm32f4xx_hal.c.obj
                0x200000a0                uwTick
 *(COMMON)
                0x200000a4                        . = ALIGN (0x4)
                0x200000a4                        _ebss = .
                0x200000a4                        __bss_end__ = _ebss

._user_heap_stack
                0x200000a4      0x604
                0x200000a8                        . = ALIGN (0x8)
 *fill*         0x200000a4        0x4 
                [!provide]                        PROVIDE (end = .)
                0x200000a8                        PROVIDE (_end = .)
                0x200002a8                        . = (. + _Min_Heap_Size)
 *fill*         0x200000a8      0x200 
                0x200006a8                        . = (. + _Min_Stack_Size)
 *fill*         0x200002a8      0x400 
                0x200006a8                        . = ALIGN (0x8)

/DISCARD/
 libc.a(*)
 libm.a(*)
 libgcc.a(*)

.ARM.attributes
                0x00000000       0x30
 *(.ARM.attributes)
 .ARM.attributes
                0x00000000       0x22 /home/rmer/arm-none-eabi/bin/../lib/gcc/arm-none-eabi/13.3.1/thumb/v7e-m+fp/hard/crti.o
 .ARM.attributes
                0x00000022       0x34 /home/rmer/arm-none-eabi/bin/../lib/gcc/arm-none-eabi/13.3.1/thumb/v7e-m+fp/hard/crtbegin.o
 .ARM.attributes
                0x00000056       0x34 /home/rmer/arm-none-eabi/bin/../lib/gcc/arm-none-eabi/13.3.1/../../../../arm-none-eabi/lib/thumb/v7e-m+fp/hard/libc_nano.a(libc_a-init.o)
 .ARM.attributes
                0x0000008a       0x34 /home/rmer/arm-none-eabi/bin/../lib/gcc/arm-none-eabi/13.3.1/../../../../arm-none-eabi/lib/thumb/v7e-m+fp/hard/libc_nano.a(libc_a-memset.o)
 .ARM.attributes
                0x000000be       0x34 CMakeFiles/sentry.dir/Bsp/can/bsp_can.c.obj
 .ARM.attributes
                0x000000f2       0x34 CMakeFiles/sentry.dir/Core/Src/main.c.obj
 .ARM.attributes
                0x00000126       0x34 CMakeFiles/sentry.dir/Core/Src/gpio.c.obj
 .ARM.attributes
                0x0000015a       0x34 CMakeFiles/sentry.dir/Core/Src/can.c.obj
 .ARM.attributes
                0x0000018e       0x34 CMakeFiles/sentry.dir/Core/Src/stm32f4xx_it.c.obj
 .ARM.attributes
                0x000001c2       0x34 CMakeFiles/sentry.dir/Core/Src/stm32f4xx_hal_msp.c.obj
 .ARM.attributes
                0x000001f6       0x34 CMakeFiles/sentry.dir/Drivers/STM32F4xx_HAL_Driver/Src/stm32f4xx_hal_can.c.obj
 .ARM.attributes
                0x0000022a       0x34 CMakeFiles/sentry.dir/Drivers/STM32F4xx_HAL_Driver/Src/stm32f4xx_hal_rcc.c.obj
 .ARM.attributes
                0x0000025e       0x34 CMakeFiles/sentry.dir/Drivers/STM32F4xx_HAL_Driver/Src/stm32f4xx_hal_gpio.c.obj
 .ARM.attributes
                0x00000292       0x34 CMakeFiles/sentry.dir/Drivers/STM32F4xx_HAL_Driver/Src/stm32f4xx_hal_cortex.c.obj
 .ARM.attributes
                0x000002c6       0x34 CMakeFiles/sentry.dir/Drivers/STM32F4xx_HAL_Driver/Src/stm32f4xx_hal.c.obj
 .ARM.attributes
                0x000002fa       0x34 CMakeFiles/sentry.dir/Core/Src/system_stm32f4xx.c.obj
 .ARM.attributes
                0x0000032e       0x21 CMakeFiles/sentry.dir/startup_stm32f407xx.s.obj
 .ARM.attributes
                0x0000034f       0x22 /home/rmer/arm-none-eabi/bin/../lib/gcc/arm-none-eabi/13.3.1/thumb/v7e-m+fp/hard/libgcc.a(_aeabi_uldivmod.o)
 .ARM.attributes
                0x00000371       0x34 /home/rmer/arm-none-eabi/bin/../lib/gcc/arm-none-eabi/13.3.1/thumb/v7e-m+fp/hard/libgcc.a(_udivmoddi4.o)
 .ARM.attributes
                0x000003a5       0x22 /home/rmer/arm-none-eabi/bin/../lib/gcc/arm-none-eabi/13.3.1/thumb/v7e-m+fp/hard/libgcc.a(_dvmd_tls.o)
 .ARM.attributes
                0x000003c7       0x34 /home/rmer/arm-none-eabi/bin/../lib/gcc/arm-none-eabi/13.3.1/thumb/v7e-m+fp/hard/crtend.o
 .ARM.attributes
                0x000003fb       0x22 /home/rmer/arm-none-eabi/bin/../lib/gcc/arm-none-eabi/13.3.1/thumb/v7e-m+fp/hard/crtn.o
OUTPUT(sentry.elf elf32-littlearm)
LOAD linker stubs
LOAD /home/rmer/arm-none-eabi/bin/../lib/gcc/arm-none-eabi/13.3.1/../../../../arm-none-eabi/lib/thumb/v7e-m+fp/hard/libc.a
LOAD /home/rmer/arm-none-eabi/bin/../lib/gcc/arm-none-eabi/13.3.1/../../../../arm-none-eabi/lib/thumb/v7e-m+fp/hard/libm.a
LOAD /home/rmer/arm-none-eabi/bin/../lib/gcc/arm-none-eabi/13.3.1/thumb/v7e-m+fp/hard/libgcc.a

.debug_frame    0x00000000     0x154c
 .debug_frame   0x00000000       0x2c /home/rmer/arm-none-eabi/bin/../lib/gcc/arm-none-eabi/13.3.1/../../../../arm-none-eabi/lib/thumb/v7e-m+fp/hard/libc_nano.a(libc_a-init.o)
 .debug_frame   0x0000002c       0x20 /home/rmer/arm-none-eabi/bin/../lib/gcc/arm-none-eabi/13.3.1/../../../../arm-none-eabi/lib/thumb/v7e-m+fp/hard/libc_nano.a(libc_a-memset.o)
 .debug_frame   0x0000004c       0x80 CMakeFiles/sentry.dir/Bsp/can/bsp_can.c.obj
 .debug_frame   0x000000cc       0x68 CMakeFiles/sentry.dir/Core/Src/main.c.obj
 .debug_frame   0x00000134       0x38 CMakeFiles/sentry.dir/Core/Src/gpio.c.obj
 .debug_frame   0x0000016c       0x74 CMakeFiles/sentry.dir/Core/Src/can.c.obj
 .debug_frame   0x000001e0      0x120 CMakeFiles/sentry.dir/Core/Src/stm32f4xx_it.c.obj
 .debug_frame   0x00000300       0x38 CMakeFiles/sentry.dir/Core/Src/stm32f4xx_hal_msp.c.obj
 .debug_frame   0x00000338      0x5a0 CMakeFiles/sentry.dir/Drivers/STM32F4xx_HAL_Driver/Src/stm32f4xx_hal_can.c.obj
 .debug_frame   0x000008d8      0x1f4 CMakeFiles/sentry.dir/Drivers/STM32F4xx_HAL_Driver/Src/stm32f4xx_hal_rcc.c.obj
 .debug_frame   0x00000acc      0x14c CMakeFiles/sentry.dir/Drivers/STM32F4xx_HAL_Driver/Src/stm32f4xx_hal_gpio.c.obj
 .debug_frame   0x00000c18      0x508 CMakeFiles/sentry.dir/Drivers/STM32F4xx_HAL_Driver/Src/stm32f4xx_hal_cortex.c.obj
 .debug_frame   0x00001120      0x374 CMakeFiles/sentry.dir/Drivers/STM32F4xx_HAL_Driver/Src/stm32f4xx_hal.c.obj
 .debug_frame   0x00001494       0x58 CMakeFiles/sentry.dir/Core/Src/system_stm32f4xx.c.obj
 .debug_frame   0x000014ec       0x2c /home/rmer/arm-none-eabi/bin/../lib/gcc/arm-none-eabi/13.3.1/thumb/v7e-m+fp/hard/libgcc.a(_aeabi_uldivmod.o)
 .debug_frame   0x00001518       0x34 /home/rmer/arm-none-eabi/bin/../lib/gcc/arm-none-eabi/13.3.1/thumb/v7e-m+fp/hard/libgcc.a(_udivmoddi4.o)

.debug_info     0x00000000     0x60a2
 .debug_info    0x00000000      0x874 CMakeFiles/sentry.dir/Bsp/can/bsp_can.c.obj
 .debug_info    0x00000874      0x8b1 CMakeFiles/sentry.dir/Core/Src/main.c.obj
 .debug_info    0x00001125      0x284 CMakeFiles/sentry.dir/Core/Src/gpio.c.obj
 .debug_info    0x000013a9      0xabb CMakeFiles/sentry.dir/Core/Src/can.c.obj
 .debug_info    0x00001e64      0x508 CMakeFiles/sentry.dir/Core/Src/stm32f4xx_it.c.obj
 .debug_info    0x0000236c      0x269 CMakeFiles/sentry.dir/Core/Src/stm32f4xx_hal_msp.c.obj
 .debug_info    0x000025d5      0xf49 CMakeFiles/sentry.dir/Drivers/STM32F4xx_HAL_Driver/Src/stm32f4xx_hal_can.c.obj
 .debug_info    0x0000351e      0x8af CMakeFiles/sentry.dir/Drivers/STM32F4xx_HAL_Driver/Src/stm32f4xx_hal_rcc.c.obj
 .debug_info    0x00003dcd      0x6c3 CMakeFiles/sentry.dir/Drivers/STM32F4xx_HAL_Driver/Src/stm32f4xx_hal_gpio.c.obj
 .debug_info    0x00004490      0xd8c CMakeFiles/sentry.dir/Drivers/STM32F4xx_HAL_Driver/Src/stm32f4xx_hal_cortex.c.obj
 .debug_info    0x0000521c      0x944 CMakeFiles/sentry.dir/Drivers/STM32F4xx_HAL_Driver/Src/stm32f4xx_hal.c.obj
 .debug_info    0x00005b60      0x512 CMakeFiles/sentry.dir/Core/Src/system_stm32f4xx.c.obj
 .debug_info    0x00006072       0x30 CMakeFiles/sentry.dir/startup_stm32f407xx.s.obj

.debug_abbrev   0x00000000     0x16b1
 .debug_abbrev  0x00000000      0x1d0 CMakeFiles/sentry.dir/Bsp/can/bsp_can.c.obj
 .debug_abbrev  0x000001d0      0x232 CMakeFiles/sentry.dir/Core/Src/main.c.obj
 .debug_abbrev  0x00000402       0xd8 CMakeFiles/sentry.dir/Core/Src/gpio.c.obj
 .debug_abbrev  0x000004da      0x21f CMakeFiles/sentry.dir/Core/Src/can.c.obj
 .debug_abbrev  0x000006f9      0x18e CMakeFiles/sentry.dir/Core/Src/stm32f4xx_it.c.obj
 .debug_abbrev  0x00000887       0xd8 CMakeFiles/sentry.dir/Core/Src/stm32f4xx_hal_msp.c.obj
 .debug_abbrev  0x0000095f      0x258 CMakeFiles/sentry.dir/Drivers/STM32F4xx_HAL_Driver/Src/stm32f4xx_hal_can.c.obj
 .debug_abbrev  0x00000bb7      0x2b7 CMakeFiles/sentry.dir/Drivers/STM32F4xx_HAL_Driver/Src/stm32f4xx_hal_rcc.c.obj
 .debug_abbrev  0x00000e6e      0x1d4 CMakeFiles/sentry.dir/Drivers/STM32F4xx_HAL_Driver/Src/stm32f4xx_hal_gpio.c.obj
 .debug_abbrev  0x00001042      0x31d CMakeFiles/sentry.dir/Drivers/STM32F4xx_HAL_Driver/Src/stm32f4xx_hal_cortex.c.obj
 .debug_abbrev  0x0000135f      0x214 CMakeFiles/sentry.dir/Drivers/STM32F4xx_HAL_Driver/Src/stm32f4xx_hal.c.obj
 .debug_abbrev  0x00001573      0x11a CMakeFiles/sentry.dir/Core/Src/system_stm32f4xx.c.obj
 .debug_abbrev  0x0000168d       0x24 CMakeFiles/sentry.dir/startup_stm32f407xx.s.obj

.debug_aranges  0x00000000      0x5c0
 .debug_aranges
                0x00000000       0x30 CMakeFiles/sentry.dir/Bsp/can/bsp_can.c.obj
 .debug_aranges
                0x00000030       0x30 CMakeFiles/sentry.dir/Core/Src/main.c.obj
 .debug_aranges
                0x00000060       0x20 CMakeFiles/sentry.dir/Core/Src/gpio.c.obj
 .debug_aranges
                0x00000080       0x30 CMakeFiles/sentry.dir/Core/Src/can.c.obj
 .debug_aranges
                0x000000b0       0x68 CMakeFiles/sentry.dir/Core/Src/stm32f4xx_it.c.obj
 .debug_aranges
                0x00000118       0x20 CMakeFiles/sentry.dir/Core/Src/stm32f4xx_hal_msp.c.obj
 .debug_aranges
                0x00000138      0x138 CMakeFiles/sentry.dir/Drivers/STM32F4xx_HAL_Driver/Src/stm32f4xx_hal_can.c.obj
 .debug_aranges
                0x00000270       0x88 CMakeFiles/sentry.dir/Drivers/STM32F4xx_HAL_Driver/Src/stm32f4xx_hal_rcc.c.obj
 .debug_aranges
                0x000002f8       0x58 CMakeFiles/sentry.dir/Drivers/STM32F4xx_HAL_Driver/Src/stm32f4xx_hal_gpio.c.obj
 .debug_aranges
                0x00000350      0x130 CMakeFiles/sentry.dir/Drivers/STM32F4xx_HAL_Driver/Src/stm32f4xx_hal_cortex.c.obj
 .debug_aranges
                0x00000480       0xf0 CMakeFiles/sentry.dir/Drivers/STM32F4xx_HAL_Driver/Src/stm32f4xx_hal.c.obj
 .debug_aranges
                0x00000570       0x28 CMakeFiles/sentry.dir/Core/Src/system_stm32f4xx.c.obj
 .debug_aranges
                0x00000598       0x28 CMakeFiles/sentry.dir/startup_stm32f407xx.s.obj

.debug_rnglists
                0x00000000      0x425
 .debug_rnglists
                0x00000000       0x21 CMakeFiles/sentry.dir/Bsp/can/bsp_can.c.obj
 .debug_rnglists
                0x00000021       0x20 CMakeFiles/sentry.dir/Core/Src/main.c.obj
 .debug_rnglists
                0x00000041       0x13 CMakeFiles/sentry.dir/Core/Src/gpio.c.obj
 .debug_rnglists
                0x00000054       0x20 CMakeFiles/sentry.dir/Core/Src/can.c.obj
 .debug_rnglists
                0x00000074       0x49 CMakeFiles/sentry.dir/Core/Src/stm32f4xx_it.c.obj
 .debug_rnglists
                0x000000bd       0x13 CMakeFiles/sentry.dir/Core/Src/stm32f4xx_hal_msp.c.obj
 .debug_rnglists
                0x000000d0       0xee CMakeFiles/sentry.dir/Drivers/STM32F4xx_HAL_Driver/Src/stm32f4xx_hal_can.c.obj
 .debug_rnglists
                0x000001be       0x66 CMakeFiles/sentry.dir/Drivers/STM32F4xx_HAL_Driver/Src/stm32f4xx_hal_rcc.c.obj
 .debug_rnglists
                0x00000224       0x3f CMakeFiles/sentry.dir/Drivers/STM32F4xx_HAL_Driver/Src/stm32f4xx_hal_gpio.c.obj
 .debug_rnglists
                0x00000263       0xe0 CMakeFiles/sentry.dir/Drivers/STM32F4xx_HAL_Driver/Src/stm32f4xx_hal_cortex.c.obj
 .debug_rnglists
                0x00000343       0xaf CMakeFiles/sentry.dir/Drivers/STM32F4xx_HAL_Driver/Src/stm32f4xx_hal.c.obj
 .debug_rnglists
                0x000003f2       0x1a CMakeFiles/sentry.dir/Core/Src/system_stm32f4xx.c.obj
 .debug_rnglists
                0x0000040c       0x19 CMakeFiles/sentry.dir/startup_stm32f407xx.s.obj

.debug_macro    0x00000000    0x1fa6d
 .debug_macro   0x00000000      0x1dd CMakeFiles/sentry.dir/Bsp/can/bsp_can.c.obj
 .debug_macro   0x000001dd      0xad8 CMakeFiles/sentry.dir/Bsp/can/bsp_can.c.obj
 .debug_macro   0x00000cb5      0x295 CMakeFiles/sentry.dir/Bsp/can/bsp_can.c.obj
 .debug_macro   0x00000f4a       0x2e CMakeFiles/sentry.dir/Bsp/can/bsp_can.c.obj
 .debug_macro   0x00000f78       0x2f CMakeFiles/sentry.dir/Bsp/can/bsp_can.c.obj
 .debug_macro   0x00000fa7       0x22 CMakeFiles/sentry.dir/Bsp/can/bsp_can.c.obj
 .debug_macro   0x00000fc9       0x8e CMakeFiles/sentry.dir/Bsp/can/bsp_can.c.obj
 .debug_macro   0x00001057       0x51 CMakeFiles/sentry.dir/Bsp/can/bsp_can.c.obj
 .debug_macro   0x000010a8      0x103 CMakeFiles/sentry.dir/Bsp/can/bsp_can.c.obj
 .debug_macro   0x000011ab       0x6a CMakeFiles/sentry.dir/Bsp/can/bsp_can.c.obj
 .debug_macro   0x00001215      0x1df CMakeFiles/sentry.dir/Bsp/can/bsp_can.c.obj
 .debug_macro   0x000013f4       0x1c CMakeFiles/sentry.dir/Bsp/can/bsp_can.c.obj
 .debug_macro   0x00001410       0x22 CMakeFiles/sentry.dir/Bsp/can/bsp_can.c.obj
 .debug_macro   0x00001432       0xfb CMakeFiles/sentry.dir/Bsp/can/bsp_can.c.obj
 .debug_macro   0x0000152d     0x1011 CMakeFiles/sentry.dir/Bsp/can/bsp_can.c.obj
 .debug_macro   0x0000253e      0x11f CMakeFiles/sentry.dir/Bsp/can/bsp_can.c.obj
 .debug_macro   0x0000265d    0x15e97 CMakeFiles/sentry.dir/Bsp/can/bsp_can.c.obj
 .debug_macro   0x000184f4       0x6d CMakeFiles/sentry.dir/Bsp/can/bsp_can.c.obj
 .debug_macro   0x00018561     0x369a CMakeFiles/sentry.dir/Bsp/can/bsp_can.c.obj
 .debug_macro   0x0001bbfb      0x190 CMakeFiles/sentry.dir/Bsp/can/bsp_can.c.obj
 .debug_macro   0x0001bd8b       0x5c CMakeFiles/sentry.dir/Bsp/can/bsp_can.c.obj
 .debug_macro   0x0001bde7      0x980 CMakeFiles/sentry.dir/Bsp/can/bsp_can.c.obj
 .debug_macro   0x0001c767      0x9e9 CMakeFiles/sentry.dir/Bsp/can/bsp_can.c.obj
 .debug_macro   0x0001d150      0x115 CMakeFiles/sentry.dir/Bsp/can/bsp_can.c.obj
 .debug_macro   0x0001d265      0x13e CMakeFiles/sentry.dir/Bsp/can/bsp_can.c.obj
 .debug_macro   0x0001d3a3       0xa5 CMakeFiles/sentry.dir/Bsp/can/bsp_can.c.obj
 .debug_macro   0x0001d448      0x174 CMakeFiles/sentry.dir/Bsp/can/bsp_can.c.obj
 .debug_macro   0x0001d5bc      0x287 CMakeFiles/sentry.dir/Bsp/can/bsp_can.c.obj
 .debug_macro   0x0001d843       0x5f CMakeFiles/sentry.dir/Bsp/can/bsp_can.c.obj
 .debug_macro   0x0001d8a2      0x236 CMakeFiles/sentry.dir/Bsp/can/bsp_can.c.obj
 .debug_macro   0x0001dad8      0x40f CMakeFiles/sentry.dir/Bsp/can/bsp_can.c.obj
 .debug_macro   0x0001dee7      0x12c CMakeFiles/sentry.dir/Bsp/can/bsp_can.c.obj
 .debug_macro   0x0001e013      0x21e CMakeFiles/sentry.dir/Bsp/can/bsp_can.c.obj
 .debug_macro   0x0001e231       0x2e CMakeFiles/sentry.dir/Bsp/can/bsp_can.c.obj
 .debug_macro   0x0001e25f      0x127 CMakeFiles/sentry.dir/Bsp/can/bsp_can.c.obj
 .debug_macro   0x0001e386       0x7e CMakeFiles/sentry.dir/Bsp/can/bsp_can.c.obj
 .debug_macro   0x0001e404       0x89 CMakeFiles/sentry.dir/Bsp/can/bsp_can.c.obj
 .debug_macro   0x0001e48d      0x12d CMakeFiles/sentry.dir/Bsp/can/bsp_can.c.obj
 .debug_macro   0x0001e5ba       0x1c CMakeFiles/sentry.dir/Bsp/can/bsp_can.c.obj
 .debug_macro   0x0001e5d6      0x1ee CMakeFiles/sentry.dir/Core/Src/main.c.obj
 .debug_macro   0x0001e7c4       0x22 CMakeFiles/sentry.dir/Core/Src/main.c.obj
 .debug_macro   0x0001e7e6       0x64 CMakeFiles/sentry.dir/Core/Src/main.c.obj
 .debug_macro   0x0001e84a      0x1ce CMakeFiles/sentry.dir/Core/Src/gpio.c.obj
 .debug_macro   0x0001ea18      0x1ce CMakeFiles/sentry.dir/Core/Src/can.c.obj
 .debug_macro   0x0001ebe6      0x1ce CMakeFiles/sentry.dir/Core/Src/stm32f4xx_it.c.obj
 .debug_macro   0x0001edb4      0x1c4 CMakeFiles/sentry.dir/Core/Src/stm32f4xx_hal_msp.c.obj
 .debug_macro   0x0001ef78      0x1c9 CMakeFiles/sentry.dir/Drivers/STM32F4xx_HAL_Driver/Src/stm32f4xx_hal_can.c.obj
 .debug_macro   0x0001f141      0x1de CMakeFiles/sentry.dir/Drivers/STM32F4xx_HAL_Driver/Src/stm32f4xx_hal_rcc.c.obj
 .debug_macro   0x0001f31f      0x1c0 CMakeFiles/sentry.dir/Drivers/STM32F4xx_HAL_Driver/Src/stm32f4xx_hal_gpio.c.obj
 .debug_macro   0x0001f4df      0x1ba CMakeFiles/sentry.dir/Drivers/STM32F4xx_HAL_Driver/Src/stm32f4xx_hal_cortex.c.obj
 .debug_macro   0x0001f699      0x21a CMakeFiles/sentry.dir/Drivers/STM32F4xx_HAL_Driver/Src/stm32f4xx_hal.c.obj
 .debug_macro   0x0001f8b3      0x1ba CMakeFiles/sentry.dir/Core/Src/system_stm32f4xx.c.obj

.debug_line     0x00000000     0x648c
 .debug_line    0x00000000      0x641 CMakeFiles/sentry.dir/Bsp/can/bsp_can.c.obj
 .debug_line    0x00000641      0x66a CMakeFiles/sentry.dir/Core/Src/main.c.obj
 .debug_line    0x00000cab      0x57d CMakeFiles/sentry.dir/Core/Src/gpio.c.obj
 .debug_line    0x00001228      0x5f4 CMakeFiles/sentry.dir/Core/Src/can.c.obj
 .debug_line    0x0000181c      0x646 CMakeFiles/sentry.dir/Core/Src/stm32f4xx_it.c.obj
 .debug_line    0x00001e62      0x580 CMakeFiles/sentry.dir/Core/Src/stm32f4xx_hal_msp.c.obj
 .debug_line    0x000023e2     0x1033 CMakeFiles/sentry.dir/Drivers/STM32F4xx_HAL_Driver/Src/stm32f4xx_hal_can.c.obj
 .debug_line    0x00003415      0xc7e CMakeFiles/sentry.dir/Drivers/STM32F4xx_HAL_Driver/Src/stm32f4xx_hal_rcc.c.obj
 .debug_line    0x00004093      0x9c9 CMakeFiles/sentry.dir/Drivers/STM32F4xx_HAL_Driver/Src/stm32f4xx_hal_gpio.c.obj
 .debug_line    0x00004a5c      0xb41 CMakeFiles/sentry.dir/Drivers/STM32F4xx_HAL_Driver/Src/stm32f4xx_hal_cortex.c.obj
 .debug_line    0x0000559d      0x871 CMakeFiles/sentry.dir/Drivers/STM32F4xx_HAL_Driver/Src/stm32f4xx_hal.c.obj
 .debug_line    0x00005e0e      0x604 CMakeFiles/sentry.dir/Core/Src/system_stm32f4xx.c.obj
 .debug_line    0x00006412       0x7a CMakeFiles/sentry.dir/startup_stm32f407xx.s.obj

.debug_str      0x00000000    0xbf1a6
 .debug_str     0x00000000    0xbf1a6 CMakeFiles/sentry.dir/Bsp/can/bsp_can.c.obj
                              0xbd641 (size before relaxing)
 .debug_str     0x000bf1a6    0xbd7c0 CMakeFiles/sentry.dir/Core/Src/main.c.obj
 .debug_str     0x000bf1a6    0xbd19b CMakeFiles/sentry.dir/Core/Src/gpio.c.obj
 .debug_str     0x000bf1a6    0xbda48 CMakeFiles/sentry.dir/Core/Src/can.c.obj
 .debug_str     0x000bf1a6    0xbd3e8 CMakeFiles/sentry.dir/Core/Src/stm32f4xx_it.c.obj
 .debug_str     0x000bf1a6    0xbd19b CMakeFiles/sentry.dir/Core/Src/stm32f4xx_hal_msp.c.obj
 .debug_str     0x000bf1a6    0xbd945 CMakeFiles/sentry.dir/Drivers/STM32F4xx_HAL_Driver/Src/stm32f4xx_hal_can.c.obj
 .debug_str     0x000bf1a6    0xbd67f CMakeFiles/sentry.dir/Drivers/STM32F4xx_HAL_Driver/Src/stm32f4xx_hal_rcc.c.obj
 .debug_str     0x000bf1a6    0xbd3c6 CMakeFiles/sentry.dir/Drivers/STM32F4xx_HAL_Driver/Src/stm32f4xx_hal_gpio.c.obj
 .debug_str     0x000bf1a6    0xbdb4b CMakeFiles/sentry.dir/Drivers/STM32F4xx_HAL_Driver/Src/stm32f4xx_hal_cortex.c.obj
 .debug_str     0x000bf1a6    0xbddcf CMakeFiles/sentry.dir/Drivers/STM32F4xx_HAL_Driver/Src/stm32f4xx_hal.c.obj
 .debug_str     0x000bf1a6    0xbd24b CMakeFiles/sentry.dir/Core/Src/system_stm32f4xx.c.obj
 .debug_str     0x000bf1a6       0x64 CMakeFiles/sentry.dir/startup_stm32f407xx.s.obj

.comment        0x00000000       0x45
 .comment       0x00000000       0x45 CMakeFiles/sentry.dir/Bsp/can/bsp_can.c.obj
                                 0x46 (size before relaxing)
 .comment       0x00000045       0x46 CMakeFiles/sentry.dir/Core/Src/main.c.obj
 .comment       0x00000045       0x46 CMakeFiles/sentry.dir/Core/Src/gpio.c.obj
 .comment       0x00000045       0x46 CMakeFiles/sentry.dir/Core/Src/can.c.obj
 .comment       0x00000045       0x46 CMakeFiles/sentry.dir/Core/Src/stm32f4xx_it.c.obj
 .comment       0x00000045       0x46 CMakeFiles/sentry.dir/Core/Src/stm32f4xx_hal_msp.c.obj
 .comment       0x00000045       0x46 CMakeFiles/sentry.dir/Drivers/STM32F4xx_HAL_Driver/Src/stm32f4xx_hal_can.c.obj
 .comment       0x00000045       0x46 CMakeFiles/sentry.dir/Drivers/STM32F4xx_HAL_Driver/Src/stm32f4xx_hal_rcc.c.obj
 .comment       0x00000045       0x46 CMakeFiles/sentry.dir/Drivers/STM32F4xx_HAL_Driver/Src/stm32f4xx_hal_gpio.c.obj
 .comment       0x00000045       0x46 CMakeFiles/sentry.dir/Drivers/STM32F4xx_HAL_Driver/Src/stm32f4xx_hal_cortex.c.obj
 .comment       0x00000045       0x46 CMakeFiles/sentry.dir/Drivers/STM32F4xx_HAL_Driver/Src/stm32f4xx_hal.c.obj
 .comment       0x00000045       0x46 CMakeFiles/sentry.dir/Core/Src/system_stm32f4xx.c.obj

.debug_line_str
                0x00000000      0x116
 .debug_line_str
                0x00000000      0x116 CMakeFiles/sentry.dir/startup_stm32f407xx.s.obj
                                 0x48 (size before relaxing)
 .debug_line_str
                0x00000116       0xc2 /home/rmer/arm-none-eabi/bin/../lib/gcc/arm-none-eabi/13.3.1/thumb/v7e-m+fp/hard/libgcc.a(_aeabi_uldivmod.o)
 .debug_line_str
                0x00000116       0xc6 /home/rmer/arm-none-eabi/bin/../lib/gcc/arm-none-eabi/13.3.1/thumb/v7e-m+fp/hard/libgcc.a(_dvmd_tls.o)
