Archive member included to satisfy reference by file (symbol)

/home/rmer/arm-none-eabi/bin/../lib/gcc/arm-none-eabi/13.3.1/../../../../arm-none-eabi/lib/thumb/v7e-m+fp/hard/libc_nano.a(libc_a-exit.o)
                              /home/rmer/arm-none-eabi/bin/../lib/gcc/arm-none-eabi/13.3.1/../../../../arm-none-eabi/lib/thumb/v7e-m+fp/hard/crt0.o (exit)
/home/rmer/arm-none-eabi/bin/../lib/gcc/arm-none-eabi/13.3.1/../../../../arm-none-eabi/lib/thumb/v7e-m+fp/hard/libc_nano.a(libc_a-init.o)
                              /home/rmer/arm-none-eabi/bin/../lib/gcc/arm-none-eabi/13.3.1/../../../../arm-none-eabi/lib/thumb/v7e-m+fp/hard/crt0.o (__libc_init_array)
/home/rmer/arm-none-eabi/bin/../lib/gcc/arm-none-eabi/13.3.1/../../../../arm-none-eabi/lib/thumb/v7e-m+fp/hard/libc_nano.a(libc_a-memset.o)
                              /home/rmer/arm-none-eabi/bin/../lib/gcc/arm-none-eabi/13.3.1/../../../../arm-none-eabi/lib/thumb/v7e-m+fp/hard/crt0.o (memset)
/home/rmer/arm-none-eabi/bin/../lib/gcc/arm-none-eabi/13.3.1/../../../../arm-none-eabi/lib/thumb/v7e-m+fp/hard/libc_nano.a(libc_a-findfp.o)
                              /home/rmer/arm-none-eabi/bin/../lib/gcc/arm-none-eabi/13.3.1/../../../../arm-none-eabi/lib/thumb/v7e-m+fp/hard/libc_nano.a(libc_a-exit.o) (__stdio_exit_handler)
/home/rmer/arm-none-eabi/bin/../lib/gcc/arm-none-eabi/13.3.1/../../../../arm-none-eabi/lib/thumb/v7e-m+fp/hard/libc_nano.a(libc_a-stdio.o)
                              /home/rmer/arm-none-eabi/bin/../lib/gcc/arm-none-eabi/13.3.1/../../../../arm-none-eabi/lib/thumb/v7e-m+fp/hard/libc_nano.a(libc_a-findfp.o) (__sread)
/home/rmer/arm-none-eabi/bin/../lib/gcc/arm-none-eabi/13.3.1/../../../../arm-none-eabi/lib/thumb/v7e-m+fp/hard/libc_nano.a(libc_a-lseekr.o)
                              /home/rmer/arm-none-eabi/bin/../lib/gcc/arm-none-eabi/13.3.1/../../../../arm-none-eabi/lib/thumb/v7e-m+fp/hard/libc_nano.a(libc_a-stdio.o) (_lseek_r)
/home/rmer/arm-none-eabi/bin/../lib/gcc/arm-none-eabi/13.3.1/../../../../arm-none-eabi/lib/thumb/v7e-m+fp/hard/libc_nano.a(libc_a-readr.o)
                              /home/rmer/arm-none-eabi/bin/../lib/gcc/arm-none-eabi/13.3.1/../../../../arm-none-eabi/lib/thumb/v7e-m+fp/hard/libc_nano.a(libc_a-stdio.o) (_read_r)
/home/rmer/arm-none-eabi/bin/../lib/gcc/arm-none-eabi/13.3.1/../../../../arm-none-eabi/lib/thumb/v7e-m+fp/hard/libc_nano.a(libc_a-fwalk.o)
                              /home/rmer/arm-none-eabi/bin/../lib/gcc/arm-none-eabi/13.3.1/../../../../arm-none-eabi/lib/thumb/v7e-m+fp/hard/libc_nano.a(libc_a-findfp.o) (_fwalk_sglue)
/home/rmer/arm-none-eabi/bin/../lib/gcc/arm-none-eabi/13.3.1/../../../../arm-none-eabi/lib/thumb/v7e-m+fp/hard/libc_nano.a(libc_a-writer.o)
                              /home/rmer/arm-none-eabi/bin/../lib/gcc/arm-none-eabi/13.3.1/../../../../arm-none-eabi/lib/thumb/v7e-m+fp/hard/libc_nano.a(libc_a-stdio.o) (_write_r)
/home/rmer/arm-none-eabi/bin/../lib/gcc/arm-none-eabi/13.3.1/../../../../arm-none-eabi/lib/thumb/v7e-m+fp/hard/libc_nano.a(libc_a-lock.o)
                              /home/rmer/arm-none-eabi/bin/../lib/gcc/arm-none-eabi/13.3.1/../../../../arm-none-eabi/lib/thumb/v7e-m+fp/hard/libc_nano.a(libc_a-findfp.o) (__retarget_lock_init_recursive)
/home/rmer/arm-none-eabi/bin/../lib/gcc/arm-none-eabi/13.3.1/../../../../arm-none-eabi/lib/thumb/v7e-m+fp/hard/libc_nano.a(libc_a-fflush.o)
                              /home/rmer/arm-none-eabi/bin/../lib/gcc/arm-none-eabi/13.3.1/../../../../arm-none-eabi/lib/thumb/v7e-m+fp/hard/libc_nano.a(libc_a-findfp.o) (_fflush_r)
/home/rmer/arm-none-eabi/bin/../lib/gcc/arm-none-eabi/13.3.1/../../../../arm-none-eabi/lib/thumb/v7e-m+fp/hard/libc_nano.a(libc_a-mallocr.o)
                              /home/rmer/arm-none-eabi/bin/../lib/gcc/arm-none-eabi/13.3.1/../../../../arm-none-eabi/lib/thumb/v7e-m+fp/hard/libc_nano.a(libc_a-findfp.o) (_malloc_r)
/home/rmer/arm-none-eabi/bin/../lib/gcc/arm-none-eabi/13.3.1/../../../../arm-none-eabi/lib/thumb/v7e-m+fp/hard/libc_nano.a(libc_a-closer.o)
                              /home/rmer/arm-none-eabi/bin/../lib/gcc/arm-none-eabi/13.3.1/../../../../arm-none-eabi/lib/thumb/v7e-m+fp/hard/libc_nano.a(libc_a-stdio.o) (_close_r)
/home/rmer/arm-none-eabi/bin/../lib/gcc/arm-none-eabi/13.3.1/../../../../arm-none-eabi/lib/thumb/v7e-m+fp/hard/libc_nano.a(libc_a-reent.o)
                              /home/rmer/arm-none-eabi/bin/../lib/gcc/arm-none-eabi/13.3.1/../../../../arm-none-eabi/lib/thumb/v7e-m+fp/hard/libc_nano.a(libc_a-lseekr.o) (errno)
/home/rmer/arm-none-eabi/bin/../lib/gcc/arm-none-eabi/13.3.1/../../../../arm-none-eabi/lib/thumb/v7e-m+fp/hard/libc_nano.a(libc_a-impure.o)
                              /home/rmer/arm-none-eabi/bin/../lib/gcc/arm-none-eabi/13.3.1/../../../../arm-none-eabi/lib/thumb/v7e-m+fp/hard/libc_nano.a(libc_a-fflush.o) (_impure_ptr)
/home/rmer/arm-none-eabi/bin/../lib/gcc/arm-none-eabi/13.3.1/../../../../arm-none-eabi/lib/thumb/v7e-m+fp/hard/libc_nano.a(libc_a-mlock.o)
[...]
Memory Configuration

Name             Origin             Length             Attributes
RAM              0x20000000         0x00020000         xrw
CCMRAM           0x10000000         0x00010000         xrw
FLASH            0x08000000         0x00100000         xr
*default*        0x00000000         0xffffffff

Linker script and memory map

LOAD /home/rmer/arm-none-eabi/bin/../lib/gcc/arm-none-eabi/13.3.1/thumb/v7e-m+fp/hard/crti.o
LOAD /home/rmer/arm-none-eabi/bin/../lib/gcc/arm-none-eabi/13.3.1/thumb/v7e-m+fp/hard/crtbegin.o
LOAD /home/rmer/arm-none-eabi/bin/../lib/gcc/arm-none-eabi/13.3.1/../../../../arm-none-eabi/lib/thumb/v7e-m+fp/hard/crt0.o
START GROUP
LOAD /home/rmer/arm-none-eabi/bin/../lib/gcc/arm-none-eabi/13.3.1/../../../../arm-none-eabi/lib/thumb/v7e-m+fp/hard/libc_nano.a
LOAD /home/rmer/arm-none-eabi/bin/../lib/gcc/arm-none-eabi/13.3.1/../../../../arm-none-eabi/lib/thumb/v7e-m+fp/hard/libm.a
END GROUP
LOAD CMakeFiles/sentry.dir/Bsp/can/bsp_can.c.obj
LOAD CMakeFiles/sentry.dir/Bsp/dwt/bsp_dwt.c.obj
LOAD CMakeFiles/sentry.dir/Bsp/uart/bsp_usart.c.obj
LOAD CMakeFiles/sentry.dir/Application/chassis/chassis.c.obj
LOAD CMakeFiles/sentry.dir/Application/cmd/robot_cmd.c.obj
LOAD CMakeFiles/sentry.dir/Application/pid/pid.c.obj
LOAD CMakeFiles/sentry.dir/Application/robot.c.obj
LOAD CMakeFiles/sentry.dir/Modules/algorithm/controller.c.obj
LOAD CMakeFiles/sentry.dir/Modules/motor/DJImotor/dji_motor.c.obj
LOAD CMakeFiles/sentry.dir/Modules/remote/remote_control.c.obj
LOAD CMakeFiles/sentry.dir/Core/Src/main.c.obj
LOAD CMakeFiles/sentry.dir/Core/Src/gpio.c.obj
LOAD CMakeFiles/sentry.dir/Core/Src/freertos.c.obj
LOAD CMakeFiles/sentry.dir/Core/Src/can.c.obj
LOAD CMakeFiles/sentry.dir/Core/Src/dma.c.obj
LOAD CMakeFiles/sentry.dir/Core/Src/usart.c.obj
LOAD CMakeFiles/sentry.dir/Core/Src/stm32f4xx_it.c.obj
LOAD CMakeFiles/sentry.dir/Core/Src/stm32f4xx_hal_msp.c.obj
LOAD CMakeFiles/sentry.dir/Core/Src/stm32f4xx_hal_timebase_tim.c.obj
LOAD CMakeFiles/sentry.dir/Drivers/STM32F4xx_HAL_Driver/Src/stm32f4xx_hal_can.c.obj
LOAD CMakeFiles/sentry.dir/Drivers/STM32F4xx_HAL_Driver/Src/stm32f4xx_hal_rcc.c.obj
LOAD CMakeFiles/sentry.dir/Drivers/STM32F4xx_HAL_Driver/Src/stm32f4xx_hal_rcc_ex.c.obj
LOAD CMakeFiles/sentry.dir/Drivers/STM32F4xx_HAL_Driver/Src/stm32f4xx_hal_flash.c.obj
LOAD CMakeFiles/sentry.dir/Drivers/STM32F4xx_HAL_Driver/Src/stm32f4xx_hal_flash_ex.c.obj
LOAD CMakeFiles/sentry.dir/Drivers/STM32F4xx_HAL_Driver/Src/stm32f4xx_hal_flash_ramfunc.c.obj
LOAD CMakeFiles/sentry.dir/Drivers/STM32F4xx_HAL_Driver/Src/stm32f4xx_hal_gpio.c.obj
LOAD CMakeFiles/sentry.dir/Drivers/STM32F4xx_HAL_Driver/Src/stm32f4xx_hal_dma_ex.c.obj
LOAD CMakeFiles/sentry.dir/Drivers/STM32F4xx_HAL_Driver/Src/stm32f4xx_hal_dma.c.obj
LOAD CMakeFiles/sentry.dir/Drivers/STM32F4xx_HAL_Driver/Src/stm32f4xx_hal_pwr.c.obj
LOAD CMakeFiles/sentry.dir/Drivers/STM32F4xx_HAL_Driver/Src/stm32f4xx_hal_pwr_ex.c.obj
LOAD CMakeFiles/sentry.dir/Drivers/STM32F4xx_HAL_Driver/Src/stm32f4xx_hal_cortex.c.obj
LOAD CMakeFiles/sentry.dir/Drivers/STM32F4xx_HAL_Driver/Src/stm32f4xx_hal.c.obj
LOAD CMakeFiles/sentry.dir/Drivers/STM32F4xx_HAL_Driver/Src/stm32f4xx_hal_exti.c.obj
LOAD CMakeFiles/sentry.dir/Drivers/STM32F4xx_HAL_Driver/Src/stm32f4xx_hal_tim.c.obj
LOAD CMakeFiles/sentry.dir/Drivers/STM32F4xx_HAL_Driver/Src/stm32f4xx_hal_tim_ex.c.obj
LOAD CMakeFiles/sentry.dir/Drivers/STM32F4xx_HAL_Driver/Src/stm32f4xx_hal_uart.c.obj
LOAD CMakeFiles/sentry.dir/Core/Src/system_stm32f4xx.c.obj
LOAD CMakeFiles/sentry.dir/Middlewares/Third_Party/FreeRTOS/Source/croutine.c.obj
LOAD CMakeFiles/sentry.dir/Middlewares/Third_Party/FreeRTOS/Source/event_groups.c.obj
LOAD CMakeFiles/sentry.dir/Middlewares/Third_Party/FreeRTOS/Source/list.c.obj
LOAD CMakeFiles/sentry.dir/Middlewares/Third_Party/FreeRTOS/Source/queue.c.obj
LOAD CMakeFiles/sentry.dir/Middlewares/Third_Party/FreeRTOS/Source/stream_buffer.c.obj
LOAD CMakeFiles/sentry.dir/Middlewares/Third_Party/FreeRTOS/Source/tasks.c.obj
LOAD CMakeFiles/sentry.dir/Middlewares/Third_Party/FreeRTOS/Source/timers.c.obj
LOAD CMakeFiles/sentry.dir/Middlewares/Third_Party/FreeRTOS/Source/CMSIS_RTOS_V2/cmsis_os2.c.obj
LOAD CMakeFiles/sentry.dir/Middlewares/Third_Party/FreeRTOS/Source/portable/MemMang/heap_4.c.obj
LOAD CMakeFiles/sentry.dir/Middlewares/Third_Party/FreeRTOS/Source/portable/GCC/ARM_CM4F/port.c.obj
LOAD CMakeFiles/sentry.dir/Core/Src/sysmem.c.obj
LOAD CMakeFiles/sentry.dir/Core/Src/syscalls.c.obj
LOAD CMakeFiles/sentry.dir/startup_stm32f407xx.s.obj
LOAD /home/rmer/STM/sentry/cmake/stm32cubemx/../../Middlewares/ST/ARM/DSP/Lib/libarm_cortexM4lf_math.a
START GROUP
LOAD /home/rmer/arm-none-eabi/bin/../lib/gcc/arm-none-eabi/13.3.1/thumb/v7e-m+fp/hard/libgcc.a
LOAD /home/rmer/arm-none-eabi/bin/../lib/gcc/arm-none-eabi/13.3.1/../../../../arm-none-eabi/lib/thumb/v7e-m+fp/hard/libg_nano.a
LOAD /home/rmer/arm-none-eabi/bin/../lib/gcc/arm-none-eabi/13.3.1/../../../../arm-none-eabi/lib/thumb/v7e-m+fp/hard/libc_nano.a
END GROUP
START GROUP
LOAD /home/rmer/arm-none-eabi/bin/../lib/gcc/arm-none-eabi/13.3.1/thumb/v7e-m+fp/hard/libgcc.a
LOAD /home/rmer/arm-none-eabi/bin/../lib/gcc/arm-none-eabi/13.3.1/../../../../arm-none-eabi/lib/thumb/v7e-m+fp/hard/libc_nano.a
END GROUP
LOAD /home/rmer/arm-none-eabi/bin/../lib/gcc/arm-none-eabi/13.3.1/thumb/v7e-m+fp/hard/crtend.o
LOAD /home/rmer/arm-none-eabi/bin/../lib/gcc/arm-none-eabi/13.3.1/thumb/v7e-m+fp/hard/crtn.o
                0x20020000                        _estack = (ORIGIN (RAM) + LENGTH (RAM))
                0x00000200                        _Min_Heap_Size = 0x200
                0x00000400                        _Min_Stack_Size = 0x400

.isr_vector     0x08000000      0x188
                0x08000000                        . = ALIGN (0x4)
 *(.isr_vector)
 .isr_vector    0x08000000      0x188 CMakeFiles/sentry.dir/startup_stm32f407xx.s.obj
                0x08000000                g_pfnVectors
                0x08000188                        . = ALIGN (0x4)

.text           0x08000190     0x99f8
                0x08000190                        . = ALIGN (0x4)
 *(.text)
 .text          0x08000190       0x30 /home/rmer/arm-none-eabi/bin/../lib/gcc/arm-none-eabi/13.3.1/thumb/v7e-m+fp/hard/libgcc.a(_aeabi_uldivmod.o)
                0x08000190                __aeabi_uldivmod
 .text          0x080001c0        0x4 /home/rmer/arm-none-eabi/bin/../lib/gcc/arm-none-eabi/13.3.1/thumb/v7e-m+fp/hard/libgcc.a(_dvmd_tls.o)
                0x080001c0                __aeabi_ldiv0
                0x080001c0                __aeabi_idiv0
 *(.text*)
 .text.deregister_tm_clones
                0x080001c4       0x1c /home/rmer/arm-none-eabi/bin/../lib/gcc/arm-none-eabi/13.3.1/thumb/v7e-m+fp/hard/crtbegin.o
 .text.register_tm_clones
                0x080001e0       0x24 /home/rmer/arm-none-eabi/bin/../lib/gcc/arm-none-eabi/13.3.1/thumb/v7e-m+fp/hard/crtbegin.o
 .text.__do_global_dtors_aux
                0x08000204       0x28 /home/rmer/arm-none-eabi/bin/../lib/gcc/arm-none-eabi/13.3.1/thumb/v7e-m+fp/hard/crtbegin.o
 .text.frame_dummy
                0x0800022c       0x24 /home/rmer/arm-none-eabi/bin/../lib/gcc/arm-none-eabi/13.3.1/thumb/v7e-m+fp/hard/crtbegin.o
 .text.__libc_init_array
                0x08000250       0x48 /home/rmer/arm-none-eabi/bin/../lib/gcc/arm-none-eabi/13.3.1/../../../../arm-none-eabi/lib/thumb/v7e-m+fp/hard/libc_nano.a(libc_a-init.o)
                0x08000250                __libc_init_array
 .text.memset   0x08000298       0x10 /home/rmer/arm-none-eabi/bin/../lib/gcc/arm-none-eabi/13.3.1/../../../../arm-none-eabi/lib/thumb/v7e-m+fp/hard/libc_nano.a(libc_a-memset.o)
                0x08000298                memset
 .text.__retarget_lock_acquire_recursive
                0x080002a8        0x2 /home/rmer/arm-none-eabi/bin/../lib/gcc/arm-none-eabi/13.3.1/../../../../arm-none-eabi/lib/thumb/v7e-m+fp/hard/libc_nano.a(libc_a-lock.o)
                0x080002a8                __retarget_lock_acquire_recursive
 .text.__retarget_lock_release_recursive
                0x080002aa        0x2 /home/rmer/arm-none-eabi/bin/../lib/gcc/arm-none-eabi/13.3.1/../../../../arm-none-eabi/lib/thumb/v7e-m+fp/hard/libc_nano.a(libc_a-lock.o)
                0x080002aa                __retarget_lock_release_recursive
 .text.sbrk_aligned
                0x080002ac       0x44 /home/rmer/arm-none-eabi/bin/../lib/gcc/arm-none-eabi/13.3.1/../../../../arm-none-eabi/lib/thumb/v7e-m+fp/hard/libc_nano.a(libc_a-mallocr.o)
 .text._malloc_r
                0x080002f0      0x100 /home/rmer/arm-none-eabi/bin/../lib/gcc/arm-none-eabi/13.3.1/../../../../arm-none-eabi/lib/thumb/v7e-m+fp/hard/libc_nano.a(libc_a-mallocr.o)
                0x080002f0                _malloc_r
 .text.__malloc_lock
                0x080003f0        0xc /home/rmer/arm-none-eabi/bin/../lib/gcc/arm-none-eabi/13.3.1/../../../../arm-none-eabi/lib/thumb/v7e-m+fp/hard/libc_nano.a(libc_a-mlock.o)
                0x080003f0                __malloc_lock
 .text.__malloc_unlock
                0x080003fc        0xc /home/rmer/arm-none-eabi/bin/../lib/gcc/arm-none-eabi/13.3.1/../../../../arm-none-eabi/lib/thumb/v7e-m+fp/hard/libc_nano.a(libc_a-mlock.o)
                0x080003fc                __malloc_unlock
 .text._sbrk_r  0x08000408       0x20 /home/rmer/arm-none-eabi/bin/../lib/gcc/arm-none-eabi/13.3.1/../../../../arm-none-eabi/lib/thumb/v7e-m+fp/hard/libc_nano.a(libc_a-sbrkr.o)
                0x08000408                _sbrk_r
 .text.CANAddFilter
                0x08000428       0x80 CMakeFiles/sentry.dir/Bsp/can/bsp_can.c.obj
 .text.CANServiceInit
                0x080004a8       0x3c CMakeFiles/sentry.dir/Bsp/can/bsp_can.c.obj
 .text.CANRegister
                0x080004e4      0x110 CMakeFiles/sentry.dir/Bsp/can/bsp_can.c.obj
                0x080004e4                CANRegister
 .text.CANTransmit
                0x080005f4       0xa8 CMakeFiles/sentry.dir/Bsp/can/bsp_can.c.obj
                0x080005f4                CANTransmit
 .text.CANFIFOxCallback
                0x0800069c       0xcc CMakeFiles/sentry.dir/Bsp/can/bsp_can.c.obj
 .text.HAL_CAN_RxFifo0MsgPendingCallback
                0x08000768       0x18 CMakeFiles/sentry.dir/Bsp/can/bsp_can.c.obj
                0x08000768                HAL_CAN_RxFifo0MsgPendingCallback
 .text.HAL_CAN_RxFifo1MsgPendingCallback
                0x08000780       0x18 CMakeFiles/sentry.dir/Bsp/can/bsp_can.c.obj
                0x08000780                HAL_CAN_RxFifo1MsgPendingCallback
 .text.DWT_CNT_Update
                0x08000798       0x5c CMakeFiles/sentry.dir/Bsp/dwt/bsp_dwt.c.obj
 .text.DWT_Init
                0x080007f4       0x88 CMakeFiles/sentry.dir/Bsp/dwt/bsp_dwt.c.obj
                0x080007f4                DWT_Init
 .text.DWT_GetDeltaT
                0x0800087c       0x54 CMakeFiles/sentry.dir/Bsp/dwt/bsp_dwt.c.obj
                0x0800087c                DWT_GetDeltaT
 .text.DWT_SysTimeUpdate
                0x080008d0      0x1ac CMakeFiles/sentry.dir/Bsp/dwt/bsp_dwt.c.obj
                0x080008d0                DWT_SysTimeUpdate
 .text.DWT_GetTimeline_ms
                0x08000a7c       0x58 CMakeFiles/sentry.dir/Bsp/dwt/bsp_dwt.c.obj
                0x08000a7c                DWT_GetTimeline_ms
 .text.USARTServiceInit
                0x08000ad4       0x40 CMakeFiles/sentry.dir/Bsp/uart/bsp_usart.c.obj
                0x08000ad4                USARTServiceInit
 .text.USARTRegister
                0x08000b14       0xa8 CMakeFiles/sentry.dir/Bsp/uart/bsp_usart.c.obj
                0x08000b14                USARTRegister
 .text.HAL_UARTEx_RxEventCallback
                0x08000bbc       0xc8 CMakeFiles/sentry.dir/Bsp/uart/bsp_usart.c.obj
                0x08000bbc                HAL_UARTEx_RxEventCallback
 .text.HAL_UART_ErrorCallback
                0x08000c84       0x90 CMakeFiles/sentry.dir/Bsp/uart/bsp_usart.c.obj
                0x08000c84                HAL_UART_ErrorCallback
 .text.ChassisInit
                0x08000d14      0x4c8 CMakeFiles/sentry.dir/Application/chassis/chassis.c.obj
                0x08000d14                ChassisInit
 .text.ChassisTask
                0x080011dc       0xac CMakeFiles/sentry.dir/Application/chassis/chassis.c.obj
                0x080011dc                ChassisTask
 .text.RobotCMDInit
                0x08001288       0x28 CMakeFiles/sentry.dir/Application/cmd/robot_cmd.c.obj
                0x08001288                RobotCMDInit
 .text.RobotCMDTask
                0x080012b0        0xe CMakeFiles/sentry.dir/Application/cmd/robot_cmd.c.obj
                0x080012b0                RobotCMDTask
 *fill*         0x080012be        0x2 
 .text.OSTaskInit
                0x080012c0       0x48 CMakeFiles/sentry.dir/Application/robot.c.obj
                0x080012c0                OSTaskInit
 .text.StartRobotTask
                0x08001308       0x16 CMakeFiles/sentry.dir/Application/robot.c.obj
                0x08001308                StartRobotTask
 .text.RobotInit
                0x0800131e       0x22 CMakeFiles/sentry.dir/Application/robot.c.obj
                0x0800131e                RobotInit
 .text.RobotTask
                0x08001340       0x10 CMakeFiles/sentry.dir/Application/robot.c.obj
                0x08001340                RobotTask
 .text.f_Trapezoid_Intergral
                0x08001350       0x60 CMakeFiles/sentry.dir/Modules/algorithm/controller.c.obj
 .text.f_Changing_Integration_Rate
                0x080013b0      0x14c CMakeFiles/sentry.dir/Modules/algorithm/controller.c.obj
 .text.f_Integral_Limit
                0x080014fc      0x14c CMakeFiles/sentry.dir/Modules/algorithm/controller.c.obj
 .text.f_Derivative_On_Measurement
                0x08001648       0x58 CMakeFiles/sentry.dir/Modules/algorithm/controller.c.obj
 .text.f_Derivative_Filter
                0x080016a0       0x9a CMakeFiles/sentry.dir/Modules/algorithm/controller.c.obj
 .text.f_Output_Filter
                0x0800173a       0x9a CMakeFiles/sentry.dir/Modules/algorithm/controller.c.obj
 .text.f_Output_Limit
                0x080017d4       0x7e CMakeFiles/sentry.dir/Modules/algorithm/controller.c.obj
 *fill*         0x08001852        0x2 
 .text.f_PID_ErrorHandle
                0x08001854      0x104 CMakeFiles/sentry.dir/Modules/algorithm/controller.c.obj
 .text.PIDInit  0x08001958       0x30 CMakeFiles/sentry.dir/Modules/algorithm/controller.c.obj
                0x08001958                PIDInit
 .text.PIDCalculate
                0x08001988      0x28c CMakeFiles/sentry.dir/Modules/algorithm/controller.c.obj
                0x08001988                PIDCalculate
 .text.MotorSenderGrouping
                0x08001c14      0x1b8 CMakeFiles/sentry.dir/Modules/motor/DJImotor/dji_motor.c.obj
 .text.DecodeDJIMotor
                0x08001dcc      0x180 CMakeFiles/sentry.dir/Modules/motor/DJImotor/dji_motor.c.obj
 .text.DJIMotorInit
                0x08001f4c       0xfc CMakeFiles/sentry.dir/Modules/motor/DJImotor/dji_motor.c.obj
                0x08001f4c                DJIMotorInit
 .text.DJIMotorEnable
                0x08002048       0x1c CMakeFiles/sentry.dir/Modules/motor/DJImotor/dji_motor.c.obj
                0x08002048                DJIMotorEnable
 .text.DJIMotorSetRef
                0x08002064       0x20 CMakeFiles/sentry.dir/Modules/motor/DJImotor/dji_motor.c.obj
                0x08002064                DJIMotorSetRef
 .text.DJIMotorControl
                0x08002084      0x23c CMakeFiles/sentry.dir/Modules/motor/DJImotor/dji_motor.c.obj
                0x08002084                DJIMotorControl
 .text.RectifyRCjoystick
                0x080022c0       0x50 CMakeFiles/sentry.dir/Modules/remote/remote_control.c.obj
 .text.sbus_to_rc
                0x08002310      0x304 CMakeFiles/sentry.dir/Modules/remote/remote_control.c.obj
 .text.RemoteControlRxCallback
                0x08002614       0x18 CMakeFiles/sentry.dir/Modules/remote/remote_control.c.obj
 .text.RemoteControlInit
                0x0800262c       0x44 CMakeFiles/sentry.dir/Modules/remote/remote_control.c.obj
                0x0800262c                RemoteControlInit
 .text.main     0x08002670       0x38 CMakeFiles/sentry.dir/Core/Src/main.c.obj
                0x08002670                main
 .text.SystemClock_Config
                0x080026a8       0xd4 CMakeFiles/sentry.dir/Core/Src/main.c.obj
                0x080026a8                SystemClock_Config
 .text.HAL_TIM_PeriodElapsedCallback
                0x0800277c       0x24 CMakeFiles/sentry.dir/Core/Src/main.c.obj
                0x0800277c                HAL_TIM_PeriodElapsedCallback
 .text.Error_Handler
                0x080027a0        0xc CMakeFiles/sentry.dir/Core/Src/main.c.obj
                0x080027a0                Error_Handler
 .text.MX_GPIO_Init
                0x080027ac       0xa4 CMakeFiles/sentry.dir/Core/Src/gpio.c.obj
                0x080027ac                MX_GPIO_Init
 .text.MX_FREERTOS_Init
                0x08002850       0x24 CMakeFiles/sentry.dir/Core/Src/freertos.c.obj
                0x08002850                MX_FREERTOS_Init
 .text.StartDefaultTask
                0x08002874       0x10 CMakeFiles/sentry.dir/Core/Src/freertos.c.obj
                0x08002874                StartDefaultTask
 .text.MX_CAN1_Init
                0x08002884       0x6c CMakeFiles/sentry.dir/Core/Src/can.c.obj
                0x08002884                MX_CAN1_Init
 .text.MX_CAN2_Init
                0x080028f0       0x6c CMakeFiles/sentry.dir/Core/Src/can.c.obj
                0x080028f0                MX_CAN2_Init
 .text.HAL_CAN_MspInit
                0x0800295c      0x180 CMakeFiles/sentry.dir/Core/Src/can.c.obj
                0x0800295c                HAL_CAN_MspInit
 .text.MX_DMA_Init
                0x08002adc       0x6c CMakeFiles/sentry.dir/Core/Src/dma.c.obj
                0x08002adc                MX_DMA_Init
 .text.MX_USART1_UART_Init
                0x08002b48       0x54 CMakeFiles/sentry.dir/Core/Src/usart.c.obj
                0x08002b48                MX_USART1_UART_Init
 .text.MX_USART3_UART_Init
                0x08002b9c       0x58 CMakeFiles/sentry.dir/Core/Src/usart.c.obj
                0x08002b9c                MX_USART3_UART_Init
 .text.HAL_UART_MspInit
                0x08002bf4      0x228 CMakeFiles/sentry.dir/Core/Src/usart.c.obj
                0x08002bf4                HAL_UART_MspInit
 .text.NMI_Handler
                0x08002e1c        0x8 CMakeFiles/sentry.dir/Core/Src/stm32f4xx_it.c.obj
                0x08002e1c                NMI_Handler
 .text.HardFault_Handler
                0x08002e24        0x8 CMakeFiles/sentry.dir/Core/Src/stm32f4xx_it.c.obj
                0x08002e24                HardFault_Handler
 .text.MemManage_Handler
                0x08002e2c        0x8 CMakeFiles/sentry.dir/Core/Src/stm32f4xx_it.c.obj
                0x08002e2c                MemManage_Handler
 .text.BusFault_Handler
                0x08002e34        0x8 CMakeFiles/sentry.dir/Core/Src/stm32f4xx_it.c.obj
                0x08002e34                BusFault_Handler
 .text.UsageFault_Handler
                0x08002e3c        0x8 CMakeFiles/sentry.dir/Core/Src/stm32f4xx_it.c.obj
                0x08002e3c                UsageFault_Handler
 .text.DebugMon_Handler
                0x08002e44        0xe CMakeFiles/sentry.dir/Core/Src/stm32f4xx_it.c.obj
                0x08002e44                DebugMon_Handler
 *fill*         0x08002e52        0x2 
 .text.DMA1_Stream1_IRQHandler
                0x08002e54       0x14 CMakeFiles/sentry.dir/Core/Src/stm32f4xx_it.c.obj
                0x08002e54                DMA1_Stream1_IRQHandler
 .text.CAN1_RX0_IRQHandler
                0x08002e68       0x14 CMakeFiles/sentry.dir/Core/Src/stm32f4xx_it.c.obj
                0x08002e68                CAN1_RX0_IRQHandler
 .text.CAN1_RX1_IRQHandler
                0x08002e7c       0x14 CMakeFiles/sentry.dir/Core/Src/stm32f4xx_it.c.obj
                0x08002e7c                CAN1_RX1_IRQHandler
 .text.USART1_IRQHandler
                0x08002e90       0x14 CMakeFiles/sentry.dir/Core/Src/stm32f4xx_it.c.obj
                0x08002e90                USART1_IRQHandler
 .text.USART3_IRQHandler
                0x08002ea4       0x14 CMakeFiles/sentry.dir/Core/Src/stm32f4xx_it.c.obj
                0x08002ea4                USART3_IRQHandler
 .text.TIM7_IRQHandler
                0x08002eb8       0x14 CMakeFiles/sentry.dir/Core/Src/stm32f4xx_it.c.obj
                0x08002eb8                TIM7_IRQHandler
 .text.CAN2_RX0_IRQHandler
                0x08002ecc       0x14 CMakeFiles/sentry.dir/Core/Src/stm32f4xx_it.c.obj
                0x08002ecc                CAN2_RX0_IRQHandler
 .text.CAN2_RX1_IRQHandler
                0x08002ee0       0x14 CMakeFiles/sentry.dir/Core/Src/stm32f4xx_it.c.obj
                0x08002ee0                CAN2_RX1_IRQHandler
 .text.DMA2_Stream7_IRQHandler
                0x08002ef4       0x14 CMakeFiles/sentry.dir/Core/Src/stm32f4xx_it.c.obj
                0x08002ef4                DMA2_Stream7_IRQHandler
 .text.HAL_MspInit
                0x08002f08       0x58 CMakeFiles/sentry.dir/Core/Src/stm32f4xx_hal_msp.c.obj
                0x08002f08                HAL_MspInit
 .text.HAL_InitTick
                0x08002f60       0xf8 CMakeFiles/sentry.dir/Core/Src/stm32f4xx_hal_timebase_tim.c.obj
                0x08002f60                HAL_InitTick
 .text.HAL_CAN_Init
                0x08003058      0x1f6 CMakeFiles/sentry.dir/Drivers/STM32F4xx_HAL_Driver/Src/stm32f4xx_hal_can.c.obj
                0x08003058                HAL_CAN_Init
 *fill*         0x0800324e        0x2 
 .text.HAL_CAN_ConfigFilter
                0x08003250      0x1c0 CMakeFiles/sentry.dir/Drivers/STM32F4xx_HAL_Driver/Src/stm32f4xx_hal_can.c.obj
                0x08003250                HAL_CAN_ConfigFilter
 .text.HAL_CAN_Start
                0x08003410       0x88 CMakeFiles/sentry.dir/Drivers/STM32F4xx_HAL_Driver/Src/stm32f4xx_hal_can.c.obj
                0x08003410                HAL_CAN_Start
 .text.HAL_CAN_AddTxMessage
                0x08003498      0x1a0 CMakeFiles/sentry.dir/Drivers/STM32F4xx_HAL_Driver/Src/stm32f4xx_hal_can.c.obj
                0x08003498                HAL_CAN_AddTxMessage
 .text.HAL_CAN_GetTxMailboxesFreeLevel
                0x08003638       0x6a CMakeFiles/sentry.dir/Drivers/STM32F4xx_HAL_Driver/Src/stm32f4xx_hal_can.c.obj
                0x08003638                HAL_CAN_GetTxMailboxesFreeLevel
 .text.HAL_CAN_GetRxMessage
                0x080036a2      0x244 CMakeFiles/sentry.dir/Drivers/STM32F4xx_HAL_Driver/Src/stm32f4xx_hal_can.c.obj
                0x080036a2                HAL_CAN_GetRxMessage
 .text.HAL_CAN_GetRxFifoFillLevel
                0x080038e6       0x50 CMakeFiles/sentry.dir/Drivers/STM32F4xx_HAL_Driver/Src/stm32f4xx_hal_can.c.obj
                0x080038e6                HAL_CAN_GetRxFifoFillLevel
 .text.HAL_CAN_ActivateNotification
                0x08003936       0x4c CMakeFiles/sentry.dir/Drivers/STM32F4xx_HAL_Driver/Src/stm32f4xx_hal_can.c.obj
                0x08003936                HAL_CAN_ActivateNotification
 .text.HAL_CAN_IRQHandler
                0x08003982      0x36e CMakeFiles/sentry.dir/Drivers/STM32F4xx_HAL_Driver/Src/stm32f4xx_hal_can.c.obj
                0x08003982                HAL_CAN_IRQHandler
 .text.HAL_CAN_TxMailbox0CompleteCallback
                0x08003cf0       0x14 CMakeFiles/sentry.dir/Drivers/STM32F4xx_HAL_Driver/Src/stm32f4xx_hal_can.c.obj
                0x08003cf0                HAL_CAN_TxMailbox0CompleteCallback
 .text.HAL_CAN_TxMailbox1CompleteCallback
                0x08003d04       0x14 CMakeFiles/sentry.dir/Drivers/STM32F4xx_HAL_Driver/Src/stm32f4xx_hal_can.c.obj
                0x08003d04                HAL_CAN_TxMailbox1CompleteCallback
 .text.HAL_CAN_TxMailbox2CompleteCallback
                0x08003d18       0x14 CMakeFiles/sentry.dir/Drivers/STM32F4xx_HAL_Driver/Src/stm32f4xx_hal_can.c.obj
                0x08003d18                HAL_CAN_TxMailbox2CompleteCallback
 .text.HAL_CAN_TxMailbox0AbortCallback
                0x08003d2c       0x14 CMakeFiles/sentry.dir/Drivers/STM32F4xx_HAL_Driver/Src/stm32f4xx_hal_can.c.obj
                0x08003d2c                HAL_CAN_TxMailbox0AbortCallback
 .text.HAL_CAN_TxMailbox1AbortCallback
                0x08003d40       0x14 CMakeFiles/sentry.dir/Drivers/STM32F4xx_HAL_Driver/Src/stm32f4xx_hal_can.c.obj
                0x08003d40                HAL_CAN_TxMailbox1AbortCallback
 .text.HAL_CAN_TxMailbox2AbortCallback
                0x08003d54       0x14 CMakeFiles/sentry.dir/Drivers/STM32F4xx_HAL_Driver/Src/stm32f4xx_hal_can.c.obj
                0x08003d54                HAL_CAN_TxMailbox2AbortCallback
 .text.HAL_CAN_RxFifo0FullCallback
                0x08003d68       0x14 CMakeFiles/sentry.dir/Drivers/STM32F4xx_HAL_Driver/Src/stm32f4xx_hal_can.c.obj
                0x08003d68                HAL_CAN_RxFifo0FullCallback
 .text.HAL_CAN_RxFifo1FullCallback
                0x08003d7c       0x14 CMakeFiles/sentry.dir/Drivers/STM32F4xx_HAL_Driver/Src/stm32f4xx_hal_can.c.obj
                0x08003d7c                HAL_CAN_RxFifo1FullCallback
 .text.HAL_CAN_SleepCallback
                0x08003d90       0x14 CMakeFiles/sentry.dir/Drivers/STM32F4xx_HAL_Driver/Src/stm32f4xx_hal_can.c.obj
                0x08003d90                HAL_CAN_SleepCallback
 .text.HAL_CAN_WakeUpFromRxMsgCallback
                0x08003da4       0x14 CMakeFiles/sentry.dir/Drivers/STM32F4xx_HAL_Driver/Src/stm32f4xx_hal_can.c.obj
                0x08003da4                HAL_CAN_WakeUpFromRxMsgCallback
 .text.HAL_CAN_ErrorCallback
                0x08003db8       0x14 CMakeFiles/sentry.dir/Drivers/STM32F4xx_HAL_Driver/Src/stm32f4xx_hal_can.c.obj
                0x08003db8                HAL_CAN_ErrorCallback
 .text.HAL_RCC_OscConfig
                0x08003dcc      0x4f0 CMakeFiles/sentry.dir/Drivers/STM32F4xx_HAL_Driver/Src/stm32f4xx_hal_rcc.c.obj
                0x08003dcc                HAL_RCC_OscConfig
 .text.HAL_RCC_ClockConfig
                0x080042bc      0x1cc CMakeFiles/sentry.dir/Drivers/STM32F4xx_HAL_Driver/Src/stm32f4xx_hal_rcc.c.obj
                0x080042bc                HAL_RCC_ClockConfig
 .text.HAL_RCC_GetSysClockFreq
                0x08004488      0x18c CMakeFiles/sentry.dir/Drivers/STM32F4xx_HAL_Driver/Src/stm32f4xx_hal_rcc.c.obj
                0x08004488                HAL_RCC_GetSysClockFreq
 .text.HAL_RCC_GetHCLKFreq
                0x08004614       0x18 CMakeFiles/sentry.dir/Drivers/STM32F4xx_HAL_Driver/Src/stm32f4xx_hal_rcc.c.obj
                0x08004614                HAL_RCC_GetHCLKFreq
 .text.HAL_RCC_GetPCLK1Freq
                0x0800462c       0x28 CMakeFiles/sentry.dir/Drivers/STM32F4xx_HAL_Driver/Src/stm32f4xx_hal_rcc.c.obj
                0x0800462c                HAL_RCC_GetPCLK1Freq
 .text.HAL_RCC_GetPCLK2Freq
                0x08004654       0x28 CMakeFiles/sentry.dir/Drivers/STM32F4xx_HAL_Driver/Src/stm32f4xx_hal_rcc.c.obj
                0x08004654                HAL_RCC_GetPCLK2Freq
 .text.HAL_RCC_GetClockConfig
                0x0800467c       0x64 CMakeFiles/sentry.dir/Drivers/STM32F4xx_HAL_Driver/Src/stm32f4xx_hal_rcc.c.obj
                0x0800467c                HAL_RCC_GetClockConfig
 .text.HAL_GPIO_Init
                0x080046e0      0x338 CMakeFiles/sentry.dir/Drivers/STM32F4xx_HAL_Driver/Src/stm32f4xx_hal_gpio.c.obj
                0x080046e0                HAL_GPIO_Init
 .text.HAL_DMA_Init
                0x08004a18      0x15c CMakeFiles/sentry.dir/Drivers/STM32F4xx_HAL_Driver/Src/stm32f4xx_hal_dma.c.obj
                0x08004a18                HAL_DMA_Init
 .text.HAL_DMA_Start_IT
                0x08004b74       0xb0 CMakeFiles/sentry.dir/Drivers/STM32F4xx_HAL_Driver/Src/stm32f4xx_hal_dma.c.obj
                0x08004b74                HAL_DMA_Start_IT
 .text.HAL_DMA_Abort
                0x08004c24       0xe0 CMakeFiles/sentry.dir/Drivers/STM32F4xx_HAL_Driver/Src/stm32f4xx_hal_dma.c.obj
                0x08004c24                HAL_DMA_Abort
 .text.HAL_DMA_Abort_IT
                0x08004d04       0x44 CMakeFiles/sentry.dir/Drivers/STM32F4xx_HAL_Driver/Src/stm32f4xx_hal_dma.c.obj
                0x08004d04                HAL_DMA_Abort_IT
 .text.HAL_DMA_IRQHandler
                0x08004d48      0x314 CMakeFiles/sentry.dir/Drivers/STM32F4xx_HAL_Driver/Src/stm32f4xx_hal_dma.c.obj
                0x08004d48                HAL_DMA_IRQHandler
 .text.DMA_SetConfig
                0x0800505c       0x5c CMakeFiles/sentry.dir/Drivers/STM32F4xx_HAL_Driver/Src/stm32f4xx_hal_dma.c.obj
 .text.DMA_CalcBaseAndBitshift
                0x080050b8       0x6c CMakeFiles/sentry.dir/Drivers/STM32F4xx_HAL_Driver/Src/stm32f4xx_hal_dma.c.obj
 .text.DMA_CheckFifoParam
                0x08005124       0xf8 CMakeFiles/sentry.dir/Drivers/STM32F4xx_HAL_Driver/Src/stm32f4xx_hal_dma.c.obj
 .text.__NVIC_SetPriorityGrouping
                0x0800521c       0x48 CMakeFiles/sentry.dir/Drivers/STM32F4xx_HAL_Driver/Src/stm32f4xx_hal_cortex.c.obj
 .text.__NVIC_GetPriorityGrouping
                0x08005264       0x1c CMakeFiles/sentry.dir/Drivers/STM32F4xx_HAL_Driver/Src/stm32f4xx_hal_cortex.c.obj
 .text.__NVIC_EnableIRQ
                0x08005280       0x3c CMakeFiles/sentry.dir/Drivers/STM32F4xx_HAL_Driver/Src/stm32f4xx_hal_cortex.c.obj
 .text.__NVIC_SetPriority
                0x080052bc       0x54 CMakeFiles/sentry.dir/Drivers/STM32F4xx_HAL_Driver/Src/stm32f4xx_hal_cortex.c.obj
 .text.NVIC_EncodePriority
                0x08005310       0x66 CMakeFiles/sentry.dir/Drivers/STM32F4xx_HAL_Driver/Src/stm32f4xx_hal_cortex.c.obj
 .text.HAL_NVIC_SetPriorityGrouping
                0x08005376       0x16 CMakeFiles/sentry.dir/Drivers/STM32F4xx_HAL_Driver/Src/stm32f4xx_hal_cortex.c.obj
                0x08005376                HAL_NVIC_SetPriorityGrouping
 .text.HAL_NVIC_SetPriority
                0x0800538c       0x38 CMakeFiles/sentry.dir/Drivers/STM32F4xx_HAL_Driver/Src/stm32f4xx_hal_cortex.c.obj
                0x0800538c                HAL_NVIC_SetPriority
 .text.HAL_NVIC_EnableIRQ
                0x080053c4       0x1c CMakeFiles/sentry.dir/Drivers/STM32F4xx_HAL_Driver/Src/stm32f4xx_hal_cortex.c.obj
                0x080053c4                HAL_NVIC_EnableIRQ
 .text.HAL_Init
                0x080053e0       0x44 CMakeFiles/sentry.dir/Drivers/STM32F4xx_HAL_Driver/Src/stm32f4xx_hal.c.obj
                0x080053e0                HAL_Init
 .text.HAL_IncTick
                0x08005424       0x28 CMakeFiles/sentry.dir/Drivers/STM32F4xx_HAL_Driver/Src/stm32f4xx_hal.c.obj
                0x08005424                HAL_IncTick
 .text.HAL_GetTick
                0x0800544c       0x18 CMakeFiles/sentry.dir/Drivers/STM32F4xx_HAL_Driver/Src/stm32f4xx_hal.c.obj
                0x0800544c                HAL_GetTick
 .text.HAL_TIM_Base_Init
                0x08005464       0x9e CMakeFiles/sentry.dir/Drivers/STM32F4xx_HAL_Driver/Src/stm32f4xx_hal_tim.c.obj
                0x08005464                HAL_TIM_Base_Init
 .text.HAL_TIM_Base_MspInit
                0x08005502       0x14 CMakeFiles/sentry.dir/Drivers/STM32F4xx_HAL_Driver/Src/stm32f4xx_hal_tim.c.obj
                0x08005502                HAL_TIM_Base_MspInit
 *fill*         0x08005516        0x2 
 .text.HAL_TIM_Base_Start_IT
                0x08005518       0xe0 CMakeFiles/sentry.dir/Drivers/STM32F4xx_HAL_Driver/Src/stm32f4xx_hal_tim.c.obj
                0x08005518                HAL_TIM_Base_Start_IT
 .text.HAL_TIM_IRQHandler
                0x080055f8      0x1e0 CMakeFiles/sentry.dir/Drivers/STM32F4xx_HAL_Driver/Src/stm32f4xx_hal_tim.c.obj
                0x080055f8                HAL_TIM_IRQHandler
 .text.HAL_TIM_OC_DelayElapsedCallback
                0x080057d8       0x14 CMakeFiles/sentry.dir/Drivers/STM32F4xx_HAL_Driver/Src/stm32f4xx_hal_tim.c.obj
                0x080057d8                HAL_TIM_OC_DelayElapsedCallback
 .text.HAL_TIM_IC_CaptureCallback
                0x080057ec       0x14 CMakeFiles/sentry.dir/Drivers/STM32F4xx_HAL_Driver/Src/stm32f4xx_hal_tim.c.obj
                0x080057ec                HAL_TIM_IC_CaptureCallback
 .text.HAL_TIM_PWM_PulseFinishedCallback
                0x08005800       0x14 CMakeFiles/sentry.dir/Drivers/STM32F4xx_HAL_Driver/Src/stm32f4xx_hal_tim.c.obj
                0x08005800                HAL_TIM_PWM_PulseFinishedCallback
 .text.HAL_TIM_TriggerCallback
                0x08005814       0x14 CMakeFiles/sentry.dir/Drivers/STM32F4xx_HAL_Driver/Src/stm32f4xx_hal_tim.c.obj
                0x08005814                HAL_TIM_TriggerCallback
 .text.TIM_Base_SetConfig
                0x08005828      0x158 CMakeFiles/sentry.dir/Drivers/STM32F4xx_HAL_Driver/Src/stm32f4xx_hal_tim.c.obj
                0x08005828                TIM_Base_SetConfig
 .text.HAL_TIMEx_CommutCallback
                0x08005980       0x14 CMakeFiles/sentry.dir/Drivers/STM32F4xx_HAL_Driver/Src/stm32f4xx_hal_tim_ex.c.obj
                0x08005980                HAL_TIMEx_CommutCallback
 .text.HAL_TIMEx_BreakCallback
                0x08005994       0x14 CMakeFiles/sentry.dir/Drivers/STM32F4xx_HAL_Driver/Src/stm32f4xx_hal_tim_ex.c.obj
                0x08005994                HAL_TIMEx_BreakCallback
 .text.HAL_UART_Init
                0x080059a8       0xa0 CMakeFiles/sentry.dir/Drivers/STM32F4xx_HAL_Driver/Src/stm32f4xx_hal_uart.c.obj
                0x080059a8                HAL_UART_Init
 .text.HAL_UARTEx_ReceiveToIdle_DMA
                0x08005a48       0xba CMakeFiles/sentry.dir/Drivers/STM32F4xx_HAL_Driver/Src/stm32f4xx_hal_uart.c.obj
                0x08005a48                HAL_UARTEx_ReceiveToIdle_DMA
 *fill*         0x08005b02        0x2 
 .text.HAL_UART_IRQHandler
                0x08005b04      0x524 CMakeFiles/sentry.dir/Drivers/STM32F4xx_HAL_Driver/Src/stm32f4xx_hal_uart.c.obj
                0x08005b04                HAL_UART_IRQHandler
 .text.HAL_UART_TxCpltCallback
                0x08006028       0x14 CMakeFiles/sentry.dir/Drivers/STM32F4xx_HAL_Driver/Src/stm32f4xx_hal_uart.c.obj
                0x08006028                HAL_UART_TxCpltCallback
 .text.HAL_UART_RxCpltCallback
                0x0800603c       0x14 CMakeFiles/sentry.dir/Drivers/STM32F4xx_HAL_Driver/Src/stm32f4xx_hal_uart.c.obj
                0x0800603c                HAL_UART_RxCpltCallback
 .text.HAL_UART_RxHalfCpltCallback
                0x08006050       0x14 CMakeFiles/sentry.dir/Drivers/STM32F4xx_HAL_Driver/Src/stm32f4xx_hal_uart.c.obj
                0x08006050                HAL_UART_RxHalfCpltCallback
 .text.UART_DMAReceiveCplt
                0x08006064      0x12c CMakeFiles/sentry.dir/Drivers/STM32F4xx_HAL_Driver/Src/stm32f4xx_hal_uart.c.obj
 .text.UART_DMARxHalfCplt
                0x08006190       0x3c CMakeFiles/sentry.dir/Drivers/STM32F4xx_HAL_Driver/Src/stm32f4xx_hal_uart.c.obj
 .text.UART_DMAError
                0x080061cc       0x94 CMakeFiles/sentry.dir/Drivers/STM32F4xx_HAL_Driver/Src/stm32f4xx_hal_uart.c.obj
 .text.UART_Start_Receive_DMA
                0x08006260      0x134 CMakeFiles/sentry.dir/Drivers/STM32F4xx_HAL_Driver/Src/stm32f4xx_hal_uart.c.obj
                0x08006260                UART_Start_Receive_DMA
 .text.UART_EndTxTransfer
                0x08006394       0x50 CMakeFiles/sentry.dir/Drivers/STM32F4xx_HAL_Driver/Src/stm32f4xx_hal_uart.c.obj
 .text.UART_EndRxTransfer
                0x080063e4       0xc6 CMakeFiles/sentry.dir/Drivers/STM32F4xx_HAL_Driver/Src/stm32f4xx_hal_uart.c.obj
 .text.UART_DMAAbortOnError
                0x080064aa       0x28 CMakeFiles/sentry.dir/Drivers/STM32F4xx_HAL_Driver/Src/stm32f4xx_hal_uart.c.obj
 .text.UART_Transmit_IT
                0x080064d2       0xa0 CMakeFiles/sentry.dir/Drivers/STM32F4xx_HAL_Driver/Src/stm32f4xx_hal_uart.c.obj
 .text.UART_EndTransmit_IT
                0x08006572       0x30 CMakeFiles/sentry.dir/Drivers/STM32F4xx_HAL_Driver/Src/stm32f4xx_hal_uart.c.obj
 .text.UART_Receive_IT
                0x080065a2      0x17c CMakeFiles/sentry.dir/Drivers/STM32F4xx_HAL_Driver/Src/stm32f4xx_hal_uart.c.obj
 *fill*         0x0800671e        0x2 
 .text.UART_SetConfig
                0x08006720      0x4e8 CMakeFiles/sentry.dir/Drivers/STM32F4xx_HAL_Driver/Src/stm32f4xx_hal_uart.c.obj
 .text.SystemInit
                0x08006c08       0x24 CMakeFiles/sentry.dir/Core/Src/system_stm32f4xx.c.obj
                0x08006c08                SystemInit
 .text.vListInitialise
                0x08006c2c       0x40 CMakeFiles/sentry.dir/Middlewares/Third_Party/FreeRTOS/Source/list.c.obj
                0x08006c2c                vListInitialise
 .text.vListInitialiseItem
                0x08006c6c       0x1a CMakeFiles/sentry.dir/Middlewares/Third_Party/FreeRTOS/Source/list.c.obj
                0x08006c6c                vListInitialiseItem
 .text.vListInsertEnd
                0x08006c86       0x48 CMakeFiles/sentry.dir/Middlewares/Third_Party/FreeRTOS/Source/list.c.obj
                0x08006c86                vListInsertEnd
 .text.vListInsert
                0x08006cce       0x72 CMakeFiles/sentry.dir/Middlewares/Third_Party/FreeRTOS/Source/list.c.obj
                0x08006cce                vListInsert
 .text.uxListRemove
                0x08006d40       0x54 CMakeFiles/sentry.dir/Middlewares/Third_Party/FreeRTOS/Source/list.c.obj
                0x08006d40                uxListRemove
 .text.xQueueGenericReset
                0x08006d94       0xd4 CMakeFiles/sentry.dir/Middlewares/Third_Party/FreeRTOS/Source/queue.c.obj
                0x08006d94                xQueueGenericReset
 .text.xQueueGenericCreateStatic
                0x08006e68       0xfa CMakeFiles/sentry.dir/Middlewares/Third_Party/FreeRTOS/Source/queue.c.obj
                0x08006e68                xQueueGenericCreateStatic
 .text.prvInitialiseNewQueue
                0x08006f62       0x46 CMakeFiles/sentry.dir/Middlewares/Third_Party/FreeRTOS/Source/queue.c.obj
 .text.xQueueGenericSend
                0x08006fa8      0x204 CMakeFiles/sentry.dir/Middlewares/Third_Party/FreeRTOS/Source/queue.c.obj
                0x08006fa8                xQueueGenericSend
 .text.xQueueGenericSendFromISR
                0x080071ac      0x13c CMakeFiles/sentry.dir/Middlewares/Third_Party/FreeRTOS/Source/queue.c.obj
                0x080071ac                xQueueGenericSendFromISR
 .text.xQueueReceive
                0x080072e8      0x1c4 CMakeFiles/sentry.dir/Middlewares/Third_Party/FreeRTOS/Source/queue.c.obj
                0x080072e8                xQueueReceive
 .text.prvCopyDataToQueue
                0x080074ac       0xd4 CMakeFiles/sentry.dir/Middlewares/Third_Party/FreeRTOS/Source/queue.c.obj
 .text.prvCopyDataFromQueue
                0x08007580       0x4c CMakeFiles/sentry.dir/Middlewares/Third_Party/FreeRTOS/Source/queue.c.obj
 .text.prvUnlockQueue
                0x080075cc       0xa4 CMakeFiles/sentry.dir/Middlewares/Third_Party/FreeRTOS/Source/queue.c.obj
 .text.prvIsQueueEmpty
                0x08007670       0x2c CMakeFiles/sentry.dir/Middlewares/Third_Party/FreeRTOS/Source/queue.c.obj
 .text.prvIsQueueFull
                0x0800769c       0x30 CMakeFiles/sentry.dir/Middlewares/Third_Party/FreeRTOS/Source/queue.c.obj
 .text.vQueueAddToRegistry
                0x080076cc       0x54 CMakeFiles/sentry.dir/Middlewares/Third_Party/FreeRTOS/Source/queue.c.obj
                0x080076cc                vQueueAddToRegistry
 .text.vQueueWaitForMessageRestricted
                0x08007720       0x68 CMakeFiles/sentry.dir/Middlewares/Third_Party/FreeRTOS/Source/queue.c.obj
                0x08007720                vQueueWaitForMessageRestricted
 .text.xTaskCreateStatic
                0x08007788       0xc0 CMakeFiles/sentry.dir/Middlewares/Third_Party/FreeRTOS/Source/tasks.c.obj
                0x08007788                xTaskCreateStatic
 .text.xTaskCreate
                0x08007848       0x8a CMakeFiles/sentry.dir/Middlewares/Third_Party/FreeRTOS/Source/tasks.c.obj
                0x08007848                xTaskCreate
 .text.prvInitialiseNewTask
                0x080078d2      0x120 CMakeFiles/sentry.dir/Middlewares/Third_Party/FreeRTOS/Source/tasks.c.obj
 *fill*         0x080079f2        0x2 
 .text.prvAddNewTaskToReadyList
                0x080079f4       0xe0 CMakeFiles/sentry.dir/Middlewares/Third_Party/FreeRTOS/Source/tasks.c.obj
 .text.vTaskDelay
                0x08007ad4       0x6c CMakeFiles/sentry.dir/Middlewares/Third_Party/FreeRTOS/Source/tasks.c.obj
                0x08007ad4                vTaskDelay
 .text.vTaskStartScheduler
                0x08007b40       0xd0 CMakeFiles/sentry.dir/Middlewares/Third_Party/FreeRTOS/Source/tasks.c.obj
                0x08007b40                vTaskStartScheduler
 .text.vTaskSuspendAll
                0x08007c10       0x1c CMakeFiles/sentry.dir/Middlewares/Third_Party/FreeRTOS/Source/tasks.c.obj
                0x08007c10                vTaskSuspendAll
 .text.xTaskResumeAll
                0x08007c2c      0x13c CMakeFiles/sentry.dir/Middlewares/Third_Party/FreeRTOS/Source/tasks.c.obj
                0x08007c2c                xTaskResumeAll
 .text.xTaskGetTickCount
                0x08007d68       0x20 CMakeFiles/sentry.dir/Middlewares/Third_Party/FreeRTOS/Source/tasks.c.obj
                0x08007d68                xTaskGetTickCount
 .text.xTaskIncrementTick
                0x08007d88      0x174 CMakeFiles/sentry.dir/Middlewares/Third_Party/FreeRTOS/Source/tasks.c.obj
                0x08007d88                xTaskIncrementTick
 .text.vTaskSwitchContext
                0x08007efc       0xbc CMakeFiles/sentry.dir/Middlewares/Third_Party/FreeRTOS/Source/tasks.c.obj
                0x08007efc                vTaskSwitchContext
 .text.vTaskPlaceOnEventList
                0x08007fb8       0x4c CMakeFiles/sentry.dir/Middlewares/Third_Party/FreeRTOS/Source/tasks.c.obj
                0x08007fb8                vTaskPlaceOnEventList
 .text.vTaskPlaceOnEventListRestricted
                0x08008004       0x58 CMakeFiles/sentry.dir/Middlewares/Third_Party/FreeRTOS/Source/tasks.c.obj
                0x08008004                vTaskPlaceOnEventListRestricted
 .text.xTaskRemoveFromEventList
                0x0800805c       0xc8 CMakeFiles/sentry.dir/Middlewares/Third_Party/FreeRTOS/Source/tasks.c.obj
                0x0800805c                xTaskRemoveFromEventList
 .text.vTaskInternalSetTimeOutState
                0x08008124       0x2c CMakeFiles/sentry.dir/Middlewares/Third_Party/FreeRTOS/Source/tasks.c.obj
                0x08008124                vTaskInternalSetTimeOutState
 .text.xTaskCheckForTimeOut
                0x08008150       0xc8 CMakeFiles/sentry.dir/Middlewares/Third_Party/FreeRTOS/Source/tasks.c.obj
                0x08008150                xTaskCheckForTimeOut
 .text.vTaskMissedYield
                0x08008218       0x18 CMakeFiles/sentry.dir/Middlewares/Third_Party/FreeRTOS/Source/tasks.c.obj
                0x08008218                vTaskMissedYield
 .text.prvIdleTask
                0x08008230       0x30 CMakeFiles/sentry.dir/Middlewares/Third_Party/FreeRTOS/Source/tasks.c.obj
 .text.prvInitialiseTaskLists
                0x08008260       0x80 CMakeFiles/sentry.dir/Middlewares/Third_Party/FreeRTOS/Source/tasks.c.obj
 .text.prvCheckTasksWaitingTermination
                0x080082e0       0x5c CMakeFiles/sentry.dir/Middlewares/Third_Party/FreeRTOS/Source/tasks.c.obj
 .text.prvDeleteTCB
                0x0800833c       0x60 CMakeFiles/sentry.dir/Middlewares/Third_Party/FreeRTOS/Source/tasks.c.obj
 .text.prvResetNextTaskUnblockTime
                0x0800839c       0x40 CMakeFiles/sentry.dir/Middlewares/Third_Party/FreeRTOS/Source/tasks.c.obj
 .text.xTaskGetSchedulerState
                0x080083dc       0x3c CMakeFiles/sentry.dir/Middlewares/Third_Party/FreeRTOS/Source/tasks.c.obj
                0x080083dc                xTaskGetSchedulerState
 .text.xTaskPriorityDisinherit
                0x08008418       0xe0 CMakeFiles/sentry.dir/Middlewares/Third_Party/FreeRTOS/Source/tasks.c.obj
                0x08008418                xTaskPriorityDisinherit
 .text.prvAddCurrentTaskToDelayedList
                0x080084f8       0xa8 CMakeFiles/sentry.dir/Middlewares/Third_Party/FreeRTOS/Source/tasks.c.obj
 .text.xTimerCreateTimerTask
                0x080085a0       0x94 CMakeFiles/sentry.dir/Middlewares/Third_Party/FreeRTOS/Source/timers.c.obj
                0x080085a0                xTimerCreateTimerTask
 .text.xTimerGenericCommand
                0x08008634       0x9c CMakeFiles/sentry.dir/Middlewares/Third_Party/FreeRTOS/Source/timers.c.obj
                0x08008634                xTimerGenericCommand
 .text.prvProcessExpiredTimer
                0x080086d0       0x9c CMakeFiles/sentry.dir/Middlewares/Third_Party/FreeRTOS/Source/timers.c.obj
 .text.prvTimerTask
                0x0800876c       0x26 CMakeFiles/sentry.dir/Middlewares/Third_Party/FreeRTOS/Source/timers.c.obj
 *fill*         0x08008792        0x2 
 .text.prvProcessTimerOrBlockTask
                0x08008794       0x9c CMakeFiles/sentry.dir/Middlewares/Third_Party/FreeRTOS/Source/timers.c.obj
 .text.prvGetNextExpireTime
                0x08008830       0x48 CMakeFiles/sentry.dir/Middlewares/Third_Party/FreeRTOS/Source/timers.c.obj
 .text.prvSampleTimeNow
                0x08008878       0x40 CMakeFiles/sentry.dir/Middlewares/Third_Party/FreeRTOS/Source/timers.c.obj
 .text.prvInsertTimerInActiveList
                0x080088b8       0x84 CMakeFiles/sentry.dir/Middlewares/Third_Party/FreeRTOS/Source/timers.c.obj
 .text.prvProcessReceivedCommands
                0x0800893c      0x1cc CMakeFiles/sentry.dir/Middlewares/Third_Party/FreeRTOS/Source/timers.c.obj
 .text.prvSwitchTimerLists
                0x08008b08       0xcc CMakeFiles/sentry.dir/Middlewares/Third_Party/FreeRTOS/Source/timers.c.obj
 .text.prvCheckForValidListAndQueue
                0x08008bd4       0x80 CMakeFiles/sentry.dir/Middlewares/Third_Party/FreeRTOS/Source/timers.c.obj
 .text.__NVIC_SetPriority
                0x08008c54       0x54 CMakeFiles/sentry.dir/Middlewares/Third_Party/FreeRTOS/Source/CMSIS_RTOS_V2/cmsis_os2.c.obj
 .text.SysTick_Handler
                0x08008ca8       0x20 CMakeFiles/sentry.dir/Middlewares/Third_Party/FreeRTOS/Source/CMSIS_RTOS_V2/cmsis_os2.c.obj
                0x08008ca8                SysTick_Handler
 .text.SVC_Setup
                0x08008cc8       0x12 CMakeFiles/sentry.dir/Middlewares/Third_Party/FreeRTOS/Source/CMSIS_RTOS_V2/cmsis_os2.c.obj
 *fill*         0x08008cda        0x2 
 .text.osKernelInitialize
                0x08008cdc       0x48 CMakeFiles/sentry.dir/Middlewares/Third_Party/FreeRTOS/Source/CMSIS_RTOS_V2/cmsis_os2.c.obj
                0x08008cdc                osKernelInitialize
 .text.osKernelStart
                0x08008d24       0x4c CMakeFiles/sentry.dir/Middlewares/Third_Party/FreeRTOS/Source/CMSIS_RTOS_V2/cmsis_os2.c.obj
                0x08008d24                osKernelStart
 .text.osThreadNew
                0x08008d70      0x124 CMakeFiles/sentry.dir/Middlewares/Third_Party/FreeRTOS/Source/CMSIS_RTOS_V2/cmsis_os2.c.obj
                0x08008d70                osThreadNew
 .text.osDelay  0x08008e94       0x36 CMakeFiles/sentry.dir/Middlewares/Third_Party/FreeRTOS/Source/CMSIS_RTOS_V2/cmsis_os2.c.obj
                0x08008e94                osDelay
 *fill*         0x08008eca        0x2 
 .text.vApplicationGetIdleTaskMemory
                0x08008ecc       0x34 CMakeFiles/sentry.dir/Middlewares/Third_Party/FreeRTOS/Source/CMSIS_RTOS_V2/cmsis_os2.c.obj
                0x08008ecc                vApplicationGetIdleTaskMemory
 .text.vApplicationGetTimerTaskMemory
                0x08008f00       0x34 CMakeFiles/sentry.dir/Middlewares/Third_Party/FreeRTOS/Source/CMSIS_RTOS_V2/cmsis_os2.c.obj
                0x08008f00                vApplicationGetTimerTaskMemory
 .text.pvPortMalloc
                0x08008f34      0x19c CMakeFiles/sentry.dir/Middlewares/Third_Party/FreeRTOS/Source/portable/MemMang/heap_4.c.obj
                0x08008f34                pvPortMalloc
 .text.vPortFree
                0x080090d0       0xc8 CMakeFiles/sentry.dir/Middlewares/Third_Party/FreeRTOS/Source/portable/MemMang/heap_4.c.obj
                0x080090d0                vPortFree
 .text.prvHeapInit
                0x08009198       0xc4 CMakeFiles/sentry.dir/Middlewares/Third_Party/FreeRTOS/Source/portable/MemMang/heap_4.c.obj
 .text.prvInsertBlockIntoFreeList
                0x0800925c       0xb4 CMakeFiles/sentry.dir/Middlewares/Third_Party/FreeRTOS/Source/portable/MemMang/heap_4.c.obj
 .text.pxPortInitialiseStack
                0x08009310       0x68 CMakeFiles/sentry.dir/Middlewares/Third_Party/FreeRTOS/Source/portable/GCC/ARM_CM4F/port.c.obj
                0x08009310                pxPortInitialiseStack
 .text.prvTaskExitError
                0x08009378       0x5c CMakeFiles/sentry.dir/Middlewares/Third_Party/FreeRTOS/Source/portable/GCC/ARM_CM4F/port.c.obj
 *fill*         0x080093d4        0xc 
 .text.SVC_Handler
                0x080093e0       0x28 CMakeFiles/sentry.dir/Middlewares/Third_Party/FreeRTOS/Source/portable/GCC/ARM_CM4F/port.c.obj
                0x080093e0                SVC_Handler
 .text.prvPortStartFirstTask
                0x08009408       0x28 CMakeFiles/sentry.dir/Middlewares/Third_Party/FreeRTOS/Source/portable/GCC/ARM_CM4F/port.c.obj
 .text.xPortStartScheduler
                0x08009430      0x148 CMakeFiles/sentry.dir/Middlewares/Third_Party/FreeRTOS/Source/portable/GCC/ARM_CM4F/port.c.obj
                0x08009430                xPortStartScheduler
 .text.vPortEnterCritical
                0x08009578       0x64 CMakeFiles/sentry.dir/Middlewares/Third_Party/FreeRTOS/Source/portable/GCC/ARM_CM4F/port.c.obj
                0x08009578                vPortEnterCritical
 .text.vPortExitCritical
                0x080095dc       0x54 CMakeFiles/sentry.dir/Middlewares/Third_Party/FreeRTOS/Source/portable/GCC/ARM_CM4F/port.c.obj
                0x080095dc                vPortExitCritical
 .text.PendSV_Handler
                0x08009630       0x68 CMakeFiles/sentry.dir/Middlewares/Third_Party/FreeRTOS/Source/portable/GCC/ARM_CM4F/port.c.obj
                0x08009630                PendSV_Handler
 .text.xPortSysTickHandler
                0x08009698       0x44 CMakeFiles/sentry.dir/Middlewares/Third_Party/FreeRTOS/Source/portable/GCC/ARM_CM4F/port.c.obj
                0x08009698                xPortSysTickHandler
 .text.vPortSetupTimerInterrupt
                0x080096dc       0x48 CMakeFiles/sentry.dir/Middlewares/Third_Party/FreeRTOS/Source/portable/GCC/ARM_CM4F/port.c.obj
                0x080096dc                vPortSetupTimerInterrupt
 .text.vPortEnableVFP
                0x08009724       0x14 CMakeFiles/sentry.dir/Middlewares/Third_Party/FreeRTOS/Source/portable/GCC/ARM_CM4F/port.c.obj
 .text.vPortValidateInterruptPriority
                0x08009738       0x84 CMakeFiles/sentry.dir/Middlewares/Third_Party/FreeRTOS/Source/portable/GCC/ARM_CM4F/port.c.obj
                0x08009738                vPortValidateInterruptPriority
 .text._sbrk    0x080097bc       0x6c CMakeFiles/sentry.dir/Core/Src/sysmem.c.obj
                0x080097bc                _sbrk
 .text.Reset_Handler
                0x08009828       0x50 CMakeFiles/sentry.dir/startup_stm32f407xx.s.obj
                0x08009828                Reset_Handler
 .text.Default_Handler
                0x08009878        0x2 CMakeFiles/sentry.dir/startup_stm32f407xx.s.obj
                0x08009878                RTC_Alarm_IRQHandler
                0x08009878                HASH_RNG_IRQHandler
                0x08009878                EXTI2_IRQHandler
                0x08009878                TIM8_CC_IRQHandler
                0x08009878                TIM1_CC_IRQHandler
                0x08009878                DMA2_Stream5_IRQHandler
                0x08009878                DMA1_Stream5_IRQHandler
                0x08009878                PVD_IRQHandler
                0x08009878                SDIO_IRQHandler
                0x08009878                TAMP_STAMP_IRQHandler
                0x08009878                EXTI3_IRQHandler
                0x08009878                TIM8_TRG_COM_TIM14_IRQHandler
                0x08009878                TIM1_UP_TIM10_IRQHandler
                0x08009878                TIM8_UP_TIM13_IRQHandler
                0x08009878                I2C3_ER_IRQHandler
                0x08009878                EXTI0_IRQHandler
                0x08009878                I2C2_EV_IRQHandler
                0x08009878                DMA1_Stream2_IRQHandler
                0x08009878                FPU_IRQHandler
                0x08009878                OTG_HS_WKUP_IRQHandler
                0x08009878                CAN2_SCE_IRQHandler
                0x08009878                DMA2_Stream2_IRQHandler
                0x08009878                SPI1_IRQHandler
                0x08009878                TIM6_DAC_IRQHandler
                0x08009878                TIM1_BRK_TIM9_IRQHandler
                0x08009878                DCMI_IRQHandler
                0x08009878                DMA2_Stream3_IRQHandler
                0x08009878                USART6_IRQHandler
                0x08009878                UART5_IRQHandler
                0x08009878                DMA2_Stream0_IRQHandler
                0x08009878                TIM4_IRQHandler
                0x08009878                I2C1_EV_IRQHandler
                0x08009878                DMA1_Stream6_IRQHandler
                0x08009878                UART4_IRQHandler
                0x08009878                TIM3_IRQHandler
                0x08009878                RCC_IRQHandler
                0x08009878                TIM8_BRK_TIM12_IRQHandler
                0x08009878                Default_Handler
                0x08009878                EXTI15_10_IRQHandler
                0x08009878                ADC_IRQHandler
                0x08009878                DMA1_Stream7_IRQHandler
                0x08009878                CAN2_TX_IRQHandler
                0x08009878                TIM5_IRQHandler
                0x08009878                I2C3_EV_IRQHandler
                0x08009878                EXTI9_5_IRQHandler
                0x08009878                RTC_WKUP_IRQHandler
                0x08009878                ETH_WKUP_IRQHandler
                0x08009878                SPI2_IRQHandler
                0x08009878                OTG_HS_EP1_IN_IRQHandler
                0x08009878                DMA1_Stream0_IRQHandler
                0x08009878                CAN1_TX_IRQHandler
                0x08009878                EXTI4_IRQHandler
                0x08009878                FSMC_IRQHandler
                0x08009878                ETH_IRQHandler
                0x08009878                OTG_HS_EP1_OUT_IRQHandler
                0x08009878                WWDG_IRQHandler
                0x08009878                TIM2_IRQHandler
                0x08009878                OTG_FS_WKUP_IRQHandler
                0x08009878                TIM1_TRG_COM_TIM11_IRQHandler
                0x08009878                OTG_HS_IRQHandler
                0x08009878                EXTI1_IRQHandler
                0x08009878                USART2_IRQHandler
                0x08009878                I2C2_ER_IRQHandler
                0x08009878                DMA2_Stream1_IRQHandler
                0x08009878                CAN1_SCE_IRQHandler
                0x08009878                FLASH_IRQHandler
                0x08009878                DMA2_Stream4_IRQHandler
                0x08009878                OTG_FS_IRQHandler
                0x08009878                SPI3_IRQHandler
                0x08009878                DMA1_Stream4_IRQHandler
                0x08009878                I2C1_ER_IRQHandler
                0x08009878                DMA2_Stream6_IRQHandler
                0x08009878                DMA1_Stream3_IRQHandler
 *fill*         0x0800987a        0x2 
 .text.__udivmoddi4
                0x0800987c      0x2bc /home/rmer/arm-none-eabi/bin/../lib/gcc/arm-none-eabi/13.3.1/thumb/v7e-m+fp/hard/libgcc.a(_udivmoddi4.o)
                0x0800987c                __udivmoddi4
 .text.__errno  0x08009b38        0xc /home/rmer/arm-none-eabi/bin/../lib/gcc/arm-none-eabi/13.3.1/../../../../arm-none-eabi/lib/thumb/v7e-m+fp/hard/libg_nano.a(libc_a-errno.o)
                0x08009b38                __errno
 .text.malloc   0x08009b44       0x10 /home/rmer/arm-none-eabi/bin/../lib/gcc/arm-none-eabi/13.3.1/../../../../arm-none-eabi/lib/thumb/v7e-m+fp/hard/libg_nano.a(libc_a-malloc.o)
                0x08009b44                malloc
 .text.memcpy   0x08009b54       0x1c /home/rmer/arm-none-eabi/bin/../lib/gcc/arm-none-eabi/13.3.1/../../../../arm-none-eabi/lib/thumb/v7e-m+fp/hard/libg_nano.a(libc_a-memcpy-stub.o)
                0x08009b54                memcpy
 *(.glue_7)
 .glue_7        0x08009b70        0x0 linker stubs
 *(.glue_7t)
 .glue_7t       0x08009b70        0x0 linker stubs
 *(.eh_frame)
 .eh_frame      0x08009b70        0x0 /home/rmer/arm-none-eabi/bin/../lib/gcc/arm-none-eabi/13.3.1/thumb/v7e-m+fp/hard/crtbegin.o
 *(.init)
 .init          0x08009b70        0x4 /home/rmer/arm-none-eabi/bin/../lib/gcc/arm-none-eabi/13.3.1/thumb/v7e-m+fp/hard/crti.o
                0x08009b70                _init
 .init          0x08009b74        0x8 /home/rmer/arm-none-eabi/bin/../lib/gcc/arm-none-eabi/13.3.1/thumb/v7e-m+fp/hard/crtn.o
 *(.fini)
 .fini          0x08009b7c        0x4 /home/rmer/arm-none-eabi/bin/../lib/gcc/arm-none-eabi/13.3.1/thumb/v7e-m+fp/hard/crti.o
                0x08009b7c                _fini
 .fini          0x08009b80        0x8 /home/rmer/arm-none-eabi/bin/../lib/gcc/arm-none-eabi/13.3.1/thumb/v7e-m+fp/hard/crtn.o
                0x08009b88                        . = ALIGN (0x4)
                0x08009b88                        _etext = .

.vfp11_veneer   0x08009b88        0x0
 .vfp11_veneer  0x08009b88        0x0 linker stubs

.v4_bx          0x08009b88        0x0
 .v4_bx         0x08009b88        0x0 linker stubs

.iplt           0x08009b88        0x0
 .iplt          0x08009b88        0x0 /home/rmer/arm-none-eabi/bin/../lib/gcc/arm-none-eabi/13.3.1/thumb/v7e-m+fp/hard/crtbegin.o

.rodata         0x08009b88       0x74
                0x08009b88                        . = ALIGN (0x4)
 *(.rodata)
 .rodata        0x08009b88        0xa CMakeFiles/sentry.dir/Application/robot.c.obj
 *fill*         0x08009b92        0x2 
 .rodata        0x08009b94        0xc CMakeFiles/sentry.dir/Core/Src/freertos.c.obj
 .rodata        0x08009ba0        0x5 CMakeFiles/sentry.dir/Middlewares/Third_Party/FreeRTOS/Source/tasks.c.obj
 *fill*         0x08009ba5        0x3 
 .rodata        0x08009ba8        0xd CMakeFiles/sentry.dir/Middlewares/Third_Party/FreeRTOS/Source/timers.c.obj
 *(.rodata*)
 *fill*         0x08009bb5        0x3 
 .rodata.defaultTask_attributes
                0x08009bb8       0x24 CMakeFiles/sentry.dir/Core/Src/freertos.c.obj
                0x08009bb8                defaultTask_attributes
 .rodata.flagBitshiftOffset.0
                0x08009bdc        0x8 CMakeFiles/sentry.dir/Drivers/STM32F4xx_HAL_Driver/Src/stm32f4xx_hal_dma.c.obj
 .rodata.AHBPrescTable
                0x08009be4       0x10 CMakeFiles/sentry.dir/Core/Src/system_stm32f4xx.c.obj
                0x08009be4                AHBPrescTable
 .rodata.APBPrescTable
                0x08009bf4        0x8 CMakeFiles/sentry.dir/Core/Src/system_stm32f4xx.c.obj
                0x08009bf4                APBPrescTable
                0x08009bfc                        . = ALIGN (0x4)

.ARM.extab
 *(.ARM.extab* .gnu.linkonce.armextab.*)

.ARM            0x08009bfc        0x8
                0x08009bfc                        __exidx_start = .
 *(.ARM.exidx*)
 .ARM.exidx.text.__udivmoddi4
                0x08009bfc        0x8 /home/rmer/arm-none-eabi/bin/../lib/gcc/arm-none-eabi/13.3.1/thumb/v7e-m+fp/hard/libgcc.a(_udivmoddi4.o)
                0x08009c04                        __exidx_end = .

.rel.dyn        0x08009c04        0x0
 .rel.iplt      0x08009c04        0x0 /home/rmer/arm-none-eabi/bin/../lib/gcc/arm-none-eabi/13.3.1/thumb/v7e-m+fp/hard/crtbegin.o

.preinit_array  0x08009c04        0x0
                0x08009c04                        PROVIDE (__preinit_array_start = .)
 *(.preinit_array*)
                0x08009c04                        PROVIDE (__preinit_array_end = .)

.init_array     0x08009c04        0x4
                0x08009c04                        PROVIDE (__init_array_start = .)
 *(SORT_BY_NAME(.init_array.*))
 *(.init_array*)
 .init_array    0x08009c04        0x4 /home/rmer/arm-none-eabi/bin/../lib/gcc/arm-none-eabi/13.3.1/thumb/v7e-m+fp/hard/crtbegin.o
                0x08009c08                        PROVIDE (__init_array_end = .)

.fini_array     0x08009c08        0x4
                [!provide]                        PROVIDE (__fini_array_start = .)
 *(SORT_BY_NAME(.fini_array.*))
 *(.fini_array*)
 .fini_array    0x08009c08        0x4 /home/rmer/arm-none-eabi/bin/../lib/gcc/arm-none-eabi/13.3.1/thumb/v7e-m+fp/hard/crtbegin.o
                [!provide]                        PROVIDE (__fini_array_end = .)
                0x08009c0c                        _sidata = LOADADDR (.data)

.data           0x20000000      0x1ec load address 0x08009c0c
                0x20000000                        . = ALIGN (0x4)
                0x20000000                        _sdata = .
 *(.data)
 *(.data*)
 .data._impure_ptr
                0x20000000        0x4 /home/rmer/arm-none-eabi/bin/../lib/gcc/arm-none-eabi/13.3.1/../../../../arm-none-eabi/lib/thumb/v7e-m+fp/hard/libc_nano.a(libc_a-impure.o)
                0x20000000                _impure_ptr
 .data._impure_data
                0x20000004       0x4c /home/rmer/arm-none-eabi/bin/../lib/gcc/arm-none-eabi/13.3.1/../../../../arm-none-eabi/lib/thumb/v7e-m+fp/hard/libc_nano.a(libc_a-impure.o)
                0x20000004                _impure_data
 .data.can2_filter_idx.3
                0x20000050        0x1 CMakeFiles/sentry.dir/Bsp/can/bsp_can.c.obj
 *fill*         0x20000051        0x3 
 .data.sender_assignment
                0x20000054      0x186 CMakeFiles/sentry.dir/Modules/motor/DJImotor/dji_motor.c.obj
 *fill*         0x200001da        0x2 
 .data.uwTickPrio
                0x200001dc        0x4 CMakeFiles/sentry.dir/Drivers/STM32F4xx_HAL_Driver/Src/stm32f4xx_hal.c.obj
                0x200001dc                uwTickPrio
 .data.uwTickFreq
                0x200001e0        0x1 CMakeFiles/sentry.dir/Drivers/STM32F4xx_HAL_Driver/Src/stm32f4xx_hal.c.obj
                0x200001e0                uwTickFreq
 *fill*         0x200001e1        0x3 
 .data.SystemCoreClock
                0x200001e4        0x4 CMakeFiles/sentry.dir/Core/Src/system_stm32f4xx.c.obj
                0x200001e4                SystemCoreClock
 .data.uxCriticalNesting
                0x200001e8        0x4 CMakeFiles/sentry.dir/Middlewares/Third_Party/FreeRTOS/Source/portable/GCC/ARM_CM4F/port.c.obj
                0x200001ec                        . = ALIGN (0x4)
                0x200001ec                        _edata = .
                0x08009df8                        _siccmram = LOADADDR (.ccmram)

.tm_clone_table
                0x200001ec        0x0 load address 0x08009df8
 .tm_clone_table
                0x200001ec        0x0 /home/rmer/arm-none-eabi/bin/../lib/gcc/arm-none-eabi/13.3.1/thumb/v7e-m+fp/hard/crtbegin.o
 .tm_clone_table
                0x200001ec        0x0 /home/rmer/arm-none-eabi/bin/../lib/gcc/arm-none-eabi/13.3.1/thumb/v7e-m+fp/hard/crtend.o

.igot.plt       0x200001ec        0x0 load address 0x08009df8
 .igot.plt      0x200001ec        0x0 /home/rmer/arm-none-eabi/bin/../lib/gcc/arm-none-eabi/13.3.1/thumb/v7e-m+fp/hard/crtbegin.o

.ccmram         0x10000000        0x0 load address 0x08009df8
                0x10000000                        . = ALIGN (0x4)
                0x10000000                        _sccmram = .
 *(.ccmram)
 *(.ccmram*)
                0x10000000                        . = ALIGN (0x4)
                0x10000000                        _eccmram = .
                0x10000000                        . = ALIGN (0x4)

.bss            0x200001f0     0x4e78
                0x200001f0                        _sbss = .
                0x200001f0                        __bss_start__ = _sbss
 *(.bss)
 *(.bss*)
 .bss.completed.1
                0x200001f0        0x1 /home/rmer/arm-none-eabi/bin/../lib/gcc/arm-none-eabi/13.3.1/thumb/v7e-m+fp/hard/crtbegin.o
 *fill*         0x200001f1        0x3 
 .bss.object.0  0x200001f4       0x18 /home/rmer/arm-none-eabi/bin/../lib/gcc/arm-none-eabi/13.3.1/thumb/v7e-m+fp/hard/crtbegin.o
 .bss.__sf      0x2000020c      0x138 /home/rmer/arm-none-eabi/bin/../lib/gcc/arm-none-eabi/13.3.1/../../../../arm-none-eabi/lib/thumb/v7e-m+fp/hard/libc_nano.a(libc_a-findfp.o)
                0x2000020c                __sf
 .bss.__lock___malloc_recursive_mutex
                0x20000344        0x1 /home/rmer/arm-none-eabi/bin/../lib/gcc/arm-none-eabi/13.3.1/../../../../arm-none-eabi/lib/thumb/v7e-m+fp/hard/libc_nano.a(libc_a-lock.o)
                0x20000344                __lock___malloc_recursive_mutex
 *fill*         0x20000345        0x3 
 .bss.__malloc_sbrk_start
                0x20000348        0x4 /home/rmer/arm-none-eabi/bin/../lib/gcc/arm-none-eabi/13.3.1/../../../../arm-none-eabi/lib/thumb/v7e-m+fp/hard/libc_nano.a(libc_a-mallocr.o)
                0x20000348                __malloc_sbrk_start
 .bss.__malloc_free_list
                0x2000034c        0x4 /home/rmer/arm-none-eabi/bin/../lib/gcc/arm-none-eabi/13.3.1/../../../../arm-none-eabi/lib/thumb/v7e-m+fp/hard/libc_nano.a(libc_a-mallocr.o)
                0x2000034c                __malloc_free_list
 .bss.errno     0x20000350        0x4 /home/rmer/arm-none-eabi/bin/../lib/gcc/arm-none-eabi/13.3.1/../../../../arm-none-eabi/lib/thumb/v7e-m+fp/hard/libc_nano.a(libc_a-reent.o)
                0x20000350                errno
 .bss.can_instance
                0x20000354       0x40 CMakeFiles/sentry.dir/Bsp/can/bsp_can.c.obj
 .bss.idx       0x20000394        0x1 CMakeFiles/sentry.dir/Bsp/can/bsp_can.c.obj
 .bss.can1_filter_idx.4
                0x20000395        0x1 CMakeFiles/sentry.dir/Bsp/can/bsp_can.c.obj
 *fill*         0x20000396        0x2 
 .bss.busy_count.2
                0x20000398        0x4 CMakeFiles/sentry.dir/Bsp/can/bsp_can.c.obj
 .bss.wait_time.1
                0x2000039c        0x4 CMakeFiles/sentry.dir/Bsp/can/bsp_can.c.obj
 .bss.rxconf.0  0x200003a0       0x1c CMakeFiles/sentry.dir/Bsp/can/bsp_can.c.obj
 .bss.SysTime   0x200003bc        0x8 CMakeFiles/sentry.dir/Bsp/dwt/bsp_dwt.c.obj
 .bss.CPU_FREQ_Hz
                0x200003c4        0x4 CMakeFiles/sentry.dir/Bsp/dwt/bsp_dwt.c.obj
 .bss.CPU_FREQ_Hz_ms
                0x200003c8        0x4 CMakeFiles/sentry.dir/Bsp/dwt/bsp_dwt.c.obj
 .bss.CPU_FREQ_Hz_us
                0x200003cc        0x4 CMakeFiles/sentry.dir/Bsp/dwt/bsp_dwt.c.obj
 .bss.CYCCNT_RountCount
                0x200003d0        0x4 CMakeFiles/sentry.dir/Bsp/dwt/bsp_dwt.c.obj
 .bss.CYCCNT_LAST
                0x200003d4        0x4 CMakeFiles/sentry.dir/Bsp/dwt/bsp_dwt.c.obj
 .bss.CYCCNT64  0x200003d8        0x8 CMakeFiles/sentry.dir/Bsp/dwt/bsp_dwt.c.obj
 .bss.bit_locker.3
                0x200003e0        0x1 CMakeFiles/sentry.dir/Bsp/dwt/bsp_dwt.c.obj
 *fill*         0x200003e1        0x7 
 .bss.CNT_TEMP1.2
                0x200003e8        0x8 CMakeFiles/sentry.dir/Bsp/dwt/bsp_dwt.c.obj
 .bss.CNT_TEMP2.1
                0x200003f0        0x8 CMakeFiles/sentry.dir/Bsp/dwt/bsp_dwt.c.obj
 .bss.CNT_TEMP3.0
                0x200003f8        0x8 CMakeFiles/sentry.dir/Bsp/dwt/bsp_dwt.c.obj
 .bss.idx       0x20000400        0x1 CMakeFiles/sentry.dir/Bsp/uart/bsp_usart.c.obj
 *fill*         0x20000401        0x3 
 .bss.usart_instance
                0x20000404        0xc CMakeFiles/sentry.dir/Bsp/uart/bsp_usart.c.obj
 .bss.angle     0x20000410        0x4 CMakeFiles/sentry.dir/Application/chassis/chassis.c.obj
                0x20000410                angle
 .bss.speed     0x20000414        0x4 CMakeFiles/sentry.dir/Application/chassis/chassis.c.obj
                0x20000414                speed
 .bss.First_GM6020_motor
                0x20000418        0x4 CMakeFiles/sentry.dir/Application/chassis/chassis.c.obj
 .bss.Second_GM6020_motor
                0x2000041c        0x4 CMakeFiles/sentry.dir/Application/chassis/chassis.c.obj
 .bss.Third_GM6020_motor
                0x20000420        0x4 CMakeFiles/sentry.dir/Application/chassis/chassis.c.obj
 .bss.Fourth_GM6020_motor
                0x20000424        0x4 CMakeFiles/sentry.dir/Application/chassis/chassis.c.obj
 .bss.First_M3508_motor
                0x20000428        0x4 CMakeFiles/sentry.dir/Application/chassis/chassis.c.obj
 .bss.Second_M3508_motor
                0x2000042c        0x4 CMakeFiles/sentry.dir/Application/chassis/chassis.c.obj
 .bss.Third_M3508_motor
                0x20000430        0x4 CMakeFiles/sentry.dir/Application/chassis/chassis.c.obj
 .bss.Fourth_M3508_motor
                0x20000434        0x4 CMakeFiles/sentry.dir/Application/chassis/chassis.c.obj
 .bss.rc_data   0x20000438        0x4 CMakeFiles/sentry.dir/Application/cmd/robot_cmd.c.obj
 .bss.robot_state
                0x2000043c        0x1 CMakeFiles/sentry.dir/Application/cmd/robot_cmd.c.obj
 *fill*         0x2000043d        0x3 
 .bss.robotTaskHandle
                0x20000440        0x4 CMakeFiles/sentry.dir/Application/robot.c.obj
                0x20000440                robotTaskHandle
 .bss.temp_Iout.1
                0x20000444        0x4 CMakeFiles/sentry.dir/Modules/algorithm/controller.c.obj
 .bss.temp_Output.0
                0x20000448        0x4 CMakeFiles/sentry.dir/Modules/algorithm/controller.c.obj
 .bss.idx       0x2000044c        0x1 CMakeFiles/sentry.dir/Modules/motor/DJImotor/dji_motor.c.obj
 *fill*         0x2000044d        0x3 
 .bss.dji_motor_instance
                0x20000450       0x30 CMakeFiles/sentry.dir/Modules/motor/DJImotor/dji_motor.c.obj
 .bss.sender_enable_flag
                0x20000480        0x6 CMakeFiles/sentry.dir/Modules/motor/DJImotor/dji_motor.c.obj
 *fill*         0x20000486        0x2 
 .bss.rc_ctrl   0x20000488       0x90 CMakeFiles/sentry.dir/Modules/remote/remote_control.c.obj
 .bss.rc_init_flag
                0x20000518        0x1 CMakeFiles/sentry.dir/Modules/remote/remote_control.c.obj
 *fill*         0x20000519        0x3 
 .bss.rc_usart_instance
                0x2000051c        0x4 CMakeFiles/sentry.dir/Modules/remote/remote_control.c.obj
 .bss.defaultTaskHandle
                0x20000520        0x4 CMakeFiles/sentry.dir/Core/Src/freertos.c.obj
                0x20000520                defaultTaskHandle
 .bss.hcan1     0x20000524       0x28 CMakeFiles/sentry.dir/Core/Src/can.c.obj
                0x20000524                hcan1
 .bss.hcan2     0x2000054c       0x28 CMakeFiles/sentry.dir/Core/Src/can.c.obj
                0x2000054c                hcan2
 .bss.HAL_RCC_CAN1_CLK_ENABLED
                0x20000574        0x4 CMakeFiles/sentry.dir/Core/Src/can.c.obj
 .bss.huart1    0x20000578       0x48 CMakeFiles/sentry.dir/Core/Src/usart.c.obj
                0x20000578                huart1
 .bss.huart3    0x200005c0       0x48 CMakeFiles/sentry.dir/Core/Src/usart.c.obj
                0x200005c0                huart3
 .bss.hdma_usart1_tx
                0x20000608       0x60 CMakeFiles/sentry.dir/Core/Src/usart.c.obj
                0x20000608                hdma_usart1_tx
 .bss.hdma_usart3_rx
                0x20000668       0x60 CMakeFiles/sentry.dir/Core/Src/usart.c.obj
                0x20000668                hdma_usart3_rx
 .bss.htim7     0x200006c8       0x48 CMakeFiles/sentry.dir/Core/Src/stm32f4xx_hal_timebase_tim.c.obj
                0x200006c8                htim7
 .bss.uwTick    0x20000710        0x4 CMakeFiles/sentry.dir/Drivers/STM32F4xx_HAL_Driver/Src/stm32f4xx_hal.c.obj
                0x20000710                uwTick
 .bss.xQueueRegistry
                0x20000714       0x40 CMakeFiles/sentry.dir/Middlewares/Third_Party/FreeRTOS/Source/queue.c.obj
                0x20000714                xQueueRegistry
 .bss.pxCurrentTCB
                0x20000754        0x4 CMakeFiles/sentry.dir/Middlewares/Third_Party/FreeRTOS/Source/tasks.c.obj
                0x20000754                pxCurrentTCB
 .bss.pxReadyTasksLists
                0x20000758      0x460 CMakeFiles/sentry.dir/Middlewares/Third_Party/FreeRTOS/Source/tasks.c.obj
 .bss.xDelayedTaskList1
                0x20000bb8       0x14 CMakeFiles/sentry.dir/Middlewares/Third_Party/FreeRTOS/Source/tasks.c.obj
 .bss.xDelayedTaskList2
                0x20000bcc       0x14 CMakeFiles/sentry.dir/Middlewares/Third_Party/FreeRTOS/Source/tasks.c.obj
 .bss.pxDelayedTaskList
                0x20000be0        0x4 CMakeFiles/sentry.dir/Middlewares/Third_Party/FreeRTOS/Source/tasks.c.obj
 .bss.pxOverflowDelayedTaskList
                0x20000be4        0x4 CMakeFiles/sentry.dir/Middlewares/Third_Party/FreeRTOS/Source/tasks.c.obj
 .bss.xPendingReadyList
                0x20000be8       0x14 CMakeFiles/sentry.dir/Middlewares/Third_Party/FreeRTOS/Source/tasks.c.obj
 .bss.xTasksWaitingTermination
                0x20000bfc       0x14 CMakeFiles/sentry.dir/Middlewares/Third_Party/FreeRTOS/Source/tasks.c.obj
 .bss.uxDeletedTasksWaitingCleanUp
                0x20000c10        0x4 CMakeFiles/sentry.dir/Middlewares/Third_Party/FreeRTOS/Source/tasks.c.obj
 .bss.xSuspendedTaskList
                0x20000c14       0x14 CMakeFiles/sentry.dir/Middlewares/Third_Party/FreeRTOS/Source/tasks.c.obj
 .bss.uxCurrentNumberOfTasks
                0x20000c28        0x4 CMakeFiles/sentry.dir/Middlewares/Third_Party/FreeRTOS/Source/tasks.c.obj
 .bss.xTickCount
                0x20000c2c        0x4 CMakeFiles/sentry.dir/Middlewares/Third_Party/FreeRTOS/Source/tasks.c.obj
 .bss.uxTopReadyPriority
                0x20000c30        0x4 CMakeFiles/sentry.dir/Middlewares/Third_Party/FreeRTOS/Source/tasks.c.obj
 .bss.xSchedulerRunning
                0x20000c34        0x4 CMakeFiles/sentry.dir/Middlewares/Third_Party/FreeRTOS/Source/tasks.c.obj
 .bss.xPendedTicks
                0x20000c38        0x4 CMakeFiles/sentry.dir/Middlewares/Third_Party/FreeRTOS/Source/tasks.c.obj
 .bss.xYieldPending
                0x20000c3c        0x4 CMakeFiles/sentry.dir/Middlewares/Third_Party/FreeRTOS/Source/tasks.c.obj
 .bss.xNumOfOverflows
                0x20000c40        0x4 CMakeFiles/sentry.dir/Middlewares/Third_Party/FreeRTOS/Source/tasks.c.obj
 .bss.uxTaskNumber
                0x20000c44        0x4 CMakeFiles/sentry.dir/Middlewares/Third_Party/FreeRTOS/Source/tasks.c.obj
 .bss.xNextTaskUnblockTime
                0x20000c48        0x4 CMakeFiles/sentry.dir/Middlewares/Third_Party/FreeRTOS/Source/tasks.c.obj
 .bss.xIdleTaskHandle
                0x20000c4c        0x4 CMakeFiles/sentry.dir/Middlewares/Third_Party/FreeRTOS/Source/tasks.c.obj
 .bss.uxSchedulerSuspended
                0x20000c50        0x4 CMakeFiles/sentry.dir/Middlewares/Third_Party/FreeRTOS/Source/tasks.c.obj
 .bss.xActiveTimerList1
                0x20000c54       0x14 CMakeFiles/sentry.dir/Middlewares/Third_Party/FreeRTOS/Source/timers.c.obj
 .bss.xActiveTimerList2
                0x20000c68       0x14 CMakeFiles/sentry.dir/Middlewares/Third_Party/FreeRTOS/Source/timers.c.obj
 .bss.pxCurrentTimerList
                0x20000c7c        0x4 CMakeFiles/sentry.dir/Middlewares/Third_Party/FreeRTOS/Source/timers.c.obj
 .bss.pxOverflowTimerList
                0x20000c80        0x4 CMakeFiles/sentry.dir/Middlewares/Third_Party/FreeRTOS/Source/timers.c.obj
 .bss.xTimerQueue
                0x20000c84        0x4 CMakeFiles/sentry.dir/Middlewares/Third_Party/FreeRTOS/Source/timers.c.obj
 .bss.xTimerTaskHandle
                0x20000c88        0x4 CMakeFiles/sentry.dir/Middlewares/Third_Party/FreeRTOS/Source/timers.c.obj
 .bss.xLastTime.2
                0x20000c8c        0x4 CMakeFiles/sentry.dir/Middlewares/Third_Party/FreeRTOS/Source/timers.c.obj
 .bss.ucStaticTimerQueueStorage.1
                0x20000c90       0xa0 CMakeFiles/sentry.dir/Middlewares/Third_Party/FreeRTOS/Source/timers.c.obj
 .bss.xStaticTimerQueue.0
                0x20000d30       0x50 CMakeFiles/sentry.dir/Middlewares/Third_Party/FreeRTOS/Source/timers.c.obj
 .bss.KernelState
                0x20000d80        0x4 CMakeFiles/sentry.dir/Middlewares/Third_Party/FreeRTOS/Source/CMSIS_RTOS_V2/cmsis_os2.c.obj
 .bss.Idle_TCB.3
                0x20000d84       0x5c CMakeFiles/sentry.dir/Middlewares/Third_Party/FreeRTOS/Source/CMSIS_RTOS_V2/cmsis_os2.c.obj
 .bss.Idle_Stack.2
                0x20000de0      0x200 CMakeFiles/sentry.dir/Middlewares/Third_Party/FreeRTOS/Source/CMSIS_RTOS_V2/cmsis_os2.c.obj
 .bss.Timer_TCB.1
                0x20000fe0       0x5c CMakeFiles/sentry.dir/Middlewares/Third_Party/FreeRTOS/Source/CMSIS_RTOS_V2/cmsis_os2.c.obj
 .bss.Timer_Stack.0
                0x2000103c      0x400 CMakeFiles/sentry.dir/Middlewares/Third_Party/FreeRTOS/Source/CMSIS_RTOS_V2/cmsis_os2.c.obj
 .bss.ucHeap    0x2000143c     0x3c00 CMakeFiles/sentry.dir/Middlewares/Third_Party/FreeRTOS/Source/portable/MemMang/heap_4.c.obj
 .bss.xStart    0x2000503c        0x8 CMakeFiles/sentry.dir/Middlewares/Third_Party/FreeRTOS/Source/portable/MemMang/heap_4.c.obj
 .bss.pxEnd     0x20005044        0x4 CMakeFiles/sentry.dir/Middlewares/Third_Party/FreeRTOS/Source/portable/MemMang/heap_4.c.obj
 .bss.xFreeBytesRemaining
                0x20005048        0x4 CMakeFiles/sentry.dir/Middlewares/Third_Party/FreeRTOS/Source/portable/MemMang/heap_4.c.obj
 .bss.xMinimumEverFreeBytesRemaining
                0x2000504c        0x4 CMakeFiles/sentry.dir/Middlewares/Third_Party/FreeRTOS/Source/portable/MemMang/heap_4.c.obj
 .bss.xNumberOfSuccessfulAllocations
                0x20005050        0x4 CMakeFiles/sentry.dir/Middlewares/Third_Party/FreeRTOS/Source/portable/MemMang/heap_4.c.obj
 .bss.xNumberOfSuccessfulFrees
                0x20005054        0x4 CMakeFiles/sentry.dir/Middlewares/Third_Party/FreeRTOS/Source/portable/MemMang/heap_4.c.obj
 .bss.xBlockAllocatedBit
                0x20005058        0x4 CMakeFiles/sentry.dir/Middlewares/Third_Party/FreeRTOS/Source/portable/MemMang/heap_4.c.obj
 .bss.ucMaxSysCallPriority
                0x2000505c        0x1 CMakeFiles/sentry.dir/Middlewares/Third_Party/FreeRTOS/Source/portable/GCC/ARM_CM4F/port.c.obj
 *fill*         0x2000505d        0x3 
 .bss.ulMaxPRIGROUPValue
                0x20005060        0x4 CMakeFiles/sentry.dir/Middlewares/Third_Party/FreeRTOS/Source/portable/GCC/ARM_CM4F/port.c.obj
 .bss.__sbrk_heap_end
                0x20005064        0x4 CMakeFiles/sentry.dir/Core/Src/sysmem.c.obj
 *(COMMON)
                0x20005068                        . = ALIGN (0x4)
                0x20005068                        _ebss = .
                0x20005068                        __bss_end__ = _ebss

._user_heap_stack
                0x20005068      0x600
                0x20005068                        . = ALIGN (0x8)
                [!provide]                        PROVIDE (end = .)
                0x20005068                        PROVIDE (_end = .)
                0x20005268                        . = (. + _Min_Heap_Size)
 *fill*         0x20005068      0x200 
                0x20005668                        . = (. + _Min_Stack_Size)
 *fill*         0x20005268      0x400 
                0x20005668                        . = ALIGN (0x8)

/DISCARD/
 libc.a(*)
 libm.a(*)
 libgcc.a(*)

.ARM.attributes
                0x00000000       0x30
 *(.ARM.attributes)
 .ARM.attributes
                0x00000000       0x22 /home/rmer/arm-none-eabi/bin/../lib/gcc/arm-none-eabi/13.3.1/thumb/v7e-m+fp/hard/crti.o
 .ARM.attributes
                0x00000022       0x34 /home/rmer/arm-none-eabi/bin/../lib/gcc/arm-none-eabi/13.3.1/thumb/v7e-m+fp/hard/crtbegin.o
 .ARM.attributes
                0x00000056       0x34 /home/rmer/arm-none-eabi/bin/../lib/gcc/arm-none-eabi/13.3.1/../../../../arm-none-eabi/lib/thumb/v7e-m+fp/hard/libc_nano.a(libc_a-init.o)
 .ARM.attributes
                0x0000008a       0x34 /home/rmer/arm-none-eabi/bin/../lib/gcc/arm-none-eabi/13.3.1/../../../../arm-none-eabi/lib/thumb/v7e-m+fp/hard/libc_nano.a(libc_a-memset.o)
 .ARM.attributes
                0x000000be       0x34 /home/rmer/arm-none-eabi/bin/../lib/gcc/arm-none-eabi/13.3.1/../../../../arm-none-eabi/lib/thumb/v7e-m+fp/hard/libc_nano.a(libc_a-findfp.o)
 .ARM.attributes
                0x000000f2       0x34 /home/rmer/arm-none-eabi/bin/../lib/gcc/arm-none-eabi/13.3.1/../../../../arm-none-eabi/lib/thumb/v7e-m+fp/hard/libc_nano.a(libc_a-lock.o)
 .ARM.attributes
                0x00000126       0x34 /home/rmer/arm-none-eabi/bin/../lib/gcc/arm-none-eabi/13.3.1/../../../../arm-none-eabi/lib/thumb/v7e-m+fp/hard/libc_nano.a(libc_a-mallocr.o)
 .ARM.attributes
                0x0000015a       0x34 /home/rmer/arm-none-eabi/bin/../lib/gcc/arm-none-eabi/13.3.1/../../../../arm-none-eabi/lib/thumb/v7e-m+fp/hard/libc_nano.a(libc_a-reent.o)
 .ARM.attributes
                0x0000018e       0x34 /home/rmer/arm-none-eabi/bin/../lib/gcc/arm-none-eabi/13.3.1/../../../../arm-none-eabi/lib/thumb/v7e-m+fp/hard/libc_nano.a(libc_a-impure.o)
 .ARM.attributes
                0x000001c2       0x34 /home/rmer/arm-none-eabi/bin/../lib/gcc/arm-none-eabi/13.3.1/../../../../arm-none-eabi/lib/thumb/v7e-m+fp/hard/libc_nano.a(libc_a-mlock.o)
 .ARM.attributes
                0x000001f6       0x34 /home/rmer/arm-none-eabi/bin/../lib/gcc/arm-none-eabi/13.3.1/../../../../arm-none-eabi/lib/thumb/v7e-m+fp/hard/libc_nano.a(libc_a-sbrkr.o)
 .ARM.attributes
                0x0000022a       0x34 CMakeFiles/sentry.dir/Bsp/can/bsp_can.c.obj
 .ARM.attributes
                0x0000025e       0x34 CMakeFiles/sentry.dir/Bsp/dwt/bsp_dwt.c.obj
 .ARM.attributes
                0x00000292       0x34 CMakeFiles/sentry.dir/Bsp/uart/bsp_usart.c.obj
 .ARM.attributes
                0x000002c6       0x34 CMakeFiles/sentry.dir/Application/chassis/chassis.c.obj
 .ARM.attributes
                0x000002fa       0x34 CMakeFiles/sentry.dir/Application/cmd/robot_cmd.c.obj
 .ARM.attributes
                0x0000032e       0x34 CMakeFiles/sentry.dir/Application/robot.c.obj
 .ARM.attributes
                0x00000362       0x34 CMakeFiles/sentry.dir/Modules/algorithm/controller.c.obj
 .ARM.attributes
                0x00000396       0x34 CMakeFiles/sentry.dir/Modules/motor/DJImotor/dji_motor.c.obj
 .ARM.attributes
                0x000003ca       0x34 CMakeFiles/sentry.dir/Modules/remote/remote_control.c.obj
 .ARM.attributes
                0x000003fe       0x34 CMakeFiles/sentry.dir/Core/Src/main.c.obj
 .ARM.attributes
                0x00000432       0x34 CMakeFiles/sentry.dir/Core/Src/gpio.c.obj
 .ARM.attributes
                0x00000466       0x34 CMakeFiles/sentry.dir/Core/Src/freertos.c.obj
 .ARM.attributes
                0x0000049a       0x34 CMakeFiles/sentry.dir/Core/Src/can.c.obj
 .ARM.attributes
                0x000004ce       0x34 CMakeFiles/sentry.dir/Core/Src/dma.c.obj
 .ARM.attributes
                0x00000502       0x34 CMakeFiles/sentry.dir/Core/Src/usart.c.obj
 .ARM.attributes
                0x00000536       0x34 CMakeFiles/sentry.dir/Core/Src/stm32f4xx_it.c.obj
 .ARM.attributes
                0x0000056a       0x34 CMakeFiles/sentry.dir/Core/Src/stm32f4xx_hal_msp.c.obj
 .ARM.attributes
                0x0000059e       0x34 CMakeFiles/sentry.dir/Core/Src/stm32f4xx_hal_timebase_tim.c.obj
 .ARM.attributes
                0x000005d2       0x34 CMakeFiles/sentry.dir/Drivers/STM32F4xx_HAL_Driver/Src/stm32f4xx_hal_can.c.obj
 .ARM.attributes
                0x00000606       0x34 CMakeFiles/sentry.dir/Drivers/STM32F4xx_HAL_Driver/Src/stm32f4xx_hal_rcc.c.obj
 .ARM.attributes
                0x0000063a       0x34 CMakeFiles/sentry.dir/Drivers/STM32F4xx_HAL_Driver/Src/stm32f4xx_hal_gpio.c.obj
 .ARM.attributes
                0x0000066e       0x34 CMakeFiles/sentry.dir/Drivers/STM32F4xx_HAL_Driver/Src/stm32f4xx_hal_dma.c.obj
 .ARM.attributes
                0x000006a2       0x34 CMakeFiles/sentry.dir/Drivers/STM32F4xx_HAL_Driver/Src/stm32f4xx_hal_cortex.c.obj
 .ARM.attributes
                0x000006d6       0x34 CMakeFiles/sentry.dir/Drivers/STM32F4xx_HAL_Driver/Src/stm32f4xx_hal.c.obj
 .ARM.attributes
                0x0000070a       0x34 CMakeFiles/sentry.dir/Drivers/STM32F4xx_HAL_Driver/Src/stm32f4xx_hal_tim.c.obj
 .ARM.attributes
                0x0000073e       0x34 CMakeFiles/sentry.dir/Drivers/STM32F4xx_HAL_Driver/Src/stm32f4xx_hal_tim_ex.c.obj
 .ARM.attributes
                0x00000772       0x34 CMakeFiles/sentry.dir/Drivers/STM32F4xx_HAL_Driver/Src/stm32f4xx_hal_uart.c.obj
 .ARM.attributes
                0x000007a6       0x34 CMakeFiles/sentry.dir/Core/Src/system_stm32f4xx.c.obj
 .ARM.attributes
                0x000007da       0x34 CMakeFiles/sentry.dir/Middlewares/Third_Party/FreeRTOS/Source/list.c.obj
 .ARM.attributes
                0x0000080e       0x34 CMakeFiles/sentry.dir/Middlewares/Third_Party/FreeRTOS/Source/queue.c.obj
 .ARM.attributes
                0x00000842       0x34 CMakeFiles/sentry.dir/Middlewares/Third_Party/FreeRTOS/Source/tasks.c.obj
 .ARM.attributes
                0x00000876       0x34 CMakeFiles/sentry.dir/Middlewares/Third_Party/FreeRTOS/Source/timers.c.obj
 .ARM.attributes
                0x000008aa       0x34 CMakeFiles/sentry.dir/Middlewares/Third_Party/FreeRTOS/Source/CMSIS_RTOS_V2/cmsis_os2.c.obj
 .ARM.attributes
                0x000008de       0x34 CMakeFiles/sentry.dir/Middlewares/Third_Party/FreeRTOS/Source/portable/MemMang/heap_4.c.obj
 .ARM.attributes
                0x00000912       0x34 CMakeFiles/sentry.dir/Middlewares/Third_Party/FreeRTOS/Source/portable/GCC/ARM_CM4F/port.c.obj
 .ARM.attributes
                0x00000946       0x34 CMakeFiles/sentry.dir/Core/Src/sysmem.c.obj
 .ARM.attributes
                0x0000097a       0x21 CMakeFiles/sentry.dir/startup_stm32f407xx.s.obj
 .ARM.attributes
                0x0000099b       0x22 /home/rmer/arm-none-eabi/bin/../lib/gcc/arm-none-eabi/13.3.1/thumb/v7e-m+fp/hard/libgcc.a(_aeabi_uldivmod.o)
 .ARM.attributes
                0x000009bd       0x34 /home/rmer/arm-none-eabi/bin/../lib/gcc/arm-none-eabi/13.3.1/thumb/v7e-m+fp/hard/libgcc.a(_udivmoddi4.o)
 .ARM.attributes
                0x000009f1       0x22 /home/rmer/arm-none-eabi/bin/../lib/gcc/arm-none-eabi/13.3.1/thumb/v7e-m+fp/hard/libgcc.a(_dvmd_tls.o)
 .ARM.attributes
                0x00000a13       0x34 /home/rmer/arm-none-eabi/bin/../lib/gcc/arm-none-eabi/13.3.1/../../../../arm-none-eabi/lib/thumb/v7e-m+fp/hard/libg_nano.a(libc_a-errno.o)
 .ARM.attributes
                0x00000a47       0x34 /home/rmer/arm-none-eabi/bin/../lib/gcc/arm-none-eabi/13.3.1/../../../../arm-none-eabi/lib/thumb/v7e-m+fp/hard/libg_nano.a(libc_a-malloc.o)
 .ARM.attributes
                0x00000a7b       0x34 /home/rmer/arm-none-eabi/bin/../lib/gcc/arm-none-eabi/13.3.1/../../../../arm-none-eabi/lib/thumb/v7e-m+fp/hard/libg_nano.a(libc_a-memcpy-stub.o)
 .ARM.attributes
                0x00000aaf       0x34 /home/rmer/arm-none-eabi/bin/../lib/gcc/arm-none-eabi/13.3.1/thumb/v7e-m+fp/hard/crtend.o
 .ARM.attributes
                0x00000ae3       0x22 /home/rmer/arm-none-eabi/bin/../lib/gcc/arm-none-eabi/13.3.1/thumb/v7e-m+fp/hard/crtn.o
OUTPUT(sentry.elf elf32-littlearm)
LOAD linker stubs
LOAD /home/rmer/arm-none-eabi/bin/../lib/gcc/arm-none-eabi/13.3.1/../../../../arm-none-eabi/lib/thumb/v7e-m+fp/hard/libc.a
LOAD /home/rmer/arm-none-eabi/bin/../lib/gcc/arm-none-eabi/13.3.1/../../../../arm-none-eabi/lib/thumb/v7e-m+fp/hard/libm.a
LOAD /home/rmer/arm-none-eabi/bin/../lib/gcc/arm-none-eabi/13.3.1/thumb/v7e-m+fp/hard/libgcc.a

.debug_frame    0x00000000     0x698c
 .debug_frame   0x00000000       0x2c /home/rmer/arm-none-eabi/bin/../lib/gcc/arm-none-eabi/13.3.1/../../../../arm-none-eabi/lib/thumb/v7e-m+fp/hard/libc_nano.a(libc_a-init.o)
 .debug_frame   0x0000002c       0x20 /home/rmer/arm-none-eabi/bin/../lib/gcc/arm-none-eabi/13.3.1/../../../../arm-none-eabi/lib/thumb/v7e-m+fp/hard/libc_nano.a(libc_a-memset.o)
 .debug_frame   0x0000004c      0x144 /home/rmer/arm-none-eabi/bin/../lib/gcc/arm-none-eabi/13.3.1/../../../../arm-none-eabi/lib/thumb/v7e-m+fp/hard/libc_nano.a(libc_a-findfp.o)
 .debug_frame   0x00000190       0xb0 /home/rmer/arm-none-eabi/bin/../lib/gcc/arm-none-eabi/13.3.1/../../../../arm-none-eabi/lib/thumb/v7e-m+fp/hard/libc_nano.a(libc_a-lock.o)
 .debug_frame   0x00000240       0x50 /home/rmer/arm-none-eabi/bin/../lib/gcc/arm-none-eabi/13.3.1/../../../../arm-none-eabi/lib/thumb/v7e-m+fp/hard/libc_nano.a(libc_a-mallocr.o)
 .debug_frame   0x00000290       0x38 /home/rmer/arm-none-eabi/bin/../lib/gcc/arm-none-eabi/13.3.1/../../../../arm-none-eabi/lib/thumb/v7e-m+fp/hard/libc_nano.a(libc_a-reent.o)
 .debug_frame   0x000002c8       0x30 /home/rmer/arm-none-eabi/bin/../lib/gcc/arm-none-eabi/13.3.1/../../../../arm-none-eabi/lib/thumb/v7e-m+fp/hard/libc_nano.a(libc_a-mlock.o)
 .debug_frame   0x000002f8       0x2c /home/rmer/arm-none-eabi/bin/../lib/gcc/arm-none-eabi/13.3.1/../../../../arm-none-eabi/lib/thumb/v7e-m+fp/hard/libc_nano.a(libc_a-sbrkr.o)
 .debug_frame   0x00000324      0x12c CMakeFiles/sentry.dir/Bsp/can/bsp_can.c.obj
 .debug_frame   0x00000450      0x174 CMakeFiles/sentry.dir/Bsp/dwt/bsp_dwt.c.obj
 .debug_frame   0x000005c4       0xec CMakeFiles/sentry.dir/Bsp/uart/bsp_usart.c.obj
 .debug_frame   0x000006b0       0x74 CMakeFiles/sentry.dir/Application/chassis/chassis.c.obj
 .debug_frame   0x00000724       0x4c CMakeFiles/sentry.dir/Application/cmd/robot_cmd.c.obj
 .debug_frame   0x00000770       0x8c CMakeFiles/sentry.dir/Application/robot.c.obj
 .debug_frame   0x000007fc      0x1a0 CMakeFiles/sentry.dir/Modules/algorithm/controller.c.obj
 .debug_frame   0x0000099c      0x194 CMakeFiles/sentry.dir/Modules/motor/DJImotor/dji_motor.c.obj
 .debug_frame   0x00000b30       0xe4 CMakeFiles/sentry.dir/Modules/remote/remote_control.c.obj
 .debug_frame   0x00000c14       0x8c CMakeFiles/sentry.dir/Core/Src/main.c.obj
 .debug_frame   0x00000ca0       0x38 CMakeFiles/sentry.dir/Core/Src/gpio.c.obj
 .debug_frame   0x00000cd8       0x4c CMakeFiles/sentry.dir/Core/Src/freertos.c.obj
 .debug_frame   0x00000d24       0x90 CMakeFiles/sentry.dir/Core/Src/can.c.obj
 .debug_frame   0x00000db4       0x34 CMakeFiles/sentry.dir/Core/Src/dma.c.obj
 .debug_frame   0x00000de8       0x90 CMakeFiles/sentry.dir/Core/Src/usart.c.obj
 .debug_frame   0x00000e78      0x1a4 CMakeFiles/sentry.dir/Core/Src/stm32f4xx_it.c.obj
 .debug_frame   0x0000101c       0x34 CMakeFiles/sentry.dir/Core/Src/stm32f4xx_hal_msp.c.obj
 .debug_frame   0x00001050       0x74 CMakeFiles/sentry.dir/Core/Src/stm32f4xx_hal_timebase_tim.c.obj
 .debug_frame   0x000010c4      0x5a0 CMakeFiles/sentry.dir/Drivers/STM32F4xx_HAL_Driver/Src/stm32f4xx_hal_can.c.obj
 .debug_frame   0x00001664      0x1f4 CMakeFiles/sentry.dir/Drivers/STM32F4xx_HAL_Driver/Src/stm32f4xx_hal_rcc.c.obj
 .debug_frame   0x00001858      0x14c CMakeFiles/sentry.dir/Drivers/STM32F4xx_HAL_Driver/Src/stm32f4xx_hal_gpio.c.obj
 .debug_frame   0x000019a4      0x250 CMakeFiles/sentry.dir/Drivers/STM32F4xx_HAL_Driver/Src/stm32f4xx_hal_dma.c.obj
 .debug_frame   0x00001bf4      0x508 CMakeFiles/sentry.dir/Drivers/STM32F4xx_HAL_Driver/Src/stm32f4xx_hal_cortex.c.obj
 .debug_frame   0x000020fc      0x374 CMakeFiles/sentry.dir/Drivers/STM32F4xx_HAL_Driver/Src/stm32f4xx_hal.c.obj
 .debug_frame   0x00002470     0x11c0 CMakeFiles/sentry.dir/Drivers/STM32F4xx_HAL_Driver/Src/stm32f4xx_hal_tim.c.obj
 .debug_frame   0x00003630      0x638 CMakeFiles/sentry.dir/Drivers/STM32F4xx_HAL_Driver/Src/stm32f4xx_hal_tim_ex.c.obj
 .debug_frame   0x00003c68      0x954 CMakeFiles/sentry.dir/Drivers/STM32F4xx_HAL_Driver/Src/stm32f4xx_hal_uart.c.obj
 .debug_frame   0x000045bc       0x58 CMakeFiles/sentry.dir/Core/Src/system_stm32f4xx.c.obj
 .debug_frame   0x00004614       0xd8 CMakeFiles/sentry.dir/Middlewares/Third_Party/FreeRTOS/Source/list.c.obj
 .debug_frame   0x000046ec      0x5ec CMakeFiles/sentry.dir/Middlewares/Third_Party/FreeRTOS/Source/queue.c.obj
 .debug_frame   0x00004cd8      0x8f0 CMakeFiles/sentry.dir/Middlewares/Third_Party/FreeRTOS/Source/tasks.c.obj
 .debug_frame   0x000055c8      0x400 CMakeFiles/sentry.dir/Middlewares/Third_Party/FreeRTOS/Source/timers.c.obj
 .debug_frame   0x000059c8      0xbe4 CMakeFiles/sentry.dir/Middlewares/Third_Party/FreeRTOS/Source/CMSIS_RTOS_V2/cmsis_os2.c.obj
 .debug_frame   0x000065ac      0x12c CMakeFiles/sentry.dir/Middlewares/Third_Party/FreeRTOS/Source/portable/MemMang/heap_4.c.obj
 .debug_frame   0x000066d8      0x1a8 CMakeFiles/sentry.dir/Middlewares/Third_Party/FreeRTOS/Source/portable/GCC/ARM_CM4F/port.c.obj
 .debug_frame   0x00006880       0x34 CMakeFiles/sentry.dir/Core/Src/sysmem.c.obj
 .debug_frame   0x000068b4       0x2c /home/rmer/arm-none-eabi/bin/../lib/gcc/arm-none-eabi/13.3.1/thumb/v7e-m+fp/hard/libgcc.a(_aeabi_uldivmod.o)
 .debug_frame   0x000068e0       0x34 /home/rmer/arm-none-eabi/bin/../lib/gcc/arm-none-eabi/13.3.1/thumb/v7e-m+fp/hard/libgcc.a(_udivmoddi4.o)
 .debug_frame   0x00006914       0x20 /home/rmer/arm-none-eabi/bin/../lib/gcc/arm-none-eabi/13.3.1/../../../../arm-none-eabi/lib/thumb/v7e-m+fp/hard/libg_nano.a(libc_a-errno.o)
 .debug_frame   0x00006934       0x30 /home/rmer/arm-none-eabi/bin/../lib/gcc/arm-none-eabi/13.3.1/../../../../arm-none-eabi/lib/thumb/v7e-m+fp/hard/libg_nano.a(libc_a-malloc.o)
 .debug_frame   0x00006964       0x28 /home/rmer/arm-none-eabi/bin/../lib/gcc/arm-none-eabi/13.3.1/../../../../arm-none-eabi/lib/thumb/v7e-m+fp/hard/libg_nano.a(libc_a-memcpy-stub.o)

.debug_info     0x00000000    0x1ee57
 .debug_info    0x00000000      0xaea CMakeFiles/sentry.dir/Bsp/can/bsp_can.c.obj
 .debug_info    0x00000aea      0x51c CMakeFiles/sentry.dir/Bsp/dwt/bsp_dwt.c.obj
 .debug_info    0x00001006      0x8f7 CMakeFiles/sentry.dir/Bsp/uart/bsp_usart.c.obj
 .debug_info    0x000018fd      0xfc5 CMakeFiles/sentry.dir/Application/chassis/chassis.c.obj
 .debug_info    0x000028c2      0x801 CMakeFiles/sentry.dir/Application/cmd/robot_cmd.c.obj
 .debug_info    0x000030c3      0x428 CMakeFiles/sentry.dir/Application/robot.c.obj
 .debug_info    0x000034eb      0x56c CMakeFiles/sentry.dir/Modules/algorithm/controller.c.obj
 .debug_info    0x00003a57     0x11f5 CMakeFiles/sentry.dir/Modules/motor/DJImotor/dji_motor.c.obj
 .debug_info    0x00004c4c      0x9fc CMakeFiles/sentry.dir/Modules/remote/remote_control.c.obj
 .debug_info    0x00005648      0xb4d CMakeFiles/sentry.dir/Core/Src/main.c.obj
 .debug_info    0x00006195      0x2ba CMakeFiles/sentry.dir/Core/Src/gpio.c.obj
 .debug_info    0x0000644f      0x38d CMakeFiles/sentry.dir/Core/Src/freertos.c.obj
 .debug_info    0x000067dc      0xb40 CMakeFiles/sentry.dir/Core/Src/can.c.obj